 capldll

 Timestamp is 6756f36a (Mon Dec  9 21:40:58 2024)

 Preferred load address is 10000000

 Start         Length     Name                   Class
 0001:00000000 00000060H .text$di                CODE
 0001:00000060 0007f450H .text$mn                CODE
 0001:0007f4b0 00000490H .text$x                 CODE
 0001:0007f940 0000002fH .text$yd                CODE
 0002:00000000 00000154H .idata$5                DATA
 0002:00000154 00000008H .00cfg                  DATA
 0002:0000015c 00000004H .CRT$XCA                DATA
 0002:00000160 00000004H .CRT$XCC                DATA
 0002:00000164 00000008H .CRT$XCU                DATA
 0002:0000016c 00000004H .CRT$XCZ                DATA
 0002:00000170 00000004H .CRT$XIA                DATA
 0002:00000174 0000000cH .CRT$XIC                DATA
 0002:00000180 00000004H .CRT$XIZ                DATA
 0002:00000184 00000004H .CRT$XPA                DATA
 0002:00000188 00000008H .CRT$XPX                DATA
 0002:00000190 00000004H .CRT$XPXA               DATA
 0002:00000194 00000004H .CRT$XPZ                DATA
 0002:00000198 00000004H .CRT$XTA                DATA
 0002:0000019c 00000004H .CRT$XTZ                DATA
 0002:000001a0 00000000H .gfids$y                DATA
 0002:000001a0 00021b20H .rdata                  DATA
 0002:00021cc0 00000004H .rdata$CastGuardVftablesA DATA
 0002:00021cc4 00000004H .rdata$CastGuardVftablesC DATA
 0002:00021cc8 000005b0H .rdata$r                DATA
 0002:00022278 00000088H .rdata$sxdata           DATA
 0002:00022300 000000b4H .rdata$voltmd           DATA
 0002:000223b4 000003c0H .rdata$zzzdbg           DATA
 0002:00022774 00000004H .rtc$IAA                DATA
 0002:00022778 00000004H .rtc$IZZ                DATA
 0002:0002277c 00000004H .rtc$TAA                DATA
 0002:00022780 00000008H .rtc$TZZ                DATA
 0002:00022788 00001198H .xdata$x                DATA
 0002:00023920 000000f8H .edata                  DATA
 0002:00023a18 00000014H .idata$2                DATA
 0002:00023a2c 00000014H .idata$3                DATA
 0002:00023a40 00000154H .idata$4                DATA
 0002:00023b94 00000642H .idata$6                DATA
 0003:00000000 00001240H .data                   DATA
 0003:00001240 0000018cH .data$r                 DATA
 0003:000013cc 000000b4H .data$rs                DATA
 0003:00001480 000020b4H .bss                    DATA
 0004:00000000 00000060H .rsrc$01                DATA
 0004:00000060 00000180H .rsrc$02                DATA

  Address         Publics by Value              Rva+Base       Lib:Object

 0000:00000000       ___guard_fids_table        00000000     <absolute>
 0000:00000000       ___enclave_config          00000000     <absolute>
 0000:00000000       ___guard_check_icall_a64n_fptr 00000000     <absolute>
 0000:00000000       ___x64_code_ranges_to_entry_points_count 00000000     <absolute>
 0000:00000000       ___hybrid_code_map         00000000     <absolute>
 0000:00000000       ___guard_iat_count         00000000     <absolute>
 0000:00000000       ___guard_fids_count        00000000     <absolute>
 0000:00000000       ___AbsoluteZero            00000000     <absolute>
 0000:00000000       ___hybrid_code_map_count   00000000     <absolute>
 0000:00000000       ___guard_eh_cont_count     00000000     <absolute>
 0000:00000000       ___dynamic_value_reloc_table 00000000     <absolute>
 0000:00000000       ___guard_longjmp_table     00000000     <absolute>
 0000:00000000       ___hybrid_auxiliary_iat    00000000     <absolute>
 0000:00000000       ___arm64x_extra_rfe_table_size 00000000     <absolute>
 0000:00000000       ___arm64x_native_entrypoint 00000000     <absolute>
 0000:00000000       ___arm64x_redirection_metadata_count 00000000     <absolute>
 0000:00000000       ___guard_iat_table         00000000     <absolute>
 0000:00000000       __except_list              00000000     <absolute>
 0000:00000000       ___guard_longjmp_count     00000000     <absolute>
 0000:00000000       ___guard_eh_cont_table     00000000     <absolute>
 0000:00000000       ___arm64x_extra_rfe_table  00000000     <absolute>
 0000:00000000       ___x64_code_ranges_to_entry_points 00000000     <absolute>
 0000:00000000       ___arm64x_redirection_metadata 00000000     <absolute>
 0000:00000000       ___hybrid_auxiliary_iat_copy 00000000     <absolute>
 0000:00000022       ___safe_se_handler_count   00000022     <absolute>
 0000:00000100       ___guard_flags             00000100     <absolute>
 0000:00000000       ___ImageBase               10000000     <linker-defined>
 0001:00000060       _VIARegisterCDLL@4         10001060 f   capldll.obj
 0001:000000b0       ??0CaplInstanceData@@QAE@PAVVIACapl@@@Z 100010b0 f   capldll.obj
 0001:00000100       ?GetCallbackFunctions@CaplInstanceData@@QAEXXZ 10001100 f   capldll.obj
 0001:000001b0       ?ReleaseCallbackFunctions@CaplInstanceData@@QAEXXZ 100011b0 f   capldll.obj
 0001:00000280       ?ShowValue@CaplInstanceData@@QAEII@Z 10001280 f   capldll.obj
 0001:000002d0       ?ShowDates@CaplInstanceData@@QAEIFIF@Z 100012d0 f   capldll.obj
 0001:00000360       ?DllInfo@CaplInstanceData@@QAEXPBD@Z 10001360 f   capldll.obj
 0001:000003f0       ?ArrayValues@CaplInstanceData@@QAEXIIQAEE@Z 100013f0 f   capldll.obj
 0001:00000490       ?DllVersion@CaplInstanceData@@QAEXPBD@Z 10001490 f   capldll.obj
 0001:00000650       ?GetCaplInstanceData@@YAPAVCaplInstanceData@@I@Z 10001650 f   capldll.obj
 0001:000006e0       ?appInit@@YGXI@Z           100016e0 f   capldll.obj
 0001:00000840       ?appEnd@@YGXI@Z            10001840 f   capldll.obj
 0001:000008a0       ?appSetValue@@YGHIH@Z      100018a0 f   capldll.obj
 0001:000008d0       ?appReadData@@YGHIH@Z      100018d0 f   capldll.obj
 0001:000009c0       ?ClearAll@@YAXXZ           100019c0 f   capldll.obj
 0001:00000b00       ??$?0$$V@?$_Compressed_pair@V?$allocator@U?$_Tree_node@U?$pair@$$CBIPAVCaplInstanceData@@@std@@PAX@std@@@std@@V?$_Tree_val@U?$_Tree_simple_types@U?$pair@$$CBIPAVCaplInstanceData@@@std@@@std@@@2@$00@std@@QAE@U_Zero_then_variadic_args_t@1@@Z 10001b00 f i capldll.obj
 0001:00000b20       ??$?0$$V@?$_Compressed_pair@V?$allocator@U?$_Tree_node@U?$pair@$$CBIPAVVIACapl@@@std@@PAX@std@@@std@@V?$_Tree_val@U?$_Tree_simple_types@U?$pair@$$CBIPAVVIACapl@@@std@@@std@@@2@$00@std@@QAE@U_Zero_then_variadic_args_t@1@@Z 10001b20 f i capldll.obj
 0001:00000b40       ??$?0AAPAU?$_Tree_node@U?$pair@$$CBIPAVCaplInstanceData@@@std@@PAX@std@@AAPAU01@$0A@@?$pair@PAU?$_Tree_node@U?$pair@$$CBIPAVCaplInstanceData@@@std@@PAX@std@@PAU12@@std@@QAE@AAPAU?$_Tree_node@U?$pair@$$CBIPAVCaplInstanceData@@@std@@PAX@1@0@Z 10001b40 f i capldll.obj
 0001:00000b80       ??$?0ABI$$Z$$V@?$pair@$$CBIPAVCaplInstanceData@@@std@@QAE@Upiecewise_construct_t@1@V?$tuple@ABI@1@V?$tuple@$$V@1@@Z 10001b80 f i capldll.obj
 0001:00000bc0       ??$?0ABI$$Z$$V@?$pair@$$CBIPAVVIACapl@@@std@@QAE@Upiecewise_construct_t@1@V?$tuple@ABI@1@V?$tuple@$$V@1@@Z 10001bc0 f i capldll.obj
 0001:00000c00       ??$?0ABI$0A@@?$tuple@ABI@std@@QAE@ABI@Z 10001c00 f i capldll.obj
 0001:00000c60       ??$?0ABI@?$_Tuple_val@ABI@std@@QAE@ABI@Z 10001c60 f i capldll.obj
 0001:00000c90       ??$?0ABQAU?$_Tree_node@U?$pair@$$CBIPAVCaplInstanceData@@@std@@PAX@std@@_N$0A@@?$pair@PAU?$_Tree_node@U?$pair@$$CBIPAVCaplInstanceData@@@std@@PAX@std@@_N@std@@QAE@ABQAU?$_Tree_node@U?$pair@$$CBIPAVCaplInstanceData@@@std@@PAX@1@$$QA_N@Z 10001c90 f i capldll.obj
 0001:00000cd0       ??$?0ABQAU?$_Tree_node@U?$pair@$$CBIPAVVIACapl@@@std@@PAX@std@@_N$0A@@?$pair@PAU?$_Tree_node@U?$pair@$$CBIPAVVIACapl@@@std@@PAX@std@@_N@std@@QAE@ABQAU?$_Tree_node@U?$pair@$$CBIPAVVIACapl@@@std@@PAX@1@$$QA_N@Z 10001cd0 f i capldll.obj
 0001:00000d10       ??$?0ABU?$less@I@std@@U_Zero_then_variadic_args_t@1@@?$_Compressed_pair@U?$less@I@std@@V?$_Compressed_pair@V?$allocator@U?$_Tree_node@U?$pair@$$CBIPAVCaplInstanceData@@@std@@PAX@std@@@std@@V?$_Tree_val@U?$_Tree_simple_types@U?$pair@$$CBIPAVCaplInstanceData@@@std@@@std@@@2@$00@2@$00@std@@QAE@U_One_then_variadic_args_t@1@ABU?$less@I@1@$$QAU_Zero_then_variadic_args_t@1@@Z 10001d10 f i capldll.obj
 0001:00000d50       ??$?0ABU?$less@I@std@@U_Zero_then_variadic_args_t@1@@?$_Compressed_pair@U?$less@I@std@@V?$_Compressed_pair@V?$allocator@U?$_Tree_node@U?$pair@$$CBIPAVVIACapl@@@std@@PAX@std@@@std@@V?$_Tree_val@U?$_Tree_simple_types@U?$pair@$$CBIPAVVIACapl@@@std@@@std@@@2@$00@2@$00@std@@QAE@U_One_then_variadic_args_t@1@ABU?$less@I@1@$$QAU_Zero_then_variadic_args_t@1@@Z 10001d50 f i capldll.obj
 0001:00000d90       ??$?0ABUpiecewise_construct_t@std@@V?$tuple@ABI@1@V?$tuple@$$V@1@@?$_Tree_temp_node@V?$allocator@U?$_Tree_node@U?$pair@$$CBIPAVCaplInstanceData@@@std@@PAX@std@@@std@@@std@@QAE@AAV?$allocator@U?$_Tree_node@U?$pair@$$CBIPAVCaplInstanceData@@@std@@PAX@std@@@1@PAU?$_Tree_node@U?$pair@$$CBIPAVCaplInstanceData@@@std@@PAX@1@ABUpiecewise_construct_t@1@$$QAV?$tuple@ABI@1@$$QAV?$tuple@$$V@1@@Z 10001d90 f i capldll.obj
 0001:00000e80       ??$?0ABUpiecewise_construct_t@std@@V?$tuple@ABI@1@V?$tuple@$$V@1@@?$_Tree_temp_node@V?$allocator@U?$_Tree_node@U?$pair@$$CBIPAVVIACapl@@@std@@PAX@std@@@std@@@std@@QAE@AAV?$allocator@U?$_Tree_node@U?$pair@$$CBIPAVVIACapl@@@std@@PAX@std@@@1@PAU?$_Tree_node@U?$pair@$$CBIPAVVIACapl@@@std@@PAX@1@ABUpiecewise_construct_t@1@$$QAV?$tuple@ABI@1@$$QAV?$tuple@$$V@1@@Z 10001e80 f i capldll.obj
 0001:00000f70       ??$?0PAU?$_Tree_node@U?$pair@$$CBIPAVCaplInstanceData@@@std@@PAX@std@@_N$0A@@?$pair@PAU?$_Tree_node@U?$pair@$$CBIPAVCaplInstanceData@@@std@@PAX@std@@_N@std@@QAE@$$QAPAU?$_Tree_node@U?$pair@$$CBIPAVCaplInstanceData@@@std@@PAX@1@$$QA_N@Z 10001f70 f i capldll.obj
 0001:00000fb0       ??$?0PAU?$_Tree_node@U?$pair@$$CBIPAVVIACapl@@@std@@PAX@std@@_N$0A@@?$pair@PAU?$_Tree_node@U?$pair@$$CBIPAVVIACapl@@@std@@PAX@std@@_N@std@@QAE@$$QAPAU?$_Tree_node@U?$pair@$$CBIPAVVIACapl@@@std@@PAX@1@$$QA_N@Z 10001fb0 f i capldll.obj
 0001:00000ff0       ??$?0U?$_Tree_node@U?$pair@$$CBIPAVCaplInstanceData@@@std@@PAX@std@@@?$allocator@U_Container_proxy@std@@@std@@QAE@ABV?$allocator@U?$_Tree_node@U?$pair@$$CBIPAVCaplInstanceData@@@std@@PAX@std@@@1@@Z 10001ff0 f i capldll.obj
 0001:00001000       ??$?0U?$_Tree_node@U?$pair@$$CBIPAVVIACapl@@@std@@PAX@std@@@?$allocator@U_Container_proxy@std@@@std@@QAE@ABV?$allocator@U?$_Tree_node@U?$pair@$$CBIPAVVIACapl@@@std@@PAX@std@@@1@@Z 10002000 f i capldll.obj
 0001:00001010       ??$?0U_Exact_args_t@std@@$0A@@?$tuple@$$V@std@@QAE@U_Exact_args_t@1@@Z 10002010 f i capldll.obj
 0001:00001020       ??$?0U_Exact_args_t@std@@ABI$$V$0A@@?$tuple@ABI@std@@QAE@U_Exact_args_t@1@ABI@Z 10002020 f i capldll.obj
 0001:00001060       ??$?0V?$tuple@ABI@std@@V?$tuple@$$V@1@$0A@$$Z$S@?$pair@$$CBIPAVCaplInstanceData@@@std@@QAE@AAV?$tuple@ABI@1@AAV?$tuple@$$V@1@U?$integer_sequence@I$0A@@1@U?$integer_sequence@I$S@1@@Z 10002060 f i capldll.obj
 0001:000010a0       ??$?0V?$tuple@ABI@std@@V?$tuple@$$V@1@$0A@$$Z$S@?$pair@$$CBIPAVVIACapl@@@std@@QAE@AAV?$tuple@ABI@1@AAV?$tuple@$$V@1@U?$integer_sequence@I$0A@@1@U?$integer_sequence@I$S@1@@Z 100020a0 f i capldll.obj
 0001:000010e0       ??$_Adl_verify_range@V?$_Tree_unchecked_const_iterator@V?$_Tree_val@U?$_Tree_simple_types@U?$pair@$$CBIPAVCaplInstanceData@@@std@@@std@@@std@@U_Iterator_base0@2@@std@@V12@@std@@YAXABV?$_Tree_unchecked_const_iterator@V?$_Tree_val@U?$_Tree_simple_types@U?$pair@$$CBIPAVCaplInstanceData@@@std@@@std@@@std@@U_Iterator_base0@2@@0@0@Z 100020e0 f i capldll.obj
 0001:000010f0       ??$_Allocate@$07U_Default_allocate_traits@std@@$0A@@std@@YAPAXI@Z 100020f0 f i capldll.obj
 0001:00001130       ??$_Allocate_manually_vector_aligned@U_Default_allocate_traits@std@@@std@@YAPAXI@Z 10002130 f i capldll.obj
 0001:000011f0       ??$_Buyheadnode@V?$allocator@U?$_Tree_node@U?$pair@$$CBIPAVCaplInstanceData@@@std@@PAX@std@@@std@@@?$_Tree_node@U?$pair@$$CBIPAVCaplInstanceData@@@std@@PAX@std@@SAPAU01@AAV?$allocator@U?$_Tree_node@U?$pair@$$CBIPAVCaplInstanceData@@@std@@PAX@std@@@1@@Z 100021f0 f i capldll.obj
 0001:00001250       ??$_Buyheadnode@V?$allocator@U?$_Tree_node@U?$pair@$$CBIPAVVIACapl@@@std@@PAX@std@@@std@@@?$_Tree_node@U?$pair@$$CBIPAVVIACapl@@@std@@PAX@std@@SAPAU01@AAV?$allocator@U?$_Tree_node@U?$pair@$$CBIPAVVIACapl@@@std@@PAX@std@@@1@@Z 10002250 f i capldll.obj
 0001:000012b0       ??$_Construct_in_place@PAU?$_Tree_node@U?$pair@$$CBIPAVCaplInstanceData@@@std@@PAX@std@@AAPAU12@@std@@YAXAAPAU?$_Tree_node@U?$pair@$$CBIPAVCaplInstanceData@@@std@@PAX@0@0@Z 100022b0 f i capldll.obj
 0001:000012f0       ??$_Construct_in_place@PAU?$_Tree_node@U?$pair@$$CBIPAVCaplInstanceData@@@std@@PAX@std@@ABQAU12@@std@@YAXAAPAU?$_Tree_node@U?$pair@$$CBIPAVCaplInstanceData@@@std@@PAX@0@ABQAU10@@Z 100022f0 f i capldll.obj
 0001:00001330       ??$_Construct_in_place@PAU?$_Tree_node@U?$pair@$$CBIPAVVIACapl@@@std@@PAX@std@@AAPAU12@@std@@YAXAAPAU?$_Tree_node@U?$pair@$$CBIPAVVIACapl@@@std@@PAX@0@0@Z 10002330 f i capldll.obj
 0001:00001370       ??$_Construct_in_place@PAU?$_Tree_node@U?$pair@$$CBIPAVVIACapl@@@std@@PAX@std@@ABQAU12@@std@@YAXAAPAU?$_Tree_node@U?$pair@$$CBIPAVVIACapl@@@std@@PAX@0@ABQAU10@@Z 10002370 f i capldll.obj
 0001:000013b0       ??$_Construct_in_place@U_Container_proxy@std@@PAU_Container_base12@2@@std@@YAXAAU_Container_proxy@0@$$QAPAU_Container_base12@0@@Z 100023b0 f i capldll.obj
 0001:00001400       ??$_Deallocate@$07$0A@@std@@YAXPAXI@Z 10002400 f i capldll.obj
 0001:00001460       ??$_Deallocate_plain@V?$allocator@U_Container_proxy@std@@@std@@@std@@YAXAAV?$allocator@U_Container_proxy@std@@@0@QAU_Container_proxy@0@@Z 10002460 f i capldll.obj
 0001:000014b0       ??$_Debug_lt_pred@ABU?$less@I@std@@ABIABI$0A@@std@@YA_NABU?$less@I@0@ABI1@Z 100024b0 f i capldll.obj
 0001:00001540       ??$_Delete_plain_internal@V?$allocator@U_Container_proxy@std@@@std@@@std@@YAXAAV?$allocator@U_Container_proxy@std@@@0@QAU_Container_proxy@0@@Z 10002540 f i capldll.obj
 0001:00001560       ??$_Destroy_in_place@PAU?$_Tree_node@U?$pair@$$CBIPAVCaplInstanceData@@@std@@PAX@std@@@std@@YAXAAPAU?$_Tree_node@U?$pair@$$CBIPAVCaplInstanceData@@@std@@PAX@0@@Z 10002560 f i capldll.obj
 0001:00001570       ??$_Destroy_in_place@PAU?$_Tree_node@U?$pair@$$CBIPAVVIACapl@@@std@@PAX@std@@@std@@YAXAAPAU?$_Tree_node@U?$pair@$$CBIPAVVIACapl@@@std@@PAX@0@@Z 10002570 f i capldll.obj
 0001:00001580       ??$_Eqrange@I@?$_Tree@V?$_Tmap_traits@IPAVCaplInstanceData@@U?$less@I@std@@V?$allocator@U?$pair@$$CBIPAVCaplInstanceData@@@std@@@3@$0A@@std@@@std@@IBE?AU?$pair@PAU?$_Tree_node@U?$pair@$$CBIPAVCaplInstanceData@@@std@@PAX@std@@PAU12@@1@ABI@Z 10002580 f i capldll.obj
 0001:000016d0       ??$_Erase_head@V?$allocator@U?$_Tree_node@U?$pair@$$CBIPAVCaplInstanceData@@@std@@PAX@std@@@std@@@?$_Tree_val@U?$_Tree_simple_types@U?$pair@$$CBIPAVCaplInstanceData@@@std@@@std@@@std@@QAEXAAV?$allocator@U?$_Tree_node@U?$pair@$$CBIPAVCaplInstanceData@@@std@@PAX@std@@@1@@Z 100026d0 f i capldll.obj
 0001:00001710       ??$_Erase_head@V?$allocator@U?$_Tree_node@U?$pair@$$CBIPAVVIACapl@@@std@@PAX@std@@@std@@@?$_Tree_val@U?$_Tree_simple_types@U?$pair@$$CBIPAVVIACapl@@@std@@@std@@@std@@QAEXAAV?$allocator@U?$_Tree_node@U?$pair@$$CBIPAVVIACapl@@@std@@PAX@std@@@1@@Z 10002710 f i capldll.obj
 0001:00001750       ??$_Erase_tree@V?$allocator@U?$_Tree_node@U?$pair@$$CBIPAVCaplInstanceData@@@std@@PAX@std@@@std@@@?$_Tree_val@U?$_Tree_simple_types@U?$pair@$$CBIPAVCaplInstanceData@@@std@@@std@@@std@@QAEXAAV?$allocator@U?$_Tree_node@U?$pair@$$CBIPAVCaplInstanceData@@@std@@PAX@std@@@1@PAU?$_Tree_node@U?$pair@$$CBIPAVCaplInstanceData@@@std@@PAX@1@@Z 10002750 f i capldll.obj
 0001:000017a0       ??$_Erase_tree@V?$allocator@U?$_Tree_node@U?$pair@$$CBIPAVVIACapl@@@std@@PAX@std@@@std@@@?$_Tree_val@U?$_Tree_simple_types@U?$pair@$$CBIPAVVIACapl@@@std@@@std@@@std@@QAEXAAV?$allocator@U?$_Tree_node@U?$pair@$$CBIPAVVIACapl@@@std@@PAX@std@@@1@PAU?$_Tree_node@U?$pair@$$CBIPAVVIACapl@@@std@@PAX@1@@Z 100027a0 f i capldll.obj
 0001:000017f0       ??$_Find@I@?$_Tree@V?$_Tmap_traits@IPAVCaplInstanceData@@U?$less@I@std@@V?$allocator@U?$pair@$$CBIPAVCaplInstanceData@@@std@@@3@$0A@@std@@@std@@ABEPAU?$_Tree_node@U?$pair@$$CBIPAVCaplInstanceData@@@std@@PAX@1@ABI@Z 100027f0 f i capldll.obj
 0001:00001840       ??$_Find@I@?$_Tree@V?$_Tmap_traits@IPAVVIACapl@@U?$less@I@std@@V?$allocator@U?$pair@$$CBIPAVVIACapl@@@std@@@3@$0A@@std@@@std@@ABEPAU?$_Tree_node@U?$pair@$$CBIPAVVIACapl@@@std@@PAX@1@ABI@Z 10002840 f i capldll.obj
 0001:00001890       ??$_Find_lower_bound@I@?$_Tree@V?$_Tmap_traits@IPAVCaplInstanceData@@U?$less@I@std@@V?$allocator@U?$pair@$$CBIPAVCaplInstanceData@@@std@@@3@$0A@@std@@@std@@IBE?AU?$_Tree_find_result@PAU?$_Tree_node@U?$pair@$$CBIPAVCaplInstanceData@@@std@@PAX@std@@@1@ABI@Z 10002890 f i capldll.obj
 0001:00001950       ??$_Find_lower_bound@I@?$_Tree@V?$_Tmap_traits@IPAVVIACapl@@U?$less@I@std@@V?$allocator@U?$pair@$$CBIPAVVIACapl@@@std@@@3@$0A@@std@@@std@@IBE?AU?$_Tree_find_result@PAU?$_Tree_node@U?$pair@$$CBIPAVVIACapl@@@std@@PAX@std@@@1@ABI@Z 10002950 f i capldll.obj
 0001:00001a10       ??$_Freenode0@V?$allocator@U?$_Tree_node@U?$pair@$$CBIPAVCaplInstanceData@@@std@@PAX@std@@@std@@@?$_Tree_node@U?$pair@$$CBIPAVCaplInstanceData@@@std@@PAX@std@@SAXAAV?$allocator@U?$_Tree_node@U?$pair@$$CBIPAVCaplInstanceData@@@std@@PAX@std@@@1@PAU01@@Z 10002a10 f i capldll.obj
 0001:00001a90       ??$_Freenode0@V?$allocator@U?$_Tree_node@U?$pair@$$CBIPAVVIACapl@@@std@@PAX@std@@@std@@@?$_Tree_node@U?$pair@$$CBIPAVVIACapl@@@std@@PAX@std@@SAXAAV?$allocator@U?$_Tree_node@U?$pair@$$CBIPAVVIACapl@@@std@@PAX@std@@@1@PAU01@@Z 10002a90 f i capldll.obj
 0001:00001b10       ??$_Freenode@V?$allocator@U?$_Tree_node@U?$pair@$$CBIPAVCaplInstanceData@@@std@@PAX@std@@@std@@@?$_Tree_node@U?$pair@$$CBIPAVCaplInstanceData@@@std@@PAX@std@@SAXAAV?$allocator@U?$_Tree_node@U?$pair@$$CBIPAVCaplInstanceData@@@std@@PAX@std@@@1@PAU01@@Z 10002b10 f i capldll.obj
 0001:00001b80       ??$_Freenode@V?$allocator@U?$_Tree_node@U?$pair@$$CBIPAVVIACapl@@@std@@PAX@std@@@std@@@?$_Tree_node@U?$pair@$$CBIPAVVIACapl@@@std@@PAX@std@@SAXAAV?$allocator@U?$_Tree_node@U?$pair@$$CBIPAVVIACapl@@@std@@PAX@std@@@1@PAU01@@Z 10002b80 f i capldll.obj
 0001:00001bf0       ??$_Get_size_of_n@$07@std@@YAII@Z 10002bf0 f i capldll.obj
 0001:00001c20       ??$_Get_size_of_n@$0BI@@std@@YAII@Z 10002c20 f i capldll.obj
 0001:00001c50       ??$_Get_unwrapped@AAV?$_Tree_unchecked_const_iterator@V?$_Tree_val@U?$_Tree_simple_types@U?$pair@$$CBIPAVCaplInstanceData@@@std@@@std@@@std@@U_Iterator_base0@2@@std@@@std@@YA?A_TAAV?$_Tree_unchecked_const_iterator@V?$_Tree_val@U?$_Tree_simple_types@U?$pair@$$CBIPAVCaplInstanceData@@@std@@@std@@@std@@U_Iterator_base0@2@@0@@Z 10002c50 f i capldll.obj
 0001:00001c60       ??$_Kfn@$$CBIPAVCaplInstanceData@@@?$_Tmap_traits@IPAVCaplInstanceData@@U?$less@I@std@@V?$allocator@U?$pair@$$CBIPAVCaplInstanceData@@@std@@@3@$0A@@std@@SAABIABU?$pair@$$CBIPAVCaplInstanceData@@@1@@Z 10002c60 f i capldll.obj
 0001:00001c70       ??$_Kfn@$$CBIPAVVIACapl@@@?$_Tmap_traits@IPAVVIACapl@@U?$less@I@std@@V?$allocator@U?$pair@$$CBIPAVVIACapl@@@std@@@3@$0A@@std@@SAABIABU?$pair@$$CBIPAVVIACapl@@@1@@Z 10002c70 f i capldll.obj
 0001:00001c80       ??$_Lower_bound_duplicate@I@?$_Tree@V?$_Tmap_traits@IPAVCaplInstanceData@@U?$less@I@std@@V?$allocator@U?$pair@$$CBIPAVCaplInstanceData@@@std@@@3@$0A@@std@@@std@@IBE_NQAU?$_Tree_node@U?$pair@$$CBIPAVCaplInstanceData@@@std@@PAX@1@ABI@Z 10002c80 f i capldll.obj
 0001:00001ce0       ??$_Lower_bound_duplicate@I@?$_Tree@V?$_Tmap_traits@IPAVVIACapl@@U?$less@I@std@@V?$allocator@U?$pair@$$CBIPAVVIACapl@@@std@@@3@$0A@@std@@@std@@IBE_NQAU?$_Tree_node@U?$pair@$$CBIPAVVIACapl@@@std@@PAX@1@ABI@Z 10002ce0 f i capldll.obj
 0001:00001d40       ??$_Try_emplace@ABI$$V@?$map@IPAVCaplInstanceData@@U?$less@I@std@@V?$allocator@U?$pair@$$CBIPAVCaplInstanceData@@@std@@@3@@std@@AAE?AU?$pair@PAU?$_Tree_node@U?$pair@$$CBIPAVCaplInstanceData@@@std@@PAX@std@@_N@1@ABI@Z 10002d40 f i capldll.obj
 0001:00001e30       ??$_Try_emplace@ABI$$V@?$map@IPAVVIACapl@@U?$less@I@std@@V?$allocator@U?$pair@$$CBIPAVVIACapl@@@std@@@3@@std@@AAE?AU?$pair@PAU?$_Tree_node@U?$pair@$$CBIPAVVIACapl@@@std@@PAX@std@@_N@1@ABI@Z 10002e30 f i capldll.obj
 0001:00001f20       ??$_Tuple_get@$0A@ABI@std@@YA$$QA_P$$QAV?$tuple@ABI@0@@Z 10002f20 f i capldll.obj
 0001:00001f30       ??$_Unfancy@U_Container_proxy@std@@@std@@YAPAU_Container_proxy@0@PAU10@@Z 10002f30 f i capldll.obj
 0001:00001f40       ??$_Voidify_iter@PAPAU?$_Tree_node@U?$pair@$$CBIPAVCaplInstanceData@@@std@@PAX@std@@@std@@YAPAXPAPAU?$_Tree_node@U?$pair@$$CBIPAVCaplInstanceData@@@std@@PAX@0@@Z 10002f40 f i capldll.obj
 0001:00001f50       ??$_Voidify_iter@PAPAU?$_Tree_node@U?$pair@$$CBIPAVVIACapl@@@std@@PAX@std@@@std@@YAPAXPAPAU?$_Tree_node@U?$pair@$$CBIPAVVIACapl@@@std@@PAX@0@@Z 10002f50 f i capldll.obj
 0001:00001f60       ??$_Voidify_iter@PAU?$pair@$$CBIPAVCaplInstanceData@@@std@@@std@@YAPAXPAU?$pair@$$CBIPAVCaplInstanceData@@@0@@Z 10002f60 f i capldll.obj
 0001:00001f70       ??$_Voidify_iter@PAU?$pair@$$CBIPAVVIACapl@@@std@@@std@@YAPAXPAU?$pair@$$CBIPAVVIACapl@@@0@@Z 10002f70 f i capldll.obj
 0001:00001f80       ??$_Voidify_iter@PAU_Container_proxy@std@@@std@@YAPAXPAU_Container_proxy@0@@Z 10002f80 f i capldll.obj
 0001:00001f90       ??$addressof@$$CBV?$_Tree_val@U?$_Tree_simple_types@U?$pair@$$CBIPAVCaplInstanceData@@@std@@@std@@@std@@@std@@YAPBV?$_Tree_val@U?$_Tree_simple_types@U?$pair@$$CBIPAVCaplInstanceData@@@std@@@std@@@0@ABV10@@Z 10002f90 f i capldll.obj
 0001:00001fa0       ??$addressof@$$CBV?$_Tree_val@U?$_Tree_simple_types@U?$pair@$$CBIPAVVIACapl@@@std@@@std@@@std@@@std@@YAPBV?$_Tree_val@U?$_Tree_simple_types@U?$pair@$$CBIPAVVIACapl@@@std@@@std@@@0@ABV10@@Z 10002fa0 f i capldll.obj
 0001:00001fb0       ??$addressof@PAU?$_Tree_node@U?$pair@$$CBIPAVCaplInstanceData@@@std@@PAX@std@@@std@@YAPAPAU?$_Tree_node@U?$pair@$$CBIPAVCaplInstanceData@@@std@@PAX@0@AAPAU10@@Z 10002fb0 f i capldll.obj
 0001:00001fc0       ??$addressof@PAU?$_Tree_node@U?$pair@$$CBIPAVVIACapl@@@std@@PAX@std@@@std@@YAPAPAU?$_Tree_node@U?$pair@$$CBIPAVVIACapl@@@std@@PAX@0@AAPAU10@@Z 10002fc0 f i capldll.obj
 0001:00001fd0       ??$addressof@U?$pair@$$CBIPAVCaplInstanceData@@@std@@@std@@YAPAU?$pair@$$CBIPAVCaplInstanceData@@@0@AAU10@@Z 10002fd0 f i capldll.obj
 0001:00001fe0       ??$addressof@U?$pair@$$CBIPAVVIACapl@@@std@@@std@@YAPAU?$pair@$$CBIPAVVIACapl@@@0@AAU10@@Z 10002fe0 f i capldll.obj
 0001:00001ff0       ??$addressof@U_Container_base12@std@@@std@@YAPAU_Container_base12@0@AAU10@@Z 10002ff0 f i capldll.obj
 0001:00002000       ??$addressof@U_Container_proxy@std@@@std@@YAPAU_Container_proxy@0@AAU10@@Z 10003000 f i capldll.obj
 0001:00002010       ??$addressof@V?$_Tree_val@U?$_Tree_simple_types@U?$pair@$$CBIPAVCaplInstanceData@@@std@@@std@@@std@@@std@@YAPAV?$_Tree_val@U?$_Tree_simple_types@U?$pair@$$CBIPAVCaplInstanceData@@@std@@@std@@@0@AAV10@@Z 10003010 f i capldll.obj
 0001:00002020       ??$addressof@V?$_Tree_val@U?$_Tree_simple_types@U?$pair@$$CBIPAVVIACapl@@@std@@@std@@@std@@@std@@YAPAV?$_Tree_val@U?$_Tree_simple_types@U?$pair@$$CBIPAVVIACapl@@@std@@@std@@@0@AAV10@@Z 10003020 f i capldll.obj
 0001:00002030       ??$construct@U?$pair@$$CBIPAVCaplInstanceData@@@std@@ABUpiecewise_construct_t@2@V?$tuple@ABI@2@V?$tuple@$$V@2@@?$_Default_allocator_traits@V?$allocator@U?$_Tree_node@U?$pair@$$CBIPAVCaplInstanceData@@@std@@PAX@std@@@std@@@std@@SAXAAV?$allocator@U?$_Tree_node@U?$pair@$$CBIPAVCaplInstanceData@@@std@@PAX@std@@@1@QAU?$pair@$$CBIPAVCaplInstanceData@@@1@ABUpiecewise_construct_t@1@$$QAV?$tuple@ABI@1@$$QAV?$tuple@$$V@1@@Z 10003030 f i capldll.obj
 0001:000020a0       ??$construct@U?$pair@$$CBIPAVVIACapl@@@std@@ABUpiecewise_construct_t@2@V?$tuple@ABI@2@V?$tuple@$$V@2@@?$_Default_allocator_traits@V?$allocator@U?$_Tree_node@U?$pair@$$CBIPAVVIACapl@@@std@@PAX@std@@@std@@@std@@SAXAAV?$allocator@U?$_Tree_node@U?$pair@$$CBIPAVVIACapl@@@std@@PAX@std@@@1@QAU?$pair@$$CBIPAVVIACapl@@@1@ABUpiecewise_construct_t@1@$$QAV?$tuple@ABI@1@$$QAV?$tuple@$$V@1@@Z 100030a0 f i capldll.obj
 0001:00002110       ??$destroy@U?$pair@$$CBIPAVCaplInstanceData@@@std@@@?$_Default_allocator_traits@V?$allocator@U?$_Tree_node@U?$pair@$$CBIPAVCaplInstanceData@@@std@@PAX@std@@@std@@@std@@SAXAAV?$allocator@U?$_Tree_node@U?$pair@$$CBIPAVCaplInstanceData@@@std@@PAX@std@@@1@QAU?$pair@$$CBIPAVCaplInstanceData@@@1@@Z 10003110 f i capldll.obj
 0001:00002120       ??$destroy@U?$pair@$$CBIPAVVIACapl@@@std@@@?$_Default_allocator_traits@V?$allocator@U?$_Tree_node@U?$pair@$$CBIPAVVIACapl@@@std@@PAX@std@@@std@@@std@@SAXAAV?$allocator@U?$_Tree_node@U?$pair@$$CBIPAVVIACapl@@@std@@PAX@std@@@1@QAU?$pair@$$CBIPAVVIACapl@@@1@@Z 10003120 f i capldll.obj
 0001:00002130       ??$distance@V?$_Tree_unchecked_const_iterator@V?$_Tree_val@U?$_Tree_simple_types@U?$pair@$$CBIPAVCaplInstanceData@@@std@@@std@@@std@@U_Iterator_base0@2@@std@@@std@@YAHV?$_Tree_unchecked_const_iterator@V?$_Tree_val@U?$_Tree_simple_types@U?$pair@$$CBIPAVCaplInstanceData@@@std@@@std@@@std@@U_Iterator_base0@2@@0@0@Z 10003130 f i capldll.obj
 0001:000021a0       ??$exchange@PAU?$_Tree_node@U?$pair@$$CBIPAVCaplInstanceData@@@std@@PAX@std@@$$T@std@@YAPAU?$_Tree_node@U?$pair@$$CBIPAVCaplInstanceData@@@std@@PAX@0@AAPAU10@$$QA$$T@Z 100031a0 f i capldll.obj
 0001:000021c0       ??$exchange@PAU?$_Tree_node@U?$pair@$$CBIPAVCaplInstanceData@@@std@@PAX@std@@AAPAU12@@std@@YAPAU?$_Tree_node@U?$pair@$$CBIPAVCaplInstanceData@@@std@@PAX@0@AAPAU10@0@Z 100031c0 f i capldll.obj
 0001:000021e0       ??$exchange@PAU?$_Tree_node@U?$pair@$$CBIPAVVIACapl@@@std@@PAX@std@@$$T@std@@YAPAU?$_Tree_node@U?$pair@$$CBIPAVVIACapl@@@std@@PAX@0@AAPAU10@$$QA$$T@Z 100031e0 f i capldll.obj
 0001:00002200       ??$exchange@PAU?$_Tree_node@U?$pair@$$CBIPAVVIACapl@@@std@@PAX@std@@AAPAU12@@std@@YAPAU?$_Tree_node@U?$pair@$$CBIPAVVIACapl@@@std@@PAX@0@AAPAU10@0@Z 10003200 f i capldll.obj
 0001:00002220       ??$forward@AAPAU?$_Tree_node@U?$pair@$$CBIPAVCaplInstanceData@@@std@@PAX@std@@@std@@YAAAPAU?$_Tree_node@U?$pair@$$CBIPAVCaplInstanceData@@@std@@PAX@0@AAPAU10@@Z 10003220 f i capldll.obj
 0001:00002230       ??$forward@AAPAU?$_Tree_node@U?$pair@$$CBIPAVVIACapl@@@std@@PAX@std@@@std@@YAAAPAU?$_Tree_node@U?$pair@$$CBIPAVVIACapl@@@std@@PAX@0@AAPAU10@@Z 10003230 f i capldll.obj
 0001:00002240       ??$forward@ABI@std@@YAABIABI@Z 10003240 f i capldll.obj
 0001:00002250       ??$forward@ABQAU?$_Tree_node@U?$pair@$$CBIPAVCaplInstanceData@@@std@@PAX@std@@@std@@YAABQAU?$_Tree_node@U?$pair@$$CBIPAVCaplInstanceData@@@std@@PAX@0@ABQAU10@@Z 10003250 f i capldll.obj
 0001:00002260       ??$forward@ABQAU?$_Tree_node@U?$pair@$$CBIPAVVIACapl@@@std@@PAX@std@@@std@@YAABQAU?$_Tree_node@U?$pair@$$CBIPAVVIACapl@@@std@@PAX@0@ABQAU10@@Z 10003260 f i capldll.obj
 0001:00002270       ??$forward@ABU?$less@I@std@@@std@@YAABU?$less@I@0@ABU10@@Z 10003270 f i capldll.obj
 0001:00002280       ??$forward@ABUpiecewise_construct_t@std@@@std@@YAABUpiecewise_construct_t@0@ABU10@@Z 10003280 f i capldll.obj
 0001:00002290       ??$forward@PAU?$_Tree_node@U?$pair@$$CBIPAVCaplInstanceData@@@std@@PAX@std@@@std@@YA$$QAPAU?$_Tree_node@U?$pair@$$CBIPAVCaplInstanceData@@@std@@PAX@0@AAPAU10@@Z 10003290 f i capldll.obj
 0001:000022a0       ??$forward@PAU?$_Tree_node@U?$pair@$$CBIPAVVIACapl@@@std@@PAX@std@@@std@@YA$$QAPAU?$_Tree_node@U?$pair@$$CBIPAVVIACapl@@@std@@PAX@0@AAPAU10@@Z 100032a0 f i capldll.obj
 0001:000022b0       ??$forward@PAU_Container_base12@std@@@std@@YA$$QAPAU_Container_base12@0@AAPAU10@@Z 100032b0 f i capldll.obj
 0001:000022c0       ??$forward@U_Zero_then_variadic_args_t@std@@@std@@YA$$QAU_Zero_then_variadic_args_t@0@AAU10@@Z 100032c0 f i capldll.obj
 0001:000022d0       ??$forward@V?$tuple@$$V@std@@@std@@YA$$QAV?$tuple@$$V@0@AAV10@@Z 100032d0 f i capldll.obj
 0001:000022e0       ??$forward@V?$tuple@ABI@std@@@std@@YA$$QAV?$tuple@ABI@0@AAV10@@Z 100032e0 f i capldll.obj
 0001:000022f0       ??$forward@_N@std@@YA$$QA_NAA_N@Z 100032f0 f i capldll.obj
 0001:00002300       ??$forward_as_tuple@$$V@std@@YA?AV?$tuple@$$V@0@XZ 10003300 f i capldll.obj
 0001:00002310       ??$forward_as_tuple@ABI@std@@YA?AV?$tuple@ABI@0@ABI@Z 10003310 f i capldll.obj
 0001:00002330       ??$min@I@std@@YAABIABI0@Z  10003330 f i capldll.obj
 0001:00002360       ??$move@AAD@std@@YA$$QADAAD@Z 10003360 f i capldll.obj
 0001:00002370       ??$move@AAV?$tuple@ABI@std@@@std@@YA$$QAV?$tuple@ABI@0@AAV10@@Z 10003370 f i capldll.obj
 0001:00002380       ??$swap@D$0A@@std@@YAXAAD0@Z 10003380 f i capldll.obj
 0001:000023c0       ??0?$_Alloc_construct_ptr@V?$allocator@U?$_Tree_node@U?$pair@$$CBIPAVCaplInstanceData@@@std@@PAX@std@@@std@@@std@@QAE@AAV?$allocator@U?$_Tree_node@U?$pair@$$CBIPAVCaplInstanceData@@@std@@PAX@std@@@1@@Z 100033c0 f i capldll.obj
 0001:000023f0       ??0?$_Alloc_construct_ptr@V?$allocator@U?$_Tree_node@U?$pair@$$CBIPAVVIACapl@@@std@@PAX@std@@@std@@@std@@QAE@AAV?$allocator@U?$_Tree_node@U?$pair@$$CBIPAVVIACapl@@@std@@PAX@std@@@1@@Z 100033f0 f i capldll.obj
 0001:00002420       ??0?$_Container_proxy_ptr12@V?$allocator@U_Container_proxy@std@@@std@@@std@@QAE@AAV?$allocator@U_Container_proxy@std@@@1@AAU_Container_base12@1@@Z 10003420 f i capldll.obj
 0001:00002490       ??0?$_Tree@V?$_Tmap_traits@IPAVCaplInstanceData@@U?$less@I@std@@V?$allocator@U?$pair@$$CBIPAVCaplInstanceData@@@std@@@3@$0A@@std@@@std@@QAE@ABU?$less@I@1@@Z 10003490 f i capldll.obj
 0001:000024c0       ??0?$_Tree@V?$_Tmap_traits@IPAVVIACapl@@U?$less@I@std@@V?$allocator@U?$pair@$$CBIPAVVIACapl@@@std@@@3@$0A@@std@@@std@@QAE@ABU?$less@I@1@@Z 100034c0 f i capldll.obj
 0001:000024f0       ??0?$_Tree_const_iterator@V?$_Tree_val@U?$_Tree_simple_types@U?$pair@$$CBIPAVCaplInstanceData@@@std@@@std@@@std@@@std@@QAE@PAU?$_Tree_node@U?$pair@$$CBIPAVCaplInstanceData@@@std@@PAX@1@PBV?$_Tree_val@U?$_Tree_simple_types@U?$pair@$$CBIPAVCaplInstanceData@@@std@@@std@@@1@@Z 100034f0 f i capldll.obj
 0001:00002510       ??0?$_Tree_const_iterator@V?$_Tree_val@U?$_Tree_simple_types@U?$pair@$$CBIPAVVIACapl@@@std@@@std@@@std@@@std@@QAE@PAU?$_Tree_node@U?$pair@$$CBIPAVVIACapl@@@std@@PAX@1@PBV?$_Tree_val@U?$_Tree_simple_types@U?$pair@$$CBIPAVVIACapl@@@std@@@std@@@1@@Z 10003510 f i capldll.obj
 0001:00002530       ??0?$_Tree_iterator@V?$_Tree_val@U?$_Tree_simple_types@U?$pair@$$CBIPAVCaplInstanceData@@@std@@@std@@@std@@@std@@QAE@PAU?$_Tree_node@U?$pair@$$CBIPAVCaplInstanceData@@@std@@PAX@1@PBV?$_Tree_val@U?$_Tree_simple_types@U?$pair@$$CBIPAVCaplInstanceData@@@std@@@std@@@1@@Z 10003530 f i capldll.obj
 0001:00002550       ??0?$_Tree_iterator@V?$_Tree_val@U?$_Tree_simple_types@U?$pair@$$CBIPAVVIACapl@@@std@@@std@@@std@@@std@@QAE@PAU?$_Tree_node@U?$pair@$$CBIPAVVIACapl@@@std@@PAX@1@PBV?$_Tree_val@U?$_Tree_simple_types@U?$pair@$$CBIPAVVIACapl@@@std@@@std@@@1@@Z 10003550 f i capldll.obj
 0001:00002570       ??0?$_Tree_temp_node_alloc@V?$allocator@U?$_Tree_node@U?$pair@$$CBIPAVCaplInstanceData@@@std@@PAX@std@@@std@@@std@@QAE@AAV?$allocator@U?$_Tree_node@U?$pair@$$CBIPAVCaplInstanceData@@@std@@PAX@std@@@1@@Z 10003570 f i capldll.obj
 0001:000025d0       ??0?$_Tree_temp_node_alloc@V?$allocator@U?$_Tree_node@U?$pair@$$CBIPAVVIACapl@@@std@@PAX@std@@@std@@@std@@QAE@AAV?$allocator@U?$_Tree_node@U?$pair@$$CBIPAVVIACapl@@@std@@PAX@std@@@1@@Z 100035d0 f i capldll.obj
 0001:00002630       ??0?$_Tree_unchecked_const_iterator@V?$_Tree_val@U?$_Tree_simple_types@U?$pair@$$CBIPAVCaplInstanceData@@@std@@@std@@@std@@U_Iterator_base0@2@@std@@QAE@PAU?$_Tree_node@U?$pair@$$CBIPAVCaplInstanceData@@@std@@PAX@1@PBV?$_Tree_val@U?$_Tree_simple_types@U?$pair@$$CBIPAVCaplInstanceData@@@std@@@std@@@1@@Z 10003630 f i capldll.obj
 0001:00002660       ??0?$_Tree_unchecked_const_iterator@V?$_Tree_val@U?$_Tree_simple_types@U?$pair@$$CBIPAVCaplInstanceData@@@std@@@std@@@std@@U_Iterator_base12@2@@std@@QAE@PAU?$_Tree_node@U?$pair@$$CBIPAVCaplInstanceData@@@std@@PAX@1@PBV?$_Tree_val@U?$_Tree_simple_types@U?$pair@$$CBIPAVCaplInstanceData@@@std@@@std@@@1@@Z 10003660 f i capldll.obj
 0001:00002690       ??0?$_Tree_unchecked_const_iterator@V?$_Tree_val@U?$_Tree_simple_types@U?$pair@$$CBIPAVVIACapl@@@std@@@std@@@std@@U_Iterator_base12@2@@std@@QAE@PAU?$_Tree_node@U?$pair@$$CBIPAVVIACapl@@@std@@PAX@1@PBV?$_Tree_val@U?$_Tree_simple_types@U?$pair@$$CBIPAVVIACapl@@@std@@@std@@@1@@Z 10003690 f i capldll.obj
 0001:000026c0       ??0?$_Tree_unchecked_iterator@V?$_Tree_val@U?$_Tree_simple_types@U?$pair@$$CBIPAVCaplInstanceData@@@std@@@std@@@std@@@std@@QAE@PAU?$_Tree_node@U?$pair@$$CBIPAVCaplInstanceData@@@std@@PAX@1@PBV?$_Tree_val@U?$_Tree_simple_types@U?$pair@$$CBIPAVCaplInstanceData@@@std@@@std@@@1@@Z 100036c0 f i capldll.obj
 0001:000026e0       ??0?$_Tree_val@U?$_Tree_simple_types@U?$pair@$$CBIPAVCaplInstanceData@@@std@@@std@@@std@@QAE@XZ 100036e0 f i capldll.obj
 0001:00002710       ??0?$_Tree_val@U?$_Tree_simple_types@U?$pair@$$CBIPAVVIACapl@@@std@@@std@@@std@@QAE@XZ 10003710 f i capldll.obj
 0001:00002740       ??0?$allocator@U?$_Tree_node@U?$pair@$$CBIPAVCaplInstanceData@@@std@@PAX@std@@@std@@QAE@XZ 10003740 f i capldll.obj
 0001:00002750       ??0?$allocator@U?$_Tree_node@U?$pair@$$CBIPAVVIACapl@@@std@@PAX@std@@@std@@QAE@XZ 10003750 f i capldll.obj
 0001:00002760       ??0?$map@IPAVCaplInstanceData@@U?$less@I@std@@V?$allocator@U?$pair@$$CBIPAVCaplInstanceData@@@std@@@3@@std@@QAE@XZ 10003760 f i capldll.obj
 0001:00002780       ??0?$map@IPAVVIACapl@@U?$less@I@std@@V?$allocator@U?$pair@$$CBIPAVVIACapl@@@std@@@3@@std@@QAE@XZ 10003780 f i capldll.obj
 0001:000027a0       ??0?$tuple@$$V@std@@QAE@ABV01@@Z 100037a0 f i capldll.obj
 0001:000027b0       ??0?$tuple@ABI@std@@QAE@$$QAV01@@Z 100037b0 f i capldll.obj
 0001:000027e0       ??0_Basic_container_proxy_ptr12@std@@IAE@XZ 100037e0 f i capldll.obj
 0001:00002800       ??0_Container_base12@std@@QAE@XZ 10003800 f i capldll.obj
 0001:00002820       ??0_Container_proxy@std@@QAE@PAU_Container_base12@1@@Z 10003820 f i capldll.obj
 0001:00002850       ??0_Iterator_base12@std@@QAE@XZ 10003850 f i capldll.obj
 0001:00002880       ??0bad_alloc@std@@AAE@QBD@Z 10003880 f i capldll.obj
 0001:000028b0       ??0bad_alloc@std@@QAE@ABV01@@Z 100038b0 f i capldll.obj
 0001:000028e0       ??0bad_array_new_length@std@@QAE@ABV01@@Z 100038e0 f i capldll.obj
 0001:00002910       ??0bad_array_new_length@std@@QAE@XZ 10003910 f i capldll.obj
 0001:00002940       ??0exception@std@@QAE@ABV01@@Z 10003940 f i capldll.obj
 0001:00002980       ??0exception@std@@QAE@QBDH@Z 10003980 f i capldll.obj
 0001:000029b0       ??1?$_Alloc_construct_ptr@V?$allocator@U?$_Tree_node@U?$pair@$$CBIPAVCaplInstanceData@@@std@@PAX@std@@@std@@@std@@QAE@XZ 100039b0 f i capldll.obj
 0001:00002a10       ??1?$_Alloc_construct_ptr@V?$allocator@U?$_Tree_node@U?$pair@$$CBIPAVVIACapl@@@std@@PAX@std@@@std@@@std@@QAE@XZ 10003a10 f i capldll.obj
 0001:00002a70       ??1?$_Container_proxy_ptr12@V?$allocator@U_Container_proxy@std@@@std@@@std@@QAE@XZ 10003a70 f i capldll.obj
 0001:00002aa0       ??1?$_Tree@V?$_Tmap_traits@IPAVCaplInstanceData@@U?$less@I@std@@V?$allocator@U?$pair@$$CBIPAVCaplInstanceData@@@std@@@3@$0A@@std@@@std@@QAE@XZ 10003aa0 f i capldll.obj
 0001:00002b00       ??1?$_Tree@V?$_Tmap_traits@IPAVVIACapl@@U?$less@I@std@@V?$allocator@U?$pair@$$CBIPAVVIACapl@@@std@@@3@$0A@@std@@@std@@QAE@XZ 10003b00 f i capldll.obj
 0001:00002b60       ??1?$_Tree_const_iterator@V?$_Tree_val@U?$_Tree_simple_types@U?$pair@$$CBIPAVCaplInstanceData@@@std@@@std@@@std@@@std@@QAE@XZ 10003b60 f i capldll.obj
 0001:00002b80       ??1?$_Tree_const_iterator@V?$_Tree_val@U?$_Tree_simple_types@U?$pair@$$CBIPAVVIACapl@@@std@@@std@@@std@@@std@@QAE@XZ 10003b80 f i capldll.obj
 0001:00002ba0       ??1?$_Tree_iterator@V?$_Tree_val@U?$_Tree_simple_types@U?$pair@$$CBIPAVCaplInstanceData@@@std@@@std@@@std@@@std@@QAE@XZ 10003ba0 f i capldll.obj
 0001:00002bc0       ??1?$_Tree_iterator@V?$_Tree_val@U?$_Tree_simple_types@U?$pair@$$CBIPAVVIACapl@@@std@@@std@@@std@@@std@@QAE@XZ 10003bc0 f i capldll.obj
 0001:00002be0       ??1?$_Tree_temp_node@V?$allocator@U?$_Tree_node@U?$pair@$$CBIPAVCaplInstanceData@@@std@@PAX@std@@@std@@@std@@QAE@XZ 10003be0 f i capldll.obj
 0001:00002c80       ??1?$_Tree_temp_node@V?$allocator@U?$_Tree_node@U?$pair@$$CBIPAVVIACapl@@@std@@PAX@std@@@std@@@std@@QAE@XZ 10003c80 f i capldll.obj
 0001:00002d20       ??1?$_Tree_temp_node_alloc@V?$allocator@U?$_Tree_node@U?$pair@$$CBIPAVCaplInstanceData@@@std@@PAX@std@@@std@@@std@@QAE@XZ 10003d20 f i capldll.obj
 0001:00002d40       ??1?$_Tree_temp_node_alloc@V?$allocator@U?$_Tree_node@U?$pair@$$CBIPAVVIACapl@@@std@@PAX@std@@@std@@@std@@QAE@XZ 10003d40 f i capldll.obj
 0001:00002d60       ??1?$_Tree_unchecked_const_iterator@V?$_Tree_val@U?$_Tree_simple_types@U?$pair@$$CBIPAVCaplInstanceData@@@std@@@std@@@std@@U_Iterator_base12@2@@std@@QAE@XZ 10003d60 f i capldll.obj
 0001:00002d80       ??1?$_Tree_unchecked_const_iterator@V?$_Tree_val@U?$_Tree_simple_types@U?$pair@$$CBIPAVVIACapl@@@std@@@std@@@std@@U_Iterator_base12@2@@std@@QAE@XZ 10003d80 f i capldll.obj
 0001:00002da0       ??1?$map@IPAVCaplInstanceData@@U?$less@I@std@@V?$allocator@U?$pair@$$CBIPAVCaplInstanceData@@@std@@@3@@std@@QAE@XZ 10003da0 f i capldll.obj
 0001:00002dc0       ??1?$map@IPAVVIACapl@@U?$less@I@std@@V?$allocator@U?$pair@$$CBIPAVVIACapl@@@std@@@3@@std@@QAE@XZ 10003dc0 f i capldll.obj
 0001:00002de0       ??1_Iterator_base12@std@@QAE@XZ 10003de0 f i capldll.obj
 0001:00002e00       ??1bad_alloc@std@@UAE@XZ   10003e00 f i capldll.obj
 0001:00002e20       ??1bad_array_new_length@std@@UAE@XZ 10003e20 f i capldll.obj
 0001:00002e40       ??1exception@std@@UAE@XZ   10003e40 f i capldll.obj
 0001:00002e70       ??2@YAPAXIPAX@Z            10003e70 f i capldll.obj
 0001:00002e80       ??4?$_Tree_const_iterator@V?$_Tree_val@U?$_Tree_simple_types@U?$pair@$$CBIPAVCaplInstanceData@@@std@@@std@@@std@@@std@@QAEAAV01@$$QAV01@@Z 10003e80 f i capldll.obj
 0001:00002ea0       ??4?$_Tree_iterator@V?$_Tree_val@U?$_Tree_simple_types@U?$pair@$$CBIPAVCaplInstanceData@@@std@@@std@@@std@@@std@@QAEAAV01@$$QAV01@@Z 10003ea0 f i capldll.obj
 0001:00002ec0       ??4?$_Tree_unchecked_const_iterator@V?$_Tree_val@U?$_Tree_simple_types@U?$pair@$$CBIPAVCaplInstanceData@@@std@@@std@@@std@@U_Iterator_base12@2@@std@@QAEAAV01@$$QAV01@@Z 10003ec0 f i capldll.obj
 0001:00002ef0       ??4_Iterator_base12@std@@QAEAAU01@ABU01@@Z 10003ef0 f i capldll.obj
 0001:00002f10       ??8?$_Tree_const_iterator@V?$_Tree_val@U?$_Tree_simple_types@U?$pair@$$CBIPAVCaplInstanceData@@@std@@@std@@@std@@@std@@QBE_NABV01@@Z 10003f10 f i capldll.obj
 0001:00002fb0       ??8?$_Tree_const_iterator@V?$_Tree_val@U?$_Tree_simple_types@U?$pair@$$CBIPAVVIACapl@@@std@@@std@@@std@@@std@@QBE_NABV01@@Z 10003fb0 f i capldll.obj
 0001:00003050       ??8?$_Tree_unchecked_const_iterator@V?$_Tree_val@U?$_Tree_simple_types@U?$pair@$$CBIPAVCaplInstanceData@@@std@@@std@@@std@@U_Iterator_base0@2@@std@@QBE_NABV01@@Z 10004050 f i capldll.obj
 0001:00003080       ??9?$_Tree_const_iterator@V?$_Tree_val@U?$_Tree_simple_types@U?$pair@$$CBIPAVCaplInstanceData@@@std@@@std@@@std@@@std@@QBE_NABV01@@Z 10004080 f i capldll.obj
 0001:000030c0       ??9?$_Tree_const_iterator@V?$_Tree_val@U?$_Tree_simple_types@U?$pair@$$CBIPAVVIACapl@@@std@@@std@@@std@@@std@@QBE_NABV01@@Z 100040c0 f i capldll.obj
 0001:00003100       ??9?$_Tree_unchecked_const_iterator@V?$_Tree_val@U?$_Tree_simple_types@U?$pair@$$CBIPAVCaplInstanceData@@@std@@@std@@@std@@U_Iterator_base0@2@@std@@QBE_NABV01@@Z 10004100 f i capldll.obj
 0001:00003140       ??A?$map@IPAVCaplInstanceData@@U?$less@I@std@@V?$allocator@U?$pair@$$CBIPAVCaplInstanceData@@@std@@@3@@std@@QAEAAPAVCaplInstanceData@@ABI@Z 10004140 f i capldll.obj
 0001:00003170       ??A?$map@IPAVVIACapl@@U?$less@I@std@@V?$allocator@U?$pair@$$CBIPAVVIACapl@@@std@@@3@@std@@QAEAAPAVVIACapl@@ABI@Z 10004170 f i capldll.obj
 0001:000031a0       ??C?$_Tree_iterator@V?$_Tree_val@U?$_Tree_simple_types@U?$pair@$$CBIPAVCaplInstanceData@@@std@@@std@@@std@@@std@@QBEPAU?$pair@$$CBIPAVCaplInstanceData@@@1@XZ 100041a0 f i capldll.obj
 0001:000031c0       ??C?$_Tree_iterator@V?$_Tree_val@U?$_Tree_simple_types@U?$pair@$$CBIPAVVIACapl@@@std@@@std@@@std@@@std@@QBEPAU?$pair@$$CBIPAVVIACapl@@@1@XZ 100041c0 f i capldll.obj
 0001:000031e0       ??D?$_Tree_const_iterator@V?$_Tree_val@U?$_Tree_simple_types@U?$pair@$$CBIPAVCaplInstanceData@@@std@@@std@@@std@@@std@@QBEABU?$pair@$$CBIPAVCaplInstanceData@@@1@XZ 100041e0 f i capldll.obj
 0001:000032c0       ??D?$_Tree_const_iterator@V?$_Tree_val@U?$_Tree_simple_types@U?$pair@$$CBIPAVVIACapl@@@std@@@std@@@std@@@std@@QBEABU?$pair@$$CBIPAVVIACapl@@@1@XZ 100042c0 f i capldll.obj
 0001:000033a0       ??D?$_Tree_iterator@V?$_Tree_val@U?$_Tree_simple_types@U?$pair@$$CBIPAVCaplInstanceData@@@std@@@std@@@std@@@std@@QBEAAU?$pair@$$CBIPAVCaplInstanceData@@@1@XZ 100043a0 f i capldll.obj
 0001:000033c0       ??D?$_Tree_iterator@V?$_Tree_val@U?$_Tree_simple_types@U?$pair@$$CBIPAVVIACapl@@@std@@@std@@@std@@@std@@QBEAAU?$pair@$$CBIPAVVIACapl@@@1@XZ 100043c0 f i capldll.obj
 0001:000033e0       ??E?$_Tree_unchecked_const_iterator@V?$_Tree_val@U?$_Tree_simple_types@U?$pair@$$CBIPAVCaplInstanceData@@@std@@@std@@@std@@U_Iterator_base0@2@@std@@QAE?AV01@H@Z 100043e0 f i capldll.obj
 0001:00003410       ??E?$_Tree_unchecked_const_iterator@V?$_Tree_val@U?$_Tree_simple_types@U?$pair@$$CBIPAVCaplInstanceData@@@std@@@std@@@std@@U_Iterator_base0@2@@std@@QAEAAV01@XZ 10004410 f i capldll.obj
 0001:00003480       ??R?$less@I@std@@QBE_NABI0@Z 10004480 f i capldll.obj
 0001:000034b0       ??_Gbad_alloc@std@@UAEPAXI@Z 100044b0 f i capldll.obj
 0001:000034b0       ??_Ebad_alloc@std@@UAEPAXI@Z 100044b0 f i capldll.obj
 0001:000034e0       ??_Ebad_array_new_length@std@@UAEPAXI@Z 100044e0 f i capldll.obj
 0001:000034e0       ??_Gbad_array_new_length@std@@UAEPAXI@Z 100044e0 f i capldll.obj
 0001:00003510       ??_Eexception@std@@UAEPAXI@Z 10004510 f i capldll.obj
 0001:00003510       ??_Gexception@std@@UAEPAXI@Z 10004510 f i capldll.obj
 0001:00003540       ?_Adjust_manually_vector_aligned@std@@YAXAAPAXAAI@Z 10004540 f i capldll.obj
 0001:00003650       ?_Adopt@_Iterator_base0@std@@QAEXPBX@Z 10004650 f i capldll.obj
 0001:00003660       ?_Adopt@_Iterator_base12@std@@QAEXPBU_Container_base12@2@@Z 10004660 f i capldll.obj
 0001:00003680       ?_Adopt_locked@_Iterator_base12@std@@AAEXPBU_Container_base12@2@@Z 10004680 f i capldll.obj
 0001:000036b0       ?_Adopt_unlocked@_Iterator_base12@std@@AAEXPBU_Container_base12@2@@Z 100046b0 f i capldll.obj
 0001:00003710       ?_Alloc_sentinel_and_proxy@?$_Tree@V?$_Tmap_traits@IPAVCaplInstanceData@@U?$less@I@std@@V?$allocator@U?$pair@$$CBIPAVCaplInstanceData@@@std@@@3@$0A@@std@@@std@@IAEXXZ 10004710 f i capldll.obj
 0001:000037b0       ?_Alloc_sentinel_and_proxy@?$_Tree@V?$_Tmap_traits@IPAVVIACapl@@U?$less@I@std@@V?$allocator@U?$pair@$$CBIPAVVIACapl@@@std@@@3@$0A@@std@@@std@@IAEXXZ 100047b0 f i capldll.obj
 0001:00003850       ?_Allocate@?$_Alloc_construct_ptr@V?$allocator@U?$_Tree_node@U?$pair@$$CBIPAVCaplInstanceData@@@std@@PAX@std@@@std@@@std@@QAEXXZ 10004850 f i capldll.obj
 0001:00003880       ?_Allocate@?$_Alloc_construct_ptr@V?$allocator@U?$_Tree_node@U?$pair@$$CBIPAVVIACapl@@@std@@PAX@std@@@std@@@std@@QAEXXZ 10004880 f i capldll.obj
 0001:000038b0       ?_Allocate@_Default_allocate_traits@std@@SAPAXI@Z 100048b0 f i capldll.obj
 0001:000038d0       ?_Assign_locked@_Iterator_base12@std@@AAEXABU12@@Z 100048d0 f i capldll.obj
 0001:00003900       ?_Assign_unlocked@_Iterator_base12@std@@AAEXABU12@@Z 10004900 f i capldll.obj
 0001:00003940       ?_Check_grow_by_1@?$_Tree@V?$_Tmap_traits@IPAVCaplInstanceData@@U?$less@I@std@@V?$allocator@U?$pair@$$CBIPAVCaplInstanceData@@@std@@@3@$0A@@std@@@std@@IAEXXZ 10004940 f i capldll.obj
 0001:00003970       ?_Check_grow_by_1@?$_Tree@V?$_Tmap_traits@IPAVVIACapl@@U?$less@I@std@@V?$allocator@U?$pair@$$CBIPAVVIACapl@@@std@@@3@$0A@@std@@@std@@IAEXXZ 10004970 f i capldll.obj
 0001:000039a0       ?_Erase_unchecked@?$_Tree@V?$_Tmap_traits@IPAVCaplInstanceData@@U?$less@I@std@@V?$allocator@U?$pair@$$CBIPAVCaplInstanceData@@@std@@@3@$0A@@std@@@std@@AAEPAU?$_Tree_node@U?$pair@$$CBIPAVCaplInstanceData@@@std@@PAX@2@V?$_Tree_unchecked_const_iterator@V?$_Tree_val@U?$_Tree_simple_types@U?$pair@$$CBIPAVCaplInstanceData@@@std@@@std@@@std@@U_Iterator_base0@2@@2@0@Z 100049a0 f i capldll.obj
 0001:00003a20       ?_Erase_unchecked@?$_Tree@V?$_Tmap_traits@IPAVCaplInstanceData@@U?$less@I@std@@V?$allocator@U?$pair@$$CBIPAVCaplInstanceData@@@std@@@3@$0A@@std@@@std@@AAEPAU?$_Tree_node@U?$pair@$$CBIPAVCaplInstanceData@@@std@@PAX@2@V?$_Tree_unchecked_const_iterator@V?$_Tree_val@U?$_Tree_simple_types@U?$pair@$$CBIPAVCaplInstanceData@@@std@@@std@@@std@@U_Iterator_base0@2@@2@@Z 10004a20 f i capldll.obj
 0001:00003a80       ?_Extract@?$_Tree_val@U?$_Tree_simple_types@U?$pair@$$CBIPAVCaplInstanceData@@@std@@@std@@@std@@QAEPAU?$_Tree_node@U?$pair@$$CBIPAVCaplInstanceData@@@std@@PAX@2@V?$_Tree_unchecked_const_iterator@V?$_Tree_val@U?$_Tree_simple_types@U?$pair@$$CBIPAVCaplInstanceData@@@std@@@std@@@std@@U_Iterator_base0@2@@2@@Z 10004a80 f i capldll.obj
 0001:00003eb0       ?_Get_first@?$_Compressed_pair@U?$less@I@std@@V?$_Compressed_pair@V?$allocator@U?$_Tree_node@U?$pair@$$CBIPAVCaplInstanceData@@@std@@PAX@std@@@std@@V?$_Tree_val@U?$_Tree_simple_types@U?$pair@$$CBIPAVCaplInstanceData@@@std@@@std@@@2@$00@2@$00@std@@QBEABU?$less@I@2@XZ 10004eb0 f i capldll.obj
 0001:00003ec0       ?_Get_first@?$_Compressed_pair@U?$less@I@std@@V?$_Compressed_pair@V?$allocator@U?$_Tree_node@U?$pair@$$CBIPAVVIACapl@@@std@@PAX@std@@@std@@V?$_Tree_val@U?$_Tree_simple_types@U?$pair@$$CBIPAVVIACapl@@@std@@@std@@@2@$00@2@$00@std@@QBEABU?$less@I@2@XZ 10004ec0 f i capldll.obj
 0001:00003ed0       ?_Get_first@?$_Compressed_pair@V?$allocator@U?$_Tree_node@U?$pair@$$CBIPAVCaplInstanceData@@@std@@PAX@std@@@std@@V?$_Tree_val@U?$_Tree_simple_types@U?$pair@$$CBIPAVCaplInstanceData@@@std@@@std@@@2@$00@std@@QAEAAV?$allocator@U?$_Tree_node@U?$pair@$$CBIPAVCaplInstanceData@@@std@@PAX@std@@@2@XZ 10004ed0 f i capldll.obj
 0001:00003ee0       ?_Get_first@?$_Compressed_pair@V?$allocator@U?$_Tree_node@U?$pair@$$CBIPAVCaplInstanceData@@@std@@PAX@std@@@std@@V?$_Tree_val@U?$_Tree_simple_types@U?$pair@$$CBIPAVCaplInstanceData@@@std@@@std@@@2@$00@std@@QBEABV?$allocator@U?$_Tree_node@U?$pair@$$CBIPAVCaplInstanceData@@@std@@PAX@std@@@2@XZ 10004ee0 f i capldll.obj
 0001:00003ef0       ?_Get_first@?$_Compressed_pair@V?$allocator@U?$_Tree_node@U?$pair@$$CBIPAVVIACapl@@@std@@PAX@std@@@std@@V?$_Tree_val@U?$_Tree_simple_types@U?$pair@$$CBIPAVVIACapl@@@std@@@std@@@2@$00@std@@QAEAAV?$allocator@U?$_Tree_node@U?$pair@$$CBIPAVVIACapl@@@std@@PAX@std@@@2@XZ 10004ef0 f i capldll.obj
 0001:00003f00       ?_Get_first@?$_Compressed_pair@V?$allocator@U?$_Tree_node@U?$pair@$$CBIPAVVIACapl@@@std@@PAX@std@@@std@@V?$_Tree_val@U?$_Tree_simple_types@U?$pair@$$CBIPAVVIACapl@@@std@@@std@@@2@$00@std@@QBEABV?$allocator@U?$_Tree_node@U?$pair@$$CBIPAVVIACapl@@@std@@PAX@std@@@2@XZ 10004f00 f i capldll.obj
 0001:00003f10       ?_Get_scary@?$_Tree@V?$_Tmap_traits@IPAVCaplInstanceData@@U?$less@I@std@@V?$allocator@U?$pair@$$CBIPAVCaplInstanceData@@@std@@@3@$0A@@std@@@std@@IAEPAV?$_Tree_val@U?$_Tree_simple_types@U?$pair@$$CBIPAVCaplInstanceData@@@std@@@std@@@2@XZ 10004f10 f i capldll.obj
 0001:00003f30       ?_Get_scary@?$_Tree@V?$_Tmap_traits@IPAVCaplInstanceData@@U?$less@I@std@@V?$allocator@U?$pair@$$CBIPAVCaplInstanceData@@@std@@@3@$0A@@std@@@std@@IBEPBV?$_Tree_val@U?$_Tree_simple_types@U?$pair@$$CBIPAVCaplInstanceData@@@std@@@std@@@2@XZ 10004f30 f i capldll.obj
 0001:00003f50       ?_Get_scary@?$_Tree@V?$_Tmap_traits@IPAVVIACapl@@U?$less@I@std@@V?$allocator@U?$pair@$$CBIPAVVIACapl@@@std@@@3@$0A@@std@@@std@@IAEPAV?$_Tree_val@U?$_Tree_simple_types@U?$pair@$$CBIPAVVIACapl@@@std@@@std@@@2@XZ 10004f50 f i capldll.obj
 0001:00003f70       ?_Get_scary@?$_Tree@V?$_Tmap_traits@IPAVVIACapl@@U?$less@I@std@@V?$allocator@U?$pair@$$CBIPAVVIACapl@@@std@@@3@$0A@@std@@@std@@IBEPBV?$_Tree_val@U?$_Tree_simple_types@U?$pair@$$CBIPAVVIACapl@@@std@@@std@@@2@XZ 10004f70 f i capldll.obj
 0001:00003f90       ?_Getal@?$_Tree@V?$_Tmap_traits@IPAVCaplInstanceData@@U?$less@I@std@@V?$allocator@U?$pair@$$CBIPAVCaplInstanceData@@@std@@@3@$0A@@std@@@std@@IAEAAV?$allocator@U?$_Tree_node@U?$pair@$$CBIPAVCaplInstanceData@@@std@@PAX@std@@@2@XZ 10004f90 f i capldll.obj
 0001:00003fb0       ?_Getal@?$_Tree@V?$_Tmap_traits@IPAVCaplInstanceData@@U?$less@I@std@@V?$allocator@U?$pair@$$CBIPAVCaplInstanceData@@@std@@@3@$0A@@std@@@std@@IBEABV?$allocator@U?$_Tree_node@U?$pair@$$CBIPAVCaplInstanceData@@@std@@PAX@std@@@2@XZ 10004fb0 f i capldll.obj
 0001:00003fd0       ?_Getal@?$_Tree@V?$_Tmap_traits@IPAVVIACapl@@U?$less@I@std@@V?$allocator@U?$pair@$$CBIPAVVIACapl@@@std@@@3@$0A@@std@@@std@@IAEAAV?$allocator@U?$_Tree_node@U?$pair@$$CBIPAVVIACapl@@@std@@PAX@std@@@2@XZ 10004fd0 f i capldll.obj
 0001:00003ff0       ?_Getal@?$_Tree@V?$_Tmap_traits@IPAVVIACapl@@U?$less@I@std@@V?$allocator@U?$pair@$$CBIPAVVIACapl@@@std@@@3@$0A@@std@@@std@@IBEABV?$allocator@U?$_Tree_node@U?$pair@$$CBIPAVVIACapl@@@std@@PAX@std@@@2@XZ 10004ff0 f i capldll.obj
 0001:00004010       ?_Getcomp@?$_Tree@V?$_Tmap_traits@IPAVCaplInstanceData@@U?$less@I@std@@V?$allocator@U?$pair@$$CBIPAVCaplInstanceData@@@std@@@3@$0A@@std@@@std@@IBEABU?$less@I@2@XZ 10005010 f i capldll.obj
 0001:00004030       ?_Getcomp@?$_Tree@V?$_Tmap_traits@IPAVVIACapl@@U?$less@I@std@@V?$allocator@U?$pair@$$CBIPAVVIACapl@@@std@@@3@$0A@@std@@@std@@IBEABU?$less@I@2@XZ 10005030 f i capldll.obj
 0001:00004050       ?_Getcont@_Iterator_base12@std@@QBEPBU_Container_base12@2@XZ 10005050 f i capldll.obj
 0001:00004080       ?_Insert_node@?$_Tree_val@U?$_Tree_simple_types@U?$pair@$$CBIPAVCaplInstanceData@@@std@@@std@@@std@@QAEPAU?$_Tree_node@U?$pair@$$CBIPAVCaplInstanceData@@@std@@PAX@2@U?$_Tree_id@PAU?$_Tree_node@U?$pair@$$CBIPAVCaplInstanceData@@@std@@PAX@std@@@2@QAU32@@Z 10005080 f i capldll.obj
 0001:00004290       ?_Insert_node@?$_Tree_val@U?$_Tree_simple_types@U?$pair@$$CBIPAVVIACapl@@@std@@@std@@@std@@QAEPAU?$_Tree_node@U?$pair@$$CBIPAVVIACapl@@@std@@PAX@2@U?$_Tree_id@PAU?$_Tree_node@U?$pair@$$CBIPAVVIACapl@@@std@@PAX@std@@@2@QAU32@@Z 10005290 f i capldll.obj
 0001:000044a0       ?_Lrotate@?$_Tree_val@U?$_Tree_simple_types@U?$pair@$$CBIPAVCaplInstanceData@@@std@@@std@@@std@@QAEXPAU?$_Tree_node@U?$pair@$$CBIPAVCaplInstanceData@@@std@@PAX@2@@Z 100054a0 f i capldll.obj
 0001:00004540       ?_Lrotate@?$_Tree_val@U?$_Tree_simple_types@U?$pair@$$CBIPAVVIACapl@@@std@@@std@@@std@@QAEXPAU?$_Tree_node@U?$pair@$$CBIPAVVIACapl@@@std@@PAX@2@@Z 10005540 f i capldll.obj
 0001:000045e0       ?_Max@?$_Tree_val@U?$_Tree_simple_types@U?$pair@$$CBIPAVCaplInstanceData@@@std@@@std@@@std@@SAPAU?$_Tree_node@U?$pair@$$CBIPAVCaplInstanceData@@@std@@PAX@2@PAU32@@Z 100055e0 f i capldll.obj
 0001:00004610       ?_Min@?$_Tree_val@U?$_Tree_simple_types@U?$pair@$$CBIPAVCaplInstanceData@@@std@@@std@@@std@@SAPAU?$_Tree_node@U?$pair@$$CBIPAVCaplInstanceData@@@std@@PAX@2@PAU32@@Z 10005610 f i capldll.obj
 0001:00004630       ?_Orphan_all@_Container_base12@std@@QAEXXZ 10005630 f i capldll.obj
 0001:00004650       ?_Orphan_all_locked_v3@_Container_base12@std@@AAEXXZ 10005650 f i capldll.obj
 0001:00004680       ?_Orphan_all_unlocked_v3@_Container_base12@std@@AAEXXZ 10005680 f i capldll.obj
 0001:000046e0       ?_Orphan_me_locked_v3@_Iterator_base12@std@@AAEXXZ 100056e0 f i capldll.obj
 0001:00004710       ?_Orphan_me_unlocked_v3@_Iterator_base12@std@@AAEXXZ 10005710 f i capldll.obj
 0001:000047d0       ?_Orphan_ptr@?$_Tree_val@U?$_Tree_simple_types@U?$pair@$$CBIPAVCaplInstanceData@@@std@@@std@@@std@@QAEXQAU?$_Tree_node@U?$pair@$$CBIPAVCaplInstanceData@@@std@@PAX@2@@Z 100057d0 f i capldll.obj
 0001:00004850       ?_Orphan_ptr@?$_Tree_val@U?$_Tree_simple_types@U?$pair@$$CBIPAVVIACapl@@@std@@@std@@@std@@QAEXQAU?$_Tree_node@U?$pair@$$CBIPAVVIACapl@@@std@@PAX@2@@Z 10005850 f i capldll.obj
 0001:000048d0       ?_Release@?$_Alloc_construct_ptr@V?$allocator@U?$_Tree_node@U?$pair@$$CBIPAVCaplInstanceData@@@std@@PAX@std@@@std@@@std@@QAEPAU?$_Tree_node@U?$pair@$$CBIPAVCaplInstanceData@@@std@@PAX@2@XZ 100058d0 f i capldll.obj
 0001:00004900       ?_Release@?$_Alloc_construct_ptr@V?$allocator@U?$_Tree_node@U?$pair@$$CBIPAVVIACapl@@@std@@PAX@std@@@std@@@std@@QAEPAU?$_Tree_node@U?$pair@$$CBIPAVVIACapl@@@std@@PAX@2@XZ 10005900 f i capldll.obj
 0001:00004930       ?_Release@_Basic_container_proxy_ptr12@std@@QAEXXZ 10005930 f i capldll.obj
 0001:00004950       ?_Rrotate@?$_Tree_val@U?$_Tree_simple_types@U?$pair@$$CBIPAVCaplInstanceData@@@std@@@std@@@std@@QAEXPAU?$_Tree_node@U?$pair@$$CBIPAVCaplInstanceData@@@std@@PAX@2@@Z 10005950 f i capldll.obj
 0001:000049f0       ?_Rrotate@?$_Tree_val@U?$_Tree_simple_types@U?$pair@$$CBIPAVVIACapl@@@std@@@std@@@std@@QAEXPAU?$_Tree_node@U?$pair@$$CBIPAVVIACapl@@@std@@PAX@2@@Z 100059f0 f i capldll.obj
 0001:00004a90       ?_Throw_bad_array_new_length@std@@YAXXZ 10005a90 f i capldll.obj
 0001:00004ab0       ?_Throw_tree_length_error@std@@YAXXZ 10005ab0 f i capldll.obj
 0001:00004ac0       ?_Unchecked_begin@?$_Tree@V?$_Tmap_traits@IPAVCaplInstanceData@@U?$less@I@std@@V?$allocator@U?$pair@$$CBIPAVCaplInstanceData@@@std@@@3@$0A@@std@@@std@@QAE?AV?$_Tree_unchecked_iterator@V?$_Tree_val@U?$_Tree_simple_types@U?$pair@$$CBIPAVCaplInstanceData@@@std@@@std@@@std@@@2@XZ 10005ac0 f i capldll.obj
 0001:00004af0       ?allocate@?$allocator@U?$_Tree_node@U?$pair@$$CBIPAVCaplInstanceData@@@std@@PAX@std@@@std@@QAEPAU?$_Tree_node@U?$pair@$$CBIPAVCaplInstanceData@@@std@@PAX@2@I@Z 10005af0 f i capldll.obj
 0001:00004b20       ?allocate@?$allocator@U?$_Tree_node@U?$pair@$$CBIPAVVIACapl@@@std@@PAX@std@@@std@@QAEPAU?$_Tree_node@U?$pair@$$CBIPAVVIACapl@@@std@@PAX@2@I@Z 10005b20 f i capldll.obj
 0001:00004b50       ?allocate@?$allocator@U_Container_proxy@std@@@std@@QAEPAU_Container_proxy@2@I@Z 10005b50 f i capldll.obj
 0001:00004b80       ?begin@?$_Tree@V?$_Tmap_traits@IPAVCaplInstanceData@@U?$less@I@std@@V?$allocator@U?$pair@$$CBIPAVCaplInstanceData@@@std@@@3@$0A@@std@@@std@@QAE?AV?$_Tree_iterator@V?$_Tree_val@U?$_Tree_simple_types@U?$pair@$$CBIPAVCaplInstanceData@@@std@@@std@@@std@@@2@XZ 10005b80 f i capldll.obj
 0001:00004bc0       ?clear@?$_Tree@V?$_Tmap_traits@IPAVCaplInstanceData@@U?$less@I@std@@V?$allocator@U?$pair@$$CBIPAVCaplInstanceData@@@std@@@3@$0A@@std@@@std@@QAEXXZ 10005bc0 f i capldll.obj
 0001:00004c30       ?clear@?$_Tree@V?$_Tmap_traits@IPAVVIACapl@@U?$less@I@std@@V?$allocator@U?$pair@$$CBIPAVVIACapl@@@std@@@3@$0A@@std@@@std@@QAEXXZ 10005c30 f i capldll.obj
 0001:00004ca0       ?deallocate@?$_Default_allocator_traits@V?$allocator@U?$_Tree_node@U?$pair@$$CBIPAVCaplInstanceData@@@std@@PAX@std@@@std@@@std@@SAXAAV?$allocator@U?$_Tree_node@U?$pair@$$CBIPAVCaplInstanceData@@@std@@PAX@std@@@2@QAU?$_Tree_node@U?$pair@$$CBIPAVCaplInstanceData@@@std@@PAX@2@I@Z 10005ca0 f i capldll.obj
 0001:00004cc0       ?deallocate@?$_Default_allocator_traits@V?$allocator@U?$_Tree_node@U?$pair@$$CBIPAVVIACapl@@@std@@PAX@std@@@std@@@std@@SAXAAV?$allocator@U?$_Tree_node@U?$pair@$$CBIPAVVIACapl@@@std@@PAX@std@@@2@QAU?$_Tree_node@U?$pair@$$CBIPAVVIACapl@@@std@@PAX@2@I@Z 10005cc0 f i capldll.obj
 0001:00004ce0       ?deallocate@?$_Default_allocator_traits@V?$allocator@U_Container_proxy@std@@@std@@@std@@SAXAAV?$allocator@U_Container_proxy@std@@@2@QAU_Container_proxy@2@I@Z 10005ce0 f i capldll.obj
 0001:00004d00       ?deallocate@?$allocator@U?$_Tree_node@U?$pair@$$CBIPAVCaplInstanceData@@@std@@PAX@std@@@std@@QAEXQAU?$_Tree_node@U?$pair@$$CBIPAVCaplInstanceData@@@std@@PAX@2@I@Z 10005d00 f i capldll.obj
 0001:00004d20       ?deallocate@?$allocator@U?$_Tree_node@U?$pair@$$CBIPAVVIACapl@@@std@@PAX@std@@@std@@QAEXQAU?$_Tree_node@U?$pair@$$CBIPAVVIACapl@@@std@@PAX@2@I@Z 10005d20 f i capldll.obj
 0001:00004d40       ?end@?$_Tree@V?$_Tmap_traits@IPAVCaplInstanceData@@U?$less@I@std@@V?$allocator@U?$pair@$$CBIPAVCaplInstanceData@@@std@@@3@$0A@@std@@@std@@QAE?AV?$_Tree_iterator@V?$_Tree_val@U?$_Tree_simple_types@U?$pair@$$CBIPAVCaplInstanceData@@@std@@@std@@@std@@@2@XZ 10005d40 f i capldll.obj
 0001:00004d70       ?end@?$_Tree@V?$_Tmap_traits@IPAVVIACapl@@U?$less@I@std@@V?$allocator@U?$pair@$$CBIPAVVIACapl@@@std@@@3@$0A@@std@@@std@@QAE?AV?$_Tree_iterator@V?$_Tree_val@U?$_Tree_simple_types@U?$pair@$$CBIPAVVIACapl@@@std@@@std@@@std@@@2@XZ 10005d70 f i capldll.obj
 0001:00004da0       ?erase@?$_Tree@V?$_Tmap_traits@IPAVCaplInstanceData@@U?$less@I@std@@V?$allocator@U?$pair@$$CBIPAVCaplInstanceData@@@std@@@3@$0A@@std@@@std@@QAEIABI@Z 10005da0 f i capldll.obj
 0001:00004e10       ?find@?$_Tree@V?$_Tmap_traits@IPAVCaplInstanceData@@U?$less@I@std@@V?$allocator@U?$pair@$$CBIPAVCaplInstanceData@@@std@@@3@$0A@@std@@@std@@QAE?AV?$_Tree_iterator@V?$_Tree_val@U?$_Tree_simple_types@U?$pair@$$CBIPAVCaplInstanceData@@@std@@@std@@@std@@@2@ABI@Z 10005e10 f i capldll.obj
 0001:00004e50       ?find@?$_Tree@V?$_Tmap_traits@IPAVVIACapl@@U?$less@I@std@@V?$allocator@U?$pair@$$CBIPAVVIACapl@@@std@@@3@$0A@@std@@@std@@QAE?AV?$_Tree_iterator@V?$_Tree_val@U?$_Tree_simple_types@U?$pair@$$CBIPAVVIACapl@@@std@@@std@@@std@@@2@ABI@Z 10005e50 f i capldll.obj
 0001:00004e90       ?max@?$numeric_limits@H@std@@SAHXZ 10005e90 f i capldll.obj
 0001:00004ea0       ?max_size@?$_Default_allocator_traits@V?$allocator@U?$_Tree_node@U?$pair@$$CBIPAVCaplInstanceData@@@std@@PAX@std@@@std@@@std@@SAIABV?$allocator@U?$_Tree_node@U?$pair@$$CBIPAVCaplInstanceData@@@std@@PAX@std@@@2@@Z 10005ea0 f i capldll.obj
 0001:00004eb0       ?max_size@?$_Default_allocator_traits@V?$allocator@U?$_Tree_node@U?$pair@$$CBIPAVVIACapl@@@std@@PAX@std@@@std@@@std@@SAIABV?$allocator@U?$_Tree_node@U?$pair@$$CBIPAVVIACapl@@@std@@PAX@std@@@2@@Z 10005eb0 f i capldll.obj
 0001:00004ec0       ?max_size@?$_Tree@V?$_Tmap_traits@IPAVCaplInstanceData@@U?$less@I@std@@V?$allocator@U?$pair@$$CBIPAVCaplInstanceData@@@std@@@3@$0A@@std@@@std@@QBEIXZ 10005ec0 f i capldll.obj
 0001:00004f00       ?max_size@?$_Tree@V?$_Tmap_traits@IPAVVIACapl@@U?$less@I@std@@V?$allocator@U?$pair@$$CBIPAVVIACapl@@@std@@@3@$0A@@std@@@std@@QBEIXZ 10005f00 f i capldll.obj
 0001:00004f40       ?pointer_to@?$pointer_traits@PAU?$pair@$$CBIPAVCaplInstanceData@@@std@@@std@@SAPAU?$pair@$$CBIPAVCaplInstanceData@@@2@AAU32@@Z 10005f40 f i capldll.obj
 0001:00004f60       ?pointer_to@?$pointer_traits@PAU?$pair@$$CBIPAVVIACapl@@@std@@@std@@SAPAU?$pair@$$CBIPAVVIACapl@@@2@AAU32@@Z 10005f60 f i capldll.obj
 0001:00004f80       ?size@?$_Tree@V?$_Tmap_traits@IPAVCaplInstanceData@@U?$less@I@std@@V?$allocator@U?$pair@$$CBIPAVCaplInstanceData@@@std@@@3@$0A@@std@@@std@@QBEIXZ 10005f80 f i capldll.obj
 0001:00004fa0       ?what@exception@std@@UBEPBDXZ 10005fa0 f i capldll.obj
 0001:00004fd0       _pochisq                   10005fd0 f   chisq.obj
 0001:00005560       _ENT_SimpleTest@44         10006560 f   ent.obj
 0001:000055e0       _ENT_VarTest@76            100065e0 f   ent.obj
 0001:00005650       _ENT@44                    10006650 f   ent.obj
 0001:00005900       _rt_init                   10006900 f   randtest.obj
 0001:00005a30       _rt_add                    10006a30 f   randtest.obj
 0001:00005ce0       _rt_end                    10006ce0 f   randtest.obj
 0001:00005fe0       ??0_Init_locks@std@@QAE@XZ 10006fe0 f   libcpmtd:xlock.obj
 0001:00006040       ??0_Lockit@std@@QAE@H@Z    10007040 f   libcpmtd:xlock.obj
 0001:00006090       ??0_Lockit@std@@QAE@XZ     10007090 f   libcpmtd:xlock.obj
 0001:000060d0       ??1_Init_locks@std@@QAE@XZ 100070d0 f   libcpmtd:xlock.obj
 0001:00006130       ??1_Lockit@std@@QAE@XZ     10007130 f   libcpmtd:xlock.obj
 0001:00006170       ?_Init_locks_ctor@_Init_locks@std@@CAXPAV12@@Z 10007170 f   libcpmtd:xlock.obj
 0001:000061d0       ?_Init_locks_dtor@_Init_locks@std@@CAXPAV12@@Z 100071d0 f   libcpmtd:xlock.obj
 0001:00006230       ?_Lockit_ctor@_Lockit@std@@CAXPAV12@@Z 10007230 f   libcpmtd:xlock.obj
 0001:00006250       ?_Lockit_ctor@_Lockit@std@@CAXPAV12@H@Z 10007250 f   libcpmtd:xlock.obj
 0001:00006290       ?_Lockit_ctor@_Lockit@std@@SAXH@Z 10007290 f   libcpmtd:xlock.obj
 0001:000062c0       ?_Lockit_dtor@_Lockit@std@@CAXPAV12@@Z 100072c0 f   libcpmtd:xlock.obj
 0001:000062e0       ?_Lockit_dtor@_Lockit@std@@SAXH@Z 100072e0 f   libcpmtd:xlock.obj
 0001:00006310       __Lock_at_thread_exit_mutex 10007310 f   libcpmtd:xlock.obj
 0001:00006330       __Unlock_at_thread_exit_mutex 10007330 f   libcpmtd:xlock.obj
 0001:00006350       ??0bad_alloc@std@@QAE@XZ   10007350 f i libcpmtd:xthrow.obj
 0001:00006380       ??0bad_function_call@std@@QAE@ABV01@@Z 10007380 f i libcpmtd:xthrow.obj
 0001:000063b0       ??0bad_function_call@std@@QAE@XZ 100073b0 f i libcpmtd:xthrow.obj
 0001:000063d0       ??0exception@std@@QAE@QBD@Z 100073d0 f i libcpmtd:xthrow.obj
 0001:00006420       ??0exception@std@@QAE@XZ   10007420 f i libcpmtd:xthrow.obj
 0001:00006450       ??0invalid_argument@std@@QAE@ABV01@@Z 10007450 f i libcpmtd:xthrow.obj
 0001:00006480       ??0invalid_argument@std@@QAE@PBD@Z 10007480 f i libcpmtd:xthrow.obj
 0001:000064b0       ??0length_error@std@@QAE@ABV01@@Z 100074b0 f i libcpmtd:xthrow.obj
 0001:000064e0       ??0length_error@std@@QAE@PBD@Z 100074e0 f i libcpmtd:xthrow.obj
 0001:00006510       ??0logic_error@std@@QAE@ABV01@@Z 10007510 f i libcpmtd:xthrow.obj
 0001:00006540       ??0logic_error@std@@QAE@PBD@Z 10007540 f i libcpmtd:xthrow.obj
 0001:00006570       ??0out_of_range@std@@QAE@ABV01@@Z 10007570 f i libcpmtd:xthrow.obj
 0001:000065a0       ??0out_of_range@std@@QAE@PBD@Z 100075a0 f i libcpmtd:xthrow.obj
 0001:000065d0       ??0overflow_error@std@@QAE@ABV01@@Z 100075d0 f i libcpmtd:xthrow.obj
 0001:00006600       ??0overflow_error@std@@QAE@PBD@Z 10007600 f i libcpmtd:xthrow.obj
 0001:00006630       ??0regex_error@std@@QAE@ABV01@@Z 10007630 f i libcpmtd:xthrow.obj
 0001:00006670       ??0regex_error@std@@QAE@W4error_type@regex_constants@1@@Z 10007670 f i libcpmtd:xthrow.obj
 0001:000066b0       ??0runtime_error@std@@QAE@ABV01@@Z 100076b0 f i libcpmtd:xthrow.obj
 0001:000066e0       ??0runtime_error@std@@QAE@PBD@Z 100076e0 f i libcpmtd:xthrow.obj
 0001:00006710       ??1bad_function_call@std@@UAE@XZ 10007710 f i libcpmtd:xthrow.obj
 0001:00006730       ??1invalid_argument@std@@UAE@XZ 10007730 f i libcpmtd:xthrow.obj
 0001:00006750       ??1length_error@std@@UAE@XZ 10007750 f i libcpmtd:xthrow.obj
 0001:00006770       ??1logic_error@std@@UAE@XZ 10007770 f i libcpmtd:xthrow.obj
 0001:00006790       ??1out_of_range@std@@UAE@XZ 10007790 f i libcpmtd:xthrow.obj
 0001:000067b0       ??1overflow_error@std@@UAE@XZ 100077b0 f i libcpmtd:xthrow.obj
 0001:000067d0       ??1regex_error@std@@UAE@XZ 100077d0 f i libcpmtd:xthrow.obj
 0001:000067f0       ??1runtime_error@std@@UAE@XZ 100077f0 f i libcpmtd:xthrow.obj
 0001:00006810       ??_Gbad_function_call@std@@UAEPAXI@Z 10007810 f i libcpmtd:xthrow.obj
 0001:00006810       ??_Ebad_function_call@std@@UAEPAXI@Z 10007810 f i libcpmtd:xthrow.obj
 0001:00006840       ??_Ginvalid_argument@std@@UAEPAXI@Z 10007840 f i libcpmtd:xthrow.obj
 0001:00006840       ??_Einvalid_argument@std@@UAEPAXI@Z 10007840 f i libcpmtd:xthrow.obj
 0001:00006870       ??_Glength_error@std@@UAEPAXI@Z 10007870 f i libcpmtd:xthrow.obj
 0001:00006870       ??_Elength_error@std@@UAEPAXI@Z 10007870 f i libcpmtd:xthrow.obj
 0001:000068a0       ??_Glogic_error@std@@UAEPAXI@Z 100078a0 f i libcpmtd:xthrow.obj
 0001:000068a0       ??_Elogic_error@std@@UAEPAXI@Z 100078a0 f i libcpmtd:xthrow.obj
 0001:000068d0       ??_Gout_of_range@std@@UAEPAXI@Z 100078d0 f i libcpmtd:xthrow.obj
 0001:000068d0       ??_Eout_of_range@std@@UAEPAXI@Z 100078d0 f i libcpmtd:xthrow.obj
 0001:00006900       ??_Eoverflow_error@std@@UAEPAXI@Z 10007900 f i libcpmtd:xthrow.obj
 0001:00006900       ??_Goverflow_error@std@@UAEPAXI@Z 10007900 f i libcpmtd:xthrow.obj
 0001:00006930       ??_Eregex_error@std@@UAEPAXI@Z 10007930 f i libcpmtd:xthrow.obj
 0001:00006930       ??_Gregex_error@std@@UAEPAXI@Z 10007930 f i libcpmtd:xthrow.obj
 0001:00006960       ??_Gruntime_error@std@@UAEPAXI@Z 10007960 f i libcpmtd:xthrow.obj
 0001:00006960       ??_Eruntime_error@std@@UAEPAXI@Z 10007960 f i libcpmtd:xthrow.obj
 0001:00006990       ?_Stringify@regex_error@std@@CAPBDW4error_type@regex_constants@2@@Z 10007990 f i libcpmtd:xthrow.obj
 0001:00006a60       ?_Xbad_alloc@std@@YAXXZ    10007a60 f   libcpmtd:xthrow.obj
 0001:00006a80       ?_Xbad_function_call@std@@YAXXZ 10007a80 f   libcpmtd:xthrow.obj
 0001:00006aa0       ?_Xinvalid_argument@std@@YAXPBD@Z 10007aa0 f   libcpmtd:xthrow.obj
 0001:00006ad0       ?_Xlength_error@std@@YAXPBD@Z 10007ad0 f   libcpmtd:xthrow.obj
 0001:00006b00       ?_Xout_of_range@std@@YAXPBD@Z 10007b00 f   libcpmtd:xthrow.obj
 0001:00006b30       ?_Xoverflow_error@std@@YAXPBD@Z 10007b30 f   libcpmtd:xthrow.obj
 0001:00006b60       ?_Xregex_error@std@@YAXW4error_type@regex_constants@1@@Z 10007b60 f   libcpmtd:xthrow.obj
 0001:00006b90       ?_Xruntime_error@std@@YAXPBD@Z 10007b90 f   libcpmtd:xthrow.obj
 0001:00006bc0       ?__empty_global_delete@@YAXPAX@Z 10007bc0 f i libcpmtd:xthrow.obj
 0001:00006bd0       ?__empty_global_delete@@YAXPAXI@Z 10007bd0 f i libcpmtd:xthrow.obj
 0001:00006be0       ?__empty_global_delete@@YAXPAXIW4align_val_t@std@@@Z 10007be0 f i libcpmtd:xthrow.obj
 0001:00006bf0       ?__empty_global_delete@@YAXPAXW4align_val_t@std@@@Z 10007bf0 f i libcpmtd:xthrow.obj
 0001:00006c00       ?what@bad_function_call@std@@UBEPBDXZ 10007c00 f i libcpmtd:xthrow.obj
 0001:00006c10       __Mtxdst                   10007c10 f   libcpmtd:xmtx.obj
 0001:00006c20       __Mtxinit                  10007c20 f   libcpmtd:xmtx.obj
 0001:00006c40       __Mtxlock                  10007c40 f   libcpmtd:xmtx.obj
 0001:00006c50       __Mtxunlock                10007c50 f   libcpmtd:xmtx.obj
 0001:00006c60       ??2@YAPAXI@Z               10007c60 f   LIBCMTD:new_scalar.obj
 0001:00006cb0       ??3@YAXPAXI@Z              10007cb0 f   LIBCMTD:delete_scalar_size.obj
 0001:00006cd0       ?configure_argv@__scrt_narrow_argv_policy@@SAHXZ 10007cd0 f i LIBCMTD:utility.obj
 0001:00006d80       ?initialize_environment@__scrt_narrow_environment_policy@@SAHXZ 10007d80 f i LIBCMTD:utility.obj
 0001:00006e00       _NtCurrentTeb              10007e00 f i LIBCMTD:utility.obj
 0001:00006e10       ___scrt_acquire_startup_lock 10007e10 f   LIBCMTD:utility.obj
 0001:00006e60       ___scrt_dllmain_after_initialize_c 10007e60 f   LIBCMTD:utility.obj
 0001:00006e90       ___scrt_dllmain_before_initialize_c 10007e90 f   LIBCMTD:utility.obj
 0001:00006eb0       ___scrt_dllmain_crt_thread_attach 10007eb0 f   LIBCMTD:utility.obj
 0001:00006ee0       ___scrt_dllmain_crt_thread_detach 10007ee0 f   LIBCMTD:utility.obj
 0001:00006f00       ___scrt_dllmain_exception_filter 10007f00 f   LIBCMTD:utility.obj
 0001:00006f50       ___scrt_dllmain_uninitialize_c 10007f50 f   LIBCMTD:utility.obj
 0001:00006f80       ___scrt_dllmain_uninitialize_critical 10007f80 f   LIBCMTD:utility.obj
 0001:00006fa0       ___scrt_initialize_crt     10007fa0 f   LIBCMTD:utility.obj
 0001:00006ff0       ___scrt_initialize_onexit_tables 10007ff0 f   LIBCMTD:utility.obj
 0001:000070d0       ___scrt_is_nonwritable_in_current_image 100080d0 f   LIBCMTD:utility.obj
 0001:00007200       ___scrt_release_startup_lock 10008200 f   LIBCMTD:utility.obj
 0001:00007230       ___scrt_uninitialize_crt   10008230 f   LIBCMTD:utility.obj
 0001:00007270       __onexit                   10008270 f   LIBCMTD:utility.obj
 0001:000072e0       _at_quick_exit             100082e0 f   LIBCMTD:utility.obj
 0001:00007320       _atexit                    10008320 f   LIBCMTD:utility.obj
 0001:00007350       @__security_check_cookie@4 10008350 f   LIBCMTD:secchk.obj
 0001:00007360       ??1type_info@@UAE@XZ       10008360 f   LIBCMTD:std_type_info_static.obj
 0001:00007380       ??_Etype_info@@UAEPAXI@Z   10008380 f i LIBCMTD:std_type_info_static.obj
 0001:00007380       ??_Gtype_info@@UAEPAXI@Z   10008380 f i LIBCMTD:std_type_info_static.obj
 0001:00007880       __CRT_INIT@12              10008880 f   LIBCMTD:dll_dllmain.obj
 0001:000078a0       __DllMainCRTStartup@12     100088a0 f   LIBCMTD:dll_dllmain.obj
 0001:000078d0       ?__scrt_throw_std_bad_alloc@@YAXXZ 100088d0 f   LIBCMTD:throw_bad_alloc.obj
 0001:000078f0       ?__scrt_throw_std_bad_array_new_length@@YAXXZ 100088f0 f   LIBCMTD:throw_bad_alloc.obj
 0001:00007910       ??3@YAXPAX@Z               10008910 f   LIBCMTD:delete_scalar.obj
 0001:00007930       ___isa_available_init      10008930 f   LIBCMTD:cpu_disp.obj
 0001:00007c70       __get_startup_argv_mode    10008c70 f   LIBCMTD:argv_mode.obj
 0001:00007c80       ___scrt_is_ucrt_dll_in_use 10008c80 f   LIBCMTD:ucrt_detection.obj
 0001:00007cb0       ___scrt_fastfail           10008cb0 f   LIBCMTD:utility_desktop.obj
 0001:00007df0       ___scrt_get_show_window_mode 10008df0 f   LIBCMTD:utility_desktop.obj
 0001:00007e30       ___scrt_initialize_mta     10008e30 f   LIBCMTD:utility_desktop.obj
 0001:00007e40       ___scrt_initialize_winrt   10008e40 f   LIBCMTD:utility_desktop.obj
 0001:00007e50       ___scrt_is_managed_app     10008e50 f   LIBCMTD:utility_desktop.obj
 0001:00007ee0       ___scrt_set_unhandled_exception_filter 10008ee0 f   LIBCMTD:utility_desktop.obj
 0001:00007ef0       ___scrt_stub_for_initialize_mta 10008ef0 f   LIBCMTD:utility_desktop.obj
 0001:00007ef0       ___scrt_exe_initialize_mta 10008ef0 f   LIBCMTD:utility_desktop.obj
 0001:00007f00       ___scrt_unhandled_exception_filter@4 10008f00 f   LIBCMTD:utility_desktop.obj
 0001:00007f80       __crt_debugger_hook        10008f80 f   LIBCMTD:utility_desktop.obj
 0001:00007f90       @_guard_check_icall_nop@4  10008f90 f i LIBCMTD:guard_support.obj
 0001:00007fa0       _ReadNoFence               10008fa0 f i LIBCMTD:guard_support.obj
 0001:00007fc0       _ReadPointerNoFence        10008fc0 f i LIBCMTD:guard_support.obj
 0001:00007fe0       ___castguard_check_failure_debugbreak 10008fe0 f i LIBCMTD:guard_support.obj
 0001:00008000       ___castguard_check_failure_fastfail 10009000 f i LIBCMTD:guard_support.obj
 0001:00008020       ___castguard_check_failure_nop 10009020 f i LIBCMTD:guard_support.obj
 0001:00008030       ___castguard_check_failure_os_handled 10009030 f i LIBCMTD:guard_support.obj
 0001:000080b0       ___castguard_slow_path_check_debugbreak 100090b0 f i LIBCMTD:guard_support.obj
 0001:000080e0       ___castguard_slow_path_check_fastfail 100090e0 f i LIBCMTD:guard_support.obj
 0001:00008120       ___castguard_slow_path_check_nop 10009120 f i LIBCMTD:guard_support.obj
 0001:00008130       ___castguard_slow_path_check_os_handled 10009130 f i LIBCMTD:guard_support.obj
 0001:000081d0       __guard_icall_checks_enforced 100091d0 f i LIBCMTD:guard_support.obj
 0001:00008200       ___raise_securityfailure   10009200 f   LIBCMTD:gs_report.obj
 0001:00008230       ___report_gsfailure        10009230 f   LIBCMTD:gs_report.obj
 0001:00008340       ___report_rangecheckfailure 10009340 f   LIBCMTD:gs_report.obj
 0001:00008350       ___report_securityfailure  10009350 f   LIBCMTD:gs_report.obj
 0001:00008430       ___report_securityfailureEx 10009430 f   LIBCMTD:gs_report.obj
 0001:000085d0       ___security_init_cookie    100095d0 f   LIBCMTD:gs_support.obj
 0001:00008650       _DllMain@12                10009650 f   LIBCMTD:dll_dllmain_stub.obj
 0001:00008660       ?__scrt_initialize_type_info@@YAXXZ 10009660 f   LIBCMTD:tncleanup.obj
 0001:00008670       ?__scrt_uninitialize_type_info@@YAXXZ 10009670 f   LIBCMTD:tncleanup.obj
 0001:00008690       ___local_stdio_printf_options 10009690 f i LIBCMTD:default_local_stdio_options.obj
 0001:000086a0       ___local_stdio_scanf_options 100096a0 f i LIBCMTD:default_local_stdio_options.obj
 0001:000086b0       ___scrt_initialize_default_local_stdio_options 100096b0 f   LIBCMTD:default_local_stdio_options.obj
 0001:000086f0       ___scrt_get_dyn_tls_init_callback 100096f0 f   LIBCMTD:dyn_tls_init.obj
 0001:00008700       __RTC_Initialize           10009700 f   LIBCMTD:initsect.obj
 0001:00008730       __RTC_Terminate            10009730 f   LIBCMTD:initsect.obj
 0001:00008760       _memcpy                    10009760 f   libvcruntimed:memcpy.obj
 0001:00008ce0       ??$?RD@__crt_public_free_policy@@QBEXQBD@Z 10009ce0 f i libvcruntimed:std_exception.obj
 0001:00008d00       ??0?$__crt_unique_heap_ptr@DU__crt_public_free_policy@@@@QAE@QAD@Z 10009d00 f i libvcruntimed:std_exception.obj
 0001:00008d20       ??1?$__crt_unique_heap_ptr@DU__crt_public_free_policy@@@@QAE@XZ 10009d20 f i libvcruntimed:std_exception.obj
 0001:00008d40       ??B?$__crt_unique_heap_ptr@DU__crt_public_free_policy@@@@QBE_NXZ 10009d40 f i libvcruntimed:std_exception.obj
 0001:00008d60       ?detach@?$__crt_unique_heap_ptr@DU__crt_public_free_policy@@@@QAEPADXZ 10009d60 f i libvcruntimed:std_exception.obj
 0001:00008d90       ?get@?$__crt_unique_heap_ptr@DU__crt_public_free_policy@@@@QBEPADXZ 10009d90 f i libvcruntimed:std_exception.obj
 0001:00008da0       ?is_valid@?$__crt_unique_heap_ptr@DU__crt_public_free_policy@@@@QBE_NXZ 10009da0 f i libvcruntimed:std_exception.obj
 0001:00008dd0       ?release@?$__crt_unique_heap_ptr@DU__crt_public_free_policy@@@@QAEXXZ 10009dd0 f i libvcruntimed:std_exception.obj
 0001:00008e00       ___std_exception_copy      10009e00 f   libvcruntimed:std_exception.obj
 0001:00008ef0       ___std_exception_destroy   10009ef0 f   libvcruntimed:std_exception.obj
 0001:00008f20       __CxxThrowException@8      10009f20 f   libvcruntimed:throw.obj
 0001:00008fd0       ??$?0AAViterator@TryBlockMap@__FrameHandler3@@AAV012@$0A@@?$pair@Viterator@TryBlockMap@__FrameHandler3@@V123@@std@@QAE@AAViterator@TryBlockMap@__FrameHandler3@@0@Z 10009fd0 f i libvcruntimed:trnsctrl.obj
 0001:00009020       ??$forward@AAViterator@TryBlockMap@__FrameHandler3@@@std@@YAAAViterator@TryBlockMap@__FrameHandler3@@AAV123@@Z 1000a020 f i libvcruntimed:trnsctrl.obj
 0001:00009030       ??0iterator@TryBlockMap@__FrameHandler3@@QAE@AAV12@I@Z 1000a030 f i libvcruntimed:trnsctrl.obj
 0001:00009060       ?GetRangeOfTrysToCheck@__FrameHandler3@@SA?AU?$pair@Viterator@TryBlockMap@__FrameHandler3@@V123@@std@@AAVTryBlockMap@1@HPAXPBU_s_FuncInfo@@H@Z 1000a060 f   libvcruntimed:trnsctrl.obj
 0001:00009140       ?_CallCatchBlock2@@YAPAXPAUEHRegistrationNode@@PBU_s_FuncInfo@@PAXHK@Z 1000a140 f   libvcruntimed:trnsctrl.obj
 0001:000091b0       ?_CallSETranslator@@YAHPAUEHExceptionRecord@@PAUEHRegistrationNode@@PAX2PBU_s_FuncInfo@@H1@Z 1000a1b0 f   libvcruntimed:trnsctrl.obj
 0001:000092c0       ?_JumpToContinuation@@YGXPAXPAUEHRegistrationNode@@@Z 1000a2c0 f   libvcruntimed:trnsctrl.obj
 0001:00009300       ?_UnwindNestedFrames@@YGXPAUEHRegistrationNode@@PAUEHExceptionRecord@@@Z 1000a300 f   libvcruntimed:trnsctrl.obj
 0001:00009360       __CatchGuardHandler        1000a360 f   libvcruntimed:trnsctrl.obj
 0001:000093b0       __CreateFrameInfo          1000a3b0 f   libvcruntimed:trnsctrl.obj
 0001:000093e0       __FindAndUnlinkFrame       1000a3e0 f   libvcruntimed:trnsctrl.obj
 0001:00009450       __TranslatorGuardHandler   1000a450 f   libvcruntimed:trnsctrl.obj
 0001:00009500       ___CxxFrameHandler         1000a500 f   libvcruntimed:trnsctrl.obj
 0001:00009540       ___CxxFrameHandler2        1000a540 f   libvcruntimed:trnsctrl.obj
 0001:00009580       ___CxxFrameHandler3        1000a580 f   libvcruntimed:trnsctrl.obj
 0001:000095c0       ___CxxLongjmpUnwind@4      1000a5c0 f   libvcruntimed:trnsctrl.obj
 0001:00009600       _memset                    1000a600 f   libvcruntimed:memset.obj
 0001:00009760       ___vcrt_initialize         1000a760 f   libvcruntimed:initialization.obj
 0001:000097a0       ___vcrt_thread_attach      1000a7a0 f   libvcruntimed:initialization.obj
 0001:000097c0       ___vcrt_thread_detach      1000a7c0 f   libvcruntimed:initialization.obj
 0001:000097e0       ___vcrt_uninitialize       1000a7e0 f   libvcruntimed:initialization.obj
 0001:00009800       ___vcrt_uninitialize_critical 1000a800 f   libvcruntimed:initialization.obj
 0001:00009880       __except_handler4          1000a880 f   libvcruntimed:chandler4.obj
 0001:00009a70       ___DestructExceptionObject 1000aa70 f   libvcruntimed:ehhelpers.obj
 0001:00009b90       ?_CallMemberFunction0@@YGXQAX0@Z 1000ab90 f i libvcruntimed:ehhelpers.obj
 0001:00009c30       ?raw_name@type_info@@QBEPBDXZ 1000ac30 f i libvcruntimed:ehhelpers.obj
 0001:00009c50       __IsExceptionObjectToBeDestroyed 1000ac50 f   libvcruntimed:ehhelpers.obj
 0001:00009c90       __SetWinRTOutOfMemoryExceptionCallback 1000ac90 f   libvcruntimed:ehhelpers.obj
 0001:00009ca0       ___AdjustPointer           1000aca0 f   libvcruntimed:ehhelpers.obj
 0001:00009cf0       ___FrameUnwindFilter       1000acf0 f   libvcruntimed:ehhelpers.obj
 0001:00009d80       ___GetPlatformExceptionInfo 1000ad80 f   libvcruntimed:ehhelpers.obj
 0001:00009e00       ___current_exception       1000ae00 f   libvcruntimed:ehhelpers.obj
 0001:00009e10       ___current_exception_context 1000ae10 f   libvcruntimed:ehhelpers.obj
 0001:00009e20       ___processing_throw        1000ae20 f   libvcruntimed:ehhelpers.obj
 0001:00009e30       ___std_terminate           1000ae30 f   libvcruntimed:ehhelpers.obj
 0001:00009e40       __is_exception_typeof      1000ae40 f   libvcruntimed:ehhelpers.obj
 0001:00009f40       ??$?RD@__crt_internal_free_policy@@QBEXQBD@Z 1000af40 f i libvcruntimed:std_type_info.obj
 0001:00009f60       ??$?RX@__crt_internal_free_policy@@QBEXQBX@Z 1000af60 f i libvcruntimed:std_type_info.obj
 0001:00009f80       ??$__crt_interlocked_compare_exchange_pointer@$$CBDPAD$$T@@YAPBDPDSBDQAD$$T@Z 1000af80 f i libvcruntimed:std_type_info.obj
 0001:00009fa0       ??$__crt_interlocked_read_pointer@$$CBD@@YAPBDPDSBD@Z 1000afa0 f i libvcruntimed:std_type_info.obj
 0001:00009fc0       ??0?$__crt_unique_heap_ptr@DU__crt_internal_free_policy@@@@QAE@QAD@Z 1000afc0 f i libvcruntimed:std_type_info.obj
 0001:00009fe0       ??0?$__crt_unique_heap_ptr@XU__crt_internal_free_policy@@@@QAE@QAX@Z 1000afe0 f i libvcruntimed:std_type_info.obj
 0001:0000a000       ??1?$__crt_unique_heap_ptr@DU__crt_internal_free_policy@@@@QAE@XZ 1000b000 f i libvcruntimed:std_type_info.obj
 0001:0000a020       ??1?$__crt_unique_heap_ptr@XU__crt_internal_free_policy@@@@QAE@XZ 1000b020 f i libvcruntimed:std_type_info.obj
 0001:0000a040       ??B?$__crt_unique_heap_ptr@DU__crt_internal_free_policy@@@@QBE_NXZ 1000b040 f i libvcruntimed:std_type_info.obj
 0001:0000a060       ??B?$__crt_unique_heap_ptr@XU__crt_internal_free_policy@@@@QBE_NXZ 1000b060 f i libvcruntimed:std_type_info.obj
 0001:0000a0f0       ?__crt_interlocked_read_32@@YAHPDH@Z 1000b0f0 f i libvcruntimed:std_type_info.obj
 0001:0000a110       ?detach@?$__crt_unique_heap_ptr@XU__crt_internal_free_policy@@@@QAEPAXXZ 1000b110 f i libvcruntimed:std_type_info.obj
 0001:0000a140       ?get@?$__crt_unique_heap_ptr@DU__crt_internal_free_policy@@@@QBEPADXZ 1000b140 f i libvcruntimed:std_type_info.obj
 0001:0000a150       ?get@?$__crt_unique_heap_ptr@XU__crt_internal_free_policy@@@@QBEPAXXZ 1000b150 f i libvcruntimed:std_type_info.obj
 0001:0000a160       ?is_valid@?$__crt_unique_heap_ptr@DU__crt_internal_free_policy@@@@QBE_NXZ 1000b160 f i libvcruntimed:std_type_info.obj
 0001:0000a190       ?is_valid@?$__crt_unique_heap_ptr@XU__crt_internal_free_policy@@@@QBE_NXZ 1000b190 f i libvcruntimed:std_type_info.obj
 0001:0000a1c0       ?release@?$__crt_unique_heap_ptr@DU__crt_internal_free_policy@@@@QAEXXZ 1000b1c0 f i libvcruntimed:std_type_info.obj
 0001:0000a1f0       ?release@?$__crt_unique_heap_ptr@XU__crt_internal_free_policy@@@@QAEXXZ 1000b1f0 f i libvcruntimed:std_type_info.obj
[...]
 0002:000233c8       __sehtable$_signal         100a43c8     libucrtd:signal.obj
 0002:000233e8       __sehtable$_raise          100a43e8     libucrtd:signal.obj
 0002:00023408       __sehtable$?ctrlevent_capture@@YGHK@Z 100a4408     libucrtd:signal.obj
 0002:00023428       __sehtable$??$?RV<lambda_cbab9ec6f41b0180b23cc171c22676b0>@@AAV<lambda_44731a7d0e6d81c3e6aa82d741081786>@@V<lambda_4b292cb8dd18144e164572427af410ab>@@@?$__crt_seh_guarded_call@P6AXH@Z@@QAEP6AXH@Z$$QAV<lambda_cbab9ec6f41b0180b23cc171c22676b0>@@AAV<lambda_44731a7d0e6d81c3e6aa82d741081786>@@$$QAV<lambda_4b292cb8dd18144e164572427af410ab>@@@Z 100a4428     libucrtd:signal.obj
 0002:00023448       __sehtable$??$?RV<lambda_6b4b7855443974f2b4b77000ea21c99c>@@AAV<lambda_8f7d3b162ab39427f4fa9995c67a7986>@@V<lambda_cc9a5ba8a5d8428b9634eab82665e5dc>@@@?$__crt_seh_guarded_call@H@@QAEH$$QAV<lambda_6b4b7855443974f2b4b77000ea21c99c>@@AAV<lambda_8f7d3b162ab39427f4fa9995c67a7986>@@$$QAV<lambda_cc9a5ba8a5d8428b9634eab82665e5dc>@@@Z 100a4448     libucrtd:winapi_thunks.obj
 0002:00023464       __ehfuncinfo$??1?$__crt_win32_buffer@_WU__crt_win32_buffer_internal_dynamic_resizing@@@@QAE@XZ 100a4464     libucrtd:argv_wildcards.obj
 0002:00023488       __ehfuncinfo$??1?$__crt_win32_buffer@DU__crt_win32_buffer_internal_dynamic_resizing@@@@QAE@XZ 100a4488     libucrtd:argv_wildcards.obj
 0002:000234b0       __sehtable$?update_thread_multibyte_data_internal@@YAPAU__crt_multibyte_data@@QAU__acrt_ptd@@QAPAU1@@Z 100a44b0     libucrtd:mbctype.obj
 0002:000234d0       __sehtable$??$?RV<lambda_b5fb591949065c3fa449bad279e8c939>@@AAV<lambda_6c10a39a819b864ce80acc26b314dcd3>@@V<lambda_e567670a9eae49807d365f3e9c117712>@@@?$__crt_seh_guarded_call@X@@QAEX$$QAV<lambda_b5fb591949065c3fa449bad279e8c939>@@AAV<lambda_6c10a39a819b864ce80acc26b314dcd3>@@$$QAV<lambda_e567670a9eae49807d365f3e9c117712>@@@Z 100a44d0     libucrtd:mbctype.obj
 0002:000234f0       __sehtable$___acrt_initialize_lowio 100a44f0     libucrtd:ioinit.obj
 0002:00023510       __sehtable$__free_locale   100a4510     libucrtd:wsetlocale.obj
 0002:00023538       __sehtable$??$?RV<lambda_e5124f882df8998aaf41531e079ba474>@@AAV<lambda_3e16ef9562a7dcce91392c22ab16ea36>@@V<lambda_e25ca0880e6ef98be67edffd8c599615>@@@?$__crt_seh_guarded_call@X@@QAEX$$QAV<lambda_e5124f882df8998aaf41531e079ba474>@@AAV<lambda_3e16ef9562a7dcce91392c22ab16ea36>@@$$QAV<lambda_e25ca0880e6ef98be67edffd8c599615>@@@Z 100a4538     libucrtd:wsetlocale.obj
 0002:00023558       __sehtable$??$?RV<lambda_82aef432098b982f9ede325b418aa67a>@@AAV<lambda_862e9a3f04921db6ca1ce3faa2bf3edf>@@V<lambda_ffabc152e504b53d7492b9889b10c020>@@@?$__crt_seh_guarded_call@X@@QAEX$$QAV<lambda_82aef432098b982f9ede325b418aa67a>@@AAV<lambda_862e9a3f04921db6ca1ce3faa2bf3edf>@@$$QAV<lambda_ffabc152e504b53d7492b9889b10c020>@@@Z 100a4558     libucrtd:wsetlocale.obj
 0002:00023578       __sehtable$??$?RV<lambda_6673f7c4c09a5d469d0c27ae364621ce>@@AAV<lambda_ebab98244f73a74f49db879bf13fa982>@@V<lambda_be20789b7a146653eab82509ec35b419>@@@?$__crt_seh_guarded_call@X@@QAEX$$QAV<lambda_6673f7c4c09a5d469d0c27ae364621ce>@@AAV<lambda_ebab98244f73a74f49db879bf13fa982>@@$$QAV<lambda_be20789b7a146653eab82509ec35b419>@@@Z 100a4578     libucrtd:wsetlocale.obj
 0002:00023598       __sehtable$??$?RV<lambda_0ff85b93027346d7432bb3023aec6ca2>@@AAV<lambda_68d7bddd96f25fcce1ffdf2015caa5ef>@@V<lambda_76dfb5fad0972d29fc31689647b14724>@@@?$__crt_seh_guarded_call@X@@QAEX$$QAV<lambda_0ff85b93027346d7432bb3023aec6ca2>@@AAV<lambda_68d7bddd96f25fcce1ffdf2015caa5ef>@@$$QAV<lambda_76dfb5fad0972d29fc31689647b14724>@@@Z 100a4598     libucrtd:wsetlocale.obj
 0002:000235b8       __sehtable$??$?RV<lambda_e3d3a36ab7e68c499af6ccbe85f8d9f4>@@AAV<lambda_c71b65d7ce90e870fe94dc13983de2af>@@AAV<lambda_02db5278e8aef8b5e4976579d73f5304>@@@?$__crt_seh_guarded_call@X@@QAEX$$QAV<lambda_e3d3a36ab7e68c499af6ccbe85f8d9f4>@@AAV<lambda_c71b65d7ce90e870fe94dc13983de2af>@@AAV<lambda_02db5278e8aef8b5e4976579d73f5304>@@@Z 100a45b8     libucrtd:wsetlocale.obj
 0002:000235d4       __unwindtable$?fp_format_a@@YAHQBNPADIQADIH_NIQAU__crt_locale_pointers@@W4__acrt_rounding_mode@@@Z 100a45d4     libucrtd:cvt.obj
 0002:000235dc       __ehfuncinfo$?fp_format_a@@YAHQBNPADIQADIH_NIQAU__crt_locale_pointers@@W4__acrt_rounding_mode@@@Z 100a45dc     libucrtd:cvt.obj
 0002:00023600       __sehtable$_fputwc         100a4600     libucrtd:fputwc.obj
 0002:00023620       __sehtable$_fputc          100a4620     libucrtd:fputc.obj
 0002:00023640       __sehtable$___acrt_update_thread_locale_data 100a4640     libucrtd:locale_refcounting.obj
 0002:0002365c       __unwindtable$?_wcstombs_l_helper@@YAIPADPB_WIPAU__crt_locale_pointers@@@Z 100a465c     libucrtd:wcstombs.obj
 0002:00023664       __ehfuncinfo$?_wcstombs_l_helper@@YAIPADPB_WIPAU__crt_locale_pointers@@@Z 100a4664     libucrtd:wcstombs.obj
 0002:00023688       __unwindtable$?shortsort@@YAXPAD0IP6AHPBX1@Z@Z 100a4688     libucrtd:qsort.obj
 0002:00023690       __ehfuncinfo$?shortsort@@YAXPAD0IP6AHPBX1@Z@Z 100a4690     libucrtd:qsort.obj
 0002:000236b8       __sehtable$__open_osfhandle 100a46b8     libucrtd:osfinfo.obj
 0002:000236d8       __sehtable$__alloc_osfhnd  100a46d8     libucrtd:osfinfo.obj
 0002:000236f8       __sehtable$___acrt_lowio_ensure_fh_exists 100a46f8     libucrtd:osfinfo.obj
 0002:00023718       __sehtable$??$?RV<lambda_2866be3712abc81a800a822484c830d8>@@AAV<lambda_39ca0ed439415581b5b15c265174cece>@@V<lambda_2b24c74d71094a6cd0cb82e44167d71b>@@@?$__crt_seh_guarded_call@X@@QAEX$$QAV<lambda_2866be3712abc81a800a822484c830d8>@@AAV<lambda_39ca0ed439415581b5b15c265174cece>@@$$QAV<lambda_2b24c74d71094a6cd0cb82e44167d71b>@@@Z 100a4718     libucrtd:fflush.obj
 0002:00023738       __sehtable$??$?RV<lambda_2cc53f568c5a2bb6f192f930a45d44ea>@@AAV<lambda_ab61a845afdef5b7c387490eaf3616ee>@@V<lambda_c2ffc0b7726aa6be21d5f0026187e748>@@@?$__crt_seh_guarded_call@X@@QAEX$$QAV<lambda_2cc53f568c5a2bb6f192f930a45d44ea>@@AAV<lambda_ab61a845afdef5b7c387490eaf3616ee>@@$$QAV<lambda_c2ffc0b7726aa6be21d5f0026187e748>@@@Z 100a4738     libucrtd:fflush.obj
 0002:00023758       __sehtable$??$?RV<lambda_6d20deecaf4856105ebacbad442d1079>@@AAV<lambda_9a32fed5bf61b6b509b2d3f6003082a1>@@V<lambda_63ea2239ed67c638ddbae41947fdf875>@@@?$__crt_seh_guarded_call@H@@QAEH$$QAV<lambda_6d20deecaf4856105ebacbad442d1079>@@AAV<lambda_9a32fed5bf61b6b509b2d3f6003082a1>@@$$QAV<lambda_63ea2239ed67c638ddbae41947fdf875>@@@Z 100a4758     libucrtd:fflush.obj
 0002:00023778       __sehtable$__fcloseall     100a4778     libucrtd:closeall.obj
 0002:00023794       __unwindtable$?_wcrtomb_s_l@@YAHQAHQADI_WQAU_Mbstatet@@QAU__crt_locale_pointers@@@Z 100a4794     libucrtd:wcrtomb.obj
 0002:0002379c       __ehfuncinfo$?_wcrtomb_s_l@@YAHQAHQADI_WQAU_Mbstatet@@QAU__crt_locale_pointers@@@Z 100a479c     libucrtd:wcrtomb.obj
 0002:000237c0       __sehtable$??$?RV<lambda_73934b50d04267ee15484ada9e51f93a>@@AAV<lambda_5533cddd4bda0037814beee657757329>@@V<lambda_505f522a38cc75b1e009910344c75d09>@@@?$__crt_seh_guarded_call@H@@QAEH$$QAV<lambda_73934b50d04267ee15484ada9e51f93a>@@AAV<lambda_5533cddd4bda0037814beee657757329>@@$$QAV<lambda_505f522a38cc75b1e009910344c75d09>@@@Z 100a47c0     libucrtd:commit.obj
 0002:000237e0       __sehtable$__write         100a47e0     libucrtd:write.obj
 0002:00023800       __sehtable$??$common_lseek@J@@YAJHJH@Z 100a4800     libucrtd:lseek.obj
 0002:00023820       __sehtable$??$common_lseek@_J@@YA_JH_JH@Z 100a4820     libucrtd:lseek.obj
 0002:00023840       __sehtable$_fclose         100a4840     libucrtd:fclose.obj
 0002:00023860       __sehtable$___set_fpsr_sse2 100a4860     libucrtd:fpctrl.obj
 0002:00023880       __sehtable$??$?RV<lambda_f828341fbe69b7c0d4c527b01f22877f>@@AAV<lambda_9e0b6ab72a5b3ae37ad997d08b519f50>@@V<lambda_f01deac0a8d65d6e0411edf7e0af5775>@@@?$__crt_seh_guarded_call@G@@QAEG$$QAV<lambda_f828341fbe69b7c0d4c527b01f22877f>@@AAV<lambda_9e0b6ab72a5b3ae37ad997d08b519f50>@@$$QAV<lambda_f01deac0a8d65d6e0411edf7e0af5775>@@@Z 100a4880     libucrtd:putwch.obj
 0002:000238a0       __sehtable$__read          100a48a0     libucrtd:read.obj
 0002:000238c0       __sehtable$??$?RV<lambda_e683defbe2e5a27c42b5544acbb13393>@@AAV<lambda_4e7105787b7b0e0227fbf2b2d883fa65>@@V<lambda_80a887151cae997482d53eaa74bb832b>@@@?$__crt_seh_guarded_call@H@@QAEH$$QAV<lambda_e683defbe2e5a27c42b5544acbb13393>@@AAV<lambda_4e7105787b7b0e0227fbf2b2d883fa65>@@$$QAV<lambda_80a887151cae997482d53eaa74bb832b>@@@Z 100a48c0     libucrtd:close.obj
 0002:000238e0       __sehtable$?__acrt_stdio_allocate_stream@@YA?AV__crt_stdio_stream@@XZ 100a48e0     libucrtd:stream.obj
 0002:00023900       __sehtable$__IsNonwritableInCurrentImage 100a4900     LIBCMTD:pesect.obj
 0002:00023920       .edata                     100a4920     capldll.exp
 0002:00023948       rgpv                       100a4948     capldll.exp
 0002:00023964       rgszName                   100a4964     capldll.exp
 0002:00023980       rgwOrd                     100a4980     capldll.exp
 0002:0002398e       szName                     100a498e     capldll.exp
 0002:0002399a       $N00001                    100a499a     capldll.exp
 0002:000239aa       $N00002                    100a49aa     capldll.exp
 0002:000239bb       $N00003                    100a49bb     capldll.exp
 0002:000239d1       $N00004                    100a49d1     capldll.exp
 0002:000239e7       $N00005                    100a49e7     capldll.exp
 0002:000239f7       $N00006                    100a49f7     capldll.exp
 0002:00023a0a       $N00007                    100a4a0a     capldll.exp
 0002:000241c8       .idata$6                   100a51c8     kernel32:KERNEL32.dll
 0003:000008d4       $SG13943                   100a68d4     ent.obj
 0003:000008d8       $SG13944                   100a68d8     ent.obj
 0003:00000940       ?init@std@@3JA             100a6940     libcpmtd:xlock.obj
 0003:00000960       ?__vcrt_flsindex@@3KA      100a6960     libvcruntimed:per_thread_data.obj
 0003:00000970       ?prefix@?1??getDimension@UnDecorator@@CA?AVDName@@_N@Z@4UStringLiteral@@A 100a6970     libvcruntimed:undname.obj
 0003:00000990       ?__acrt_current_request_number@@3JA 100a6990     libucrtd:debug_heap.obj
 0003:000009a0       ?__acrt_flsindex@@3KA      100a69a0     libucrtd:per_thread_data.obj
 0003:000009c0       ?errno_no_memory@@3HA      100a69c0     libucrtd:errno.obj
 0003:000009c4       ?doserrno_no_memory@@3KA   100a69c4     libucrtd:errno.obj
 0003:00000bf0       __mbctypes                 100a6bf0     libucrtd:mbctype.obj
 0003:00000cf8       __mbcasemaps               100a6cf8     libucrtd:mbctype.obj
 0003:00000df8       ?__rgctypeflag@@3PADA      100a6df8     libucrtd:mbctype.obj
 0003:00000e00       ?__rgcode_page_info@@3PAUcode_page_info@@A 100a6e00     libucrtd:mbctype.obj
 0003:00000ff4       __ctype_loc_style          100a6ff4     libucrtd:wsetlocale.obj
 0003:00000ff8       ?__acrt_debug_fill_threshold@@3IA 100a6ff8     libucrtd:debug_fill_threshold.obj
 0003:00001120       ?__DAZ_ENABLED@?1??__set_fpsr_sse2@@9@9 100a7120     libucrtd:fpctrl.obj
 0003:00001230       ?__dcrt_lowio_console_output_handle@@3PAXA 100a7230     libucrtd:initcon.obj
 0003:00001498       _binary                    100a7498     randtest.obj
 0003:0000149c       _totalc                    100a749c     randtest.obj
 0003:000014a0       _ccount                    100a74a0     randtest.obj
 0003:000018a0       _prob                      100a78a0     randtest.obj
 0003:000020a0       _mp                        100a80a0     randtest.obj
 0003:000020a4       _sccfirst                  100a80a4     randtest.obj
 0003:000020a8       _monte                     100a80a8     randtest.obj
 0003:000020c0       _inmont                    100a80c0     randtest.obj
 0003:000020c4       _mcount                    100a80c4     randtest.obj
 0003:000020c8       _cexp                      100a80c8     randtest.obj
 0003:000020d0       _incirc                    100a80d0     randtest.obj
 0003:000020d8       _montex                    100a80d8     randtest.obj
 0003:000020e0       _montey                    100a80e0     randtest.obj
 0003:000020e8       _montepi                   100a80e8     randtest.obj
 0003:000020f0       _scc                       100a80f0     randtest.obj
 0003:000020f8       _sccun                     100a80f8     randtest.obj
 0003:00002100       _sccu0                     100a8100     randtest.obj
 0003:00002108       _scclast                   100a8108     randtest.obj
 0003:00002110       _scct1                     100a8110     randtest.obj
 0003:00002118       _scct2                     100a8118     randtest.obj
 0003:00002120       _scct3                     100a8120     randtest.obj
 0003:00002128       _ent                       100a8128     randtest.obj
 0003:00002130       _chisq                     100a8130     randtest.obj
 0003:00002138       _datasum                   100a8138     randtest.obj
 0003:00002140       ?initlocks@std@@3V_Init_locks@1@A 100a8140     libcpmtd:xlock.obj
 0003:00002148       ?mtx@std@@3PAU_RTL_CRITICAL_SECTION@@A 100a8148     libcpmtd:xlock.obj
 0003:00002210       ?is_initialized_as_dll@@3_NA 100a8210     LIBCMTD:utility.obj
 0003:00002211       ?module_local_atexit_table_initialized@@3_NA 100a8211     LIBCMTD:utility.obj
 0003:00002214       ?module_local_atexit_table@@3U_onexit_table_t@@A 100a8214     LIBCMTD:utility.obj
 0003:00002220       ?module_local_at_quick_exit_table@@3U_onexit_table_t@@A 100a8220     LIBCMTD:utility.obj
 0003:0000222c       ?__proc_attached@@3HA      100a822c     LIBCMTD:dll_dllmain.obj
 0003:00002240       _GS_ExceptionRecord        100a8240     LIBCMTD:gs_report.obj
 0003:00002290       _GS_ContextRecord          100a8290     LIBCMTD:gs_report.obj
 0003:0000257c       ?__vcrt_startup_thread_ptd@@3U__vcrt_ptd@@A 100a857c     libvcruntimed:per_thread_data.obj
 0003:000025a4       ___vcrt_lock_table         100a85a4     libvcruntimed:locks.obj
 0003:000025bc       ___vcrt_locks_initialized  100a85bc     libvcruntimed:locks.obj
 0003:000025e8       ?heap@@3V_HeapManager@@A   100a85e8     libvcruntimed:undname.obj
 0003:00002600       ?buf@?1??dbGetString@DName@@QBEPADXZ@4PADA 100a8600     libvcruntimed:undname.obj
 0003:00002650       ?module_handles@@3PAPAUHINSTANCE__@@A 100a8650     libvcruntimed:winapi_downlevel.obj
 0003:0000265c       ?function_pointers@@3PAPAXA 100a865c     libvcruntimed:winapi_downlevel.obj
 0003:00002674       ?__acrt_invalid_parameter_handler@@3V?$dual_state_global@P6AXPB_W00II@Z@__crt_state_management@@A 100a8674     libucrtd:invalid_parameter.obj
 0003:00002678       ?__acrt_lock_table@@3PAU_RTL_CRITICAL_SECTION@@A 100a8678     libucrtd:locks.obj
 0003:000027c8       ?__acrt_locks_initialized@@3IA 100a87c8     libucrtd:locks.obj
 0003:000027cc       ?__acrt_new_handler@@3V?$dual_state_global@P6AHI@Z@__crt_state_management@@A 100a87cc     libucrtd:new_handler.obj
 0003:000027d0       ?c_termination_complete@@3JA 100a87d0     libucrtd:exit.obj
 0003:000027d4       ?thread_local_exit_callback_func@@3P6GXPAXK0@ZA 100a87d4     libucrtd:exit.obj
 0003:000027e0       ?program_name@?1???$common_configure_argv@D@@YAHW4_crt_argv_mode@@@Z@4PADA 100a87e0     libucrtd:argv_parsing.obj
 0003:000028e8       ?program_name@?1???$common_configure_argv@_W@@YAHW4_crt_argv_mode@@@Z@4PA_WA 100a88e8     libucrtd:argv_parsing.obj
 0003:00002b1c       ?__acrt_first_block@@3PAU_CrtMemBlockHeader@@A 100a8b1c     libucrtd:debug_heap.obj
 0003:00002b20       ?__acrt_last_block@@3PAU_CrtMemBlockHeader@@A 100a8b20     libucrtd:debug_heap.obj
 0003:00002b24       ?__acrt_total_allocations@@3IA 100a8b24     libucrtd:debug_heap.obj
 0003:00002b28       ?__acrt_current_allocations@@3IA 100a8b28     libucrtd:debug_heap.obj
 0003:00002b2c       ?__acrt_max_allocations@@3IA 100a8b2c     libucrtd:debug_heap.obj
 0003:00002b30       ?__acrt_check_frequency@@3IA 100a8b30     libucrtd:debug_heap.obj
 0003:00002b34       ?__acrt_check_counter@@3IA 100a8b34     libucrtd:debug_heap.obj
 0003:00002b3c       ?heap_validation_pending@@3_NA 100a8b3c     libucrtd:debug_heap.obj
 0003:00002b4c       ?console_ctrl_handler_installed@@3_NA 100a8b4c     libucrtd:signal.obj
 0003:00002b50       ?ctrlc_action@@3V?$dual_state_global@P6AXH@Z@__crt_state_management@@A 100a8b50     libucrtd:signal.obj
 0003:00002b54       ?ctrlbreak_action@@3V?$dual_state_global@P6AXH@Z@__crt_state_management@@A 100a8b54     libucrtd:signal.obj
 0003:00002b58       ?abort_action@@3V?$dual_state_global@P6AXH@Z@__crt_state_management@@A 100a8b58     libucrtd:signal.obj
 0003:00002b5c       ?term_action@@3V?$dual_state_global@P6AXH@Z@__crt_state_management@@A 100a8b5c     libucrtd:signal.obj
 0003:00002b60       ?module_handles@@3PAPAUHINSTANCE__@@A 100a8b60     libucrtd:winapi_thunks.obj
 0003:00002bb0       ?encoded_function_pointers@@3PAPAXA 100a8bb0     libucrtd:winapi_thunks.obj
 0003:00002c38       ?static_enum_proc@?1??enum_system_locales_ex_nolock@@YAHQ6GHPA_WKJ@Z@Z@4P6GH0KJ@ZA 100a8c38     libucrtd:winapi_thunks.obj
 0003:00002c3c       ?state_cache@?1???$get_cached_win_policy@Ubegin_thread_init_policy_properties@?1??__acrt_get_begin_thread_init_policy@@YA?AW4begin_thread_init_policy@@XZ@@@YA?AW4begin_thread_init_policy@@W4AppPolicyThreadInitializationType@@@Z@4JA 100a8c3c     libucrtd:win_policies.obj
 0003:00002c40       ?state_cache@?1???$get_cached_win_policy@Udeveloper_information_policy_properties@?1??__acrt_get_developer_information_policy@@YA?AW4developer_information_policy@@XZ@@@YA?AW4developer_information_policy@@W4AppPolicyShowDeveloperDiagnostic@@@Z@4JA 100a8c40     libucrtd:win_policies.obj
 0003:00002c44       ?state_cache@?1???$get_cached_win_policy@Uwindowing_model_policy_properties@?1??__acrt_get_windowing_model_policy@@YA?AW4windowing_model_policy@@XZ@@@YA?AW4windowing_model_policy@@W4AppPolicyWindowingModel@@@Z@4JA 100a8c44     libucrtd:win_policies.obj
 0003:00002c54       ?fSystemSet@@3HA           100a8c54     libucrtd:mbctype.obj
 0003:00002c58       ?initialized@?1??__acrt_initialize_multibyte@@9@4_NA 100a8c58     libucrtd:mbctype.obj
 0003:00002e84       ?user_matherr@@3V?$dual_state_global@P6AHPAU_exception@@@Z@__crt_state_management@@A 100a8e84     libucrtd:matherr.obj
 0003:00002e94       ?__acrt_global_new_mode@@3V?$dual_state_global@J@__crt_state_management@@A 100a8e94     libucrtd:new_mode.obj
 0003:00002e9c       ?__acrt_app_type@@3W4_crt_app_type@@A 100a8e9c     libucrtd:report_runtime_error.obj
 0003:00002ea0       ?outmsg@?9??__acrt_report_runtime_error@@9@4PA_WA 100a8ea0     libucrtd:report_runtime_error.obj
 0003:000034c8       ?internal_state@?1??_mbtowc_l@@9@4U_Mbstatet@@A 100a94c8     libucrtd:mbtowc.obj
 0003:000034dc       ?enable_percent_n@@3IA     100a94dc     libucrtd:printf_count_output.obj
 0003:000034e0       __pmatherr_set             100a94e0     libucrtd:libm_error.obj
 0003:000034f0       ___acrt_error_mode         100a94f0     libucrtd:set_error_mode.obj
 0003:000034f4       ?mbst@?1??mbrlen@@9@4U_Mbstatet@@A 100a94f4     libucrtd:mbrtowc.obj
 0003:000034fc       ?mbst@?1??mbrtowc@@9@4U_Mbstatet@@A 100a94fc     libucrtd:mbrtowc.obj
 0003:00003504       ?mbst@?1??_mbsrtowcs_helper@@YAIPA_WPAPBDIPAU_Mbstatet@@@Z@4U2@A 100a9504     libucrtd:mbrtowc.obj
 0003:0000350c       ?local_state@?6??_wcrtomb_s_l@@YAHQAHQADI_WQAU_Mbstatet@@QAU__crt_locale_pointers@@@Z@4U2@A 100a950c     libucrtd:wcrtomb.obj
 0003:00003514       ?internal_pst@?1??__mbrtoc32_utf8@__crt_mbstring@@YAIPA_UPBDIPAU_Mbstatet@@@Z@4U3@A 100a9514     libucrtd:mbrtoc32.obj
 0003:0000351c       ?internal_pst@?1??__c16rtomb_utf8@__crt_mbstring@@YAIPAD_SPAU_Mbstatet@@@Z@4U3@A 100a951c     libucrtd:c16rtomb.obj
 0004:00000060       $R000000                   100aa060     * linker generated manifest res *
