 capldll

 Timestamp is 675553fa (Sun Dec  8 16:08:26 2024)

 Preferred load address is 10000000

 Start         Length     Name                   Class
 0001:00000000 00000060H .text$di                CODE
 0001:00000060 0007f6d0H .text$mn                CODE
 0001:0007f730 00000490H .text$x                 CODE
 0001:0007fbc0 0000002fH .text$yd                CODE
 0002:00000000 00000154H .idata$5                DATA
 0002:00000154 00000008H .00cfg                  DATA
 0002:0000015c 00000004H .CRT$XCA                DATA
 0002:00000160 00000004H .CRT$XCC                DATA
 0002:00000164 00000008H .CRT$XCU                DATA
 0002:0000016c 00000004H .CRT$XCZ                DATA
 0002:00000170 00000004H .CRT$XIA                DATA
 0002:00000174 0000000cH .CRT$XIC                DATA
 0002:00000180 00000004H .CRT$XIZ                DATA
 0002:00000184 00000004H .CRT$XPA                DATA
 0002:00000188 00000008H .CRT$XPX                DATA
 0002:00000190 00000004H .CRT$XPXA               DATA
 0002:00000194 00000004H .CRT$XPZ                DATA
 0002:00000198 00000004H .CRT$XTA                DATA
 0002:0000019c 00000004H .CRT$XTZ                DATA
 0002:000001a0 00000000H .gfids$y                DATA
 0002:000001a0 000219e0H .rdata                  DATA
 0002:00021b80 00000004H .rdata$CastGuardVftablesA DATA
 0002:00021b84 00000004H .rdata$CastGuardVftablesC DATA
 0002:00021b88 000005b0H .rdata$r                DATA
 0002:00022138 00000088H .rdata$sxdata           DATA
 0002:000221c0 000000b4H .rdata$voltmd           DATA
 0002:00022274 000003c4H .rdata$zzzdbg           DATA
 0002:00022638 00000004H .rtc$IAA                DATA
 0002:0002263c 00000004H .rtc$IZZ                DATA
 0002:00022640 00000004H .rtc$TAA                DATA
 0002:00022644 00000004H .rtc$TZZ                DATA
 0002:00022648 00001198H .xdata$x                DATA
 0002:000237e0 00000300H .edata                  DATA
 0002:00023ae0 00000014H .idata$2                DATA
 0002:00023af4 00000014H .idata$3                DATA
 0002:00023b08 00000154H .idata$4                DATA
 0002:00023c5c 00000642H .idata$6                DATA
 0003:00000000 00000ec0H .data                   DATA
 0003:00000ec0 0000018cH .data$r                 DATA
 0003:0000104c 000000b4H .data$rs                DATA
 0003:00001100 00002124H .bss                    DATA
 0004:00000000 00000060H .rsrc$01                DATA
 0004:00000060 00000180H .rsrc$02                DATA

  Address         Publics by Value              Rva+Base       Lib:Object

 0000:00000000       ___arm64x_native_entrypoint 00000000     <absolute>
 0000:00000000       ___x64_code_ranges_to_entry_points_count 00000000     <absolute>
 0000:00000000       ___guard_iat_table         00000000     <absolute>
 0000:00000000       ___arm64x_redirection_metadata 00000000     <absolute>
 0000:00000000       ___guard_longjmp_table     00000000     <absolute>
 0000:00000000       ___guard_eh_cont_table     00000000     <absolute>
 0000:00000000       ___hybrid_auxiliary_iat    00000000     <absolute>
 0000:00000000       ___guard_longjmp_count     00000000     <absolute>
 0000:00000000       ___arm64x_extra_rfe_table_size 00000000     <absolute>
 0000:00000000       ___guard_iat_count         00000000     <absolute>
 0000:00000000       ___hybrid_code_map_count   00000000     <absolute>
 0000:00000000       ___guard_eh_cont_count     00000000     <absolute>
 0000:00000000       ___arm64x_extra_rfe_table  00000000     <absolute>
 0000:00000000       ___dynamic_value_reloc_table 00000000     <absolute>
 0000:00000000       ___AbsoluteZero            00000000     <absolute>
 0000:00000000       ___guard_fids_count        00000000     <absolute>
 0000:00000000       __except_list              00000000     <absolute>
 0000:00000000       ___x64_code_ranges_to_entry_points 00000000     <absolute>
 0000:00000000       ___hybrid_code_map         00000000     <absolute>
 0000:00000000       ___enclave_config          00000000     <absolute>
 0000:00000000       ___guard_check_icall_a64n_fptr 00000000     <absolute>
 0000:00000000       ___arm64x_redirection_metadata_count 00000000     <absolute>
 0000:00000000       ___guard_fids_table        00000000     <absolute>
 0000:00000000       ___hybrid_auxiliary_iat_copy 00000000     <absolute>
 0000:00000022       ___safe_se_handler_count   00000022     <absolute>
 0000:00000100       ___guard_flags             00000100     <absolute>
 0000:00000000       ___ImageBase               10000000     <linker-defined>
 0001:00000060       _VIARegisterCDLL@4         10001060 f   capldll.obj
 0001:000000b0       ??0CaplInstanceData@@QAE@PAVVIACapl@@@Z 100010b0 f   capldll.obj
 0001:00000100       ?GetCallbackFunctions@CaplInstanceData@@QAEXXZ 10001100 f   capldll.obj
 0001:000001b0       ?ReleaseCallbackFunctions@CaplInstanceData@@QAEXXZ 100011b0 f   capldll.obj
 0001:00000280       ?ShowValue@CaplInstanceData@@QAEII@Z 10001280 f   capldll.obj
 0001:000002d0       ?ShowDates@CaplInstanceData@@QAEIFIF@Z 100012d0 f   capldll.obj
 0001:00000360       ?DllInfo@CaplInstanceData@@QAEXPBD@Z 10001360 f   capldll.obj
 0001:000003f0       ?ArrayValues@CaplInstanceData@@QAEXIIQAEE@Z 100013f0 f   capldll.obj
 0001:00000490       ?DllVersion@CaplInstanceData@@QAEXPBD@Z 10001490 f   capldll.obj
 0001:00000650       ?GetCaplInstanceData@@YAPAVCaplInstanceData@@I@Z 10001650 f   capldll.obj
 0001:000006e0       ?appInit@@YGXI@Z           100016e0 f   capldll.obj
 0001:00000840       ?appEnd@@YGXI@Z            10001840 f   capldll.obj
 0001:000008a0       ?appSetValue@@YGHIH@Z      100018a0 f   capldll.obj
 0001:000008d0       ?appReadData@@YGHIH@Z      100018d0 f   capldll.obj
 0001:000009c0       ?ClearAll@@YAXXZ           100019c0 f   capldll.obj
 0001:00000b00       ?voidFct@@YGXXZ            10001b00 f   capldll.obj
 0001:00000b10       ?appLongFuncName@@YGIXZ    10001b10 f   capldll.obj
 0001:00000b20       ?appPut@@YGXI@Z            10001b20 f   capldll.obj
 0001:00000b30       ?appGet@@YGIXZ             10001b30 f   capldll.obj
 0001:00000b40       ?appAdd@@YGHHH@Z           10001b40 f   capldll.obj
 0001:00000b60       ?appSubtract@@YGHHH@Z      10001b60 f   capldll.obj
 0001:00000b80       ?appGetDataTwoPars@@YGXIQAE@Z 10001b80 f   capldll.obj
 0001:00000bc0       ?appPutDataTwoPars@@YGXIQBE@Z 10001bc0 f   capldll.obj
 0001:00000c00       ?appGetDataOnePar@@YGXQAE@Z 10001c00 f   capldll.obj
 0001:00000c20       ?appPutDataOnePar@@YGXQBE@Z 10001c20 f   capldll.obj
 0001:00000c40       ?appAddValues63@@YGHHHHHHHHHHHHHHHHHHHHHHHHHHHHHHHHHHHHHHHHHHHHHHHHHHHHHHHHHHHHHHHH@Z 10001c40 f   capldll.obj
 0001:00000d70       ?appAddValues64@@YGHHHHHHHHHHHHHHHHHHHHHHHHHHHHHHHHHHHHHHHHHHHHHHHHHHHHHHHHHHHHHHHHH@Z 10001d70 f   capldll.obj
 0001:00000eb0       ??$?0$$V@?$_Compressed_pair@V?$allocator@U?$_Tree_node@U?$pair@$$CBIPAVCaplInstanceData@@@std@@PAX@std@@@std@@V?$_Tree_val@U?$_Tree_simple_types@U?$pair@$$CBIPAVCaplInstanceData@@@std@@@std@@@2@$00@std@@QAE@U_Zero_then_variadic_args_t@1@@Z 10001eb0 f i capldll.obj
 0001:00000ed0       ??$?0$$V@?$_Compressed_pair@V?$allocator@U?$_Tree_node@U?$pair@$$CBIPAVVIACapl@@@std@@PAX@std@@@std@@V?$_Tree_val@U?$_Tree_simple_types@U?$pair@$$CBIPAVVIACapl@@@std@@@std@@@2@$00@std@@QAE@U_Zero_then_variadic_args_t@1@@Z 10001ed0 f i capldll.obj
 0001:00000ef0       ??$?0AAPAU?$_Tree_node@U?$pair@$$CBIPAVCaplInstanceData@@@std@@PAX@std@@AAPAU01@$0A@@?$pair@PAU?$_Tree_node@U?$pair@$$CBIPAVCaplInstanceData@@@std@@PAX@std@@PAU12@@std@@QAE@AAPAU?$_Tree_node@U?$pair@$$CBIPAVCaplInstanceData@@@std@@PAX@1@0@Z 10001ef0 f i capldll.obj
 0001:00000f30       ??$?0ABI$$Z$$V@?$pair@$$CBIPAVCaplInstanceData@@@std@@QAE@Upiecewise_construct_t@1@V?$tuple@ABI@1@V?$tuple@$$V@1@@Z 10001f30 f i capldll.obj
 0001:00000f70       ??$?0ABI$$Z$$V@?$pair@$$CBIPAVVIACapl@@@std@@QAE@Upiecewise_construct_t@1@V?$tuple@ABI@1@V?$tuple@$$V@1@@Z 10001f70 f i capldll.obj
 0001:00000fb0       ??$?0ABI$0A@@?$tuple@ABI@std@@QAE@ABI@Z 10001fb0 f i capldll.obj
 0001:00001010       ??$?0ABI@?$_Tuple_val@ABI@std@@QAE@ABI@Z 10002010 f i capldll.obj
 0001:00001040       ??$?0ABQAU?$_Tree_node@U?$pair@$$CBIPAVCaplInstanceData@@@std@@PAX@std@@_N$0A@@?$pair@PAU?$_Tree_node@U?$pair@$$CBIPAVCaplInstanceData@@@std@@PAX@std@@_N@std@@QAE@ABQAU?$_Tree_node@U?$pair@$$CBIPAVCaplInstanceData@@@std@@PAX@1@$$QA_N@Z 10002040 f i capldll.obj
 0001:00001080       ??$?0ABQAU?$_Tree_node@U?$pair@$$CBIPAVVIACapl@@@std@@PAX@std@@_N$0A@@?$pair@PAU?$_Tree_node@U?$pair@$$CBIPAVVIACapl@@@std@@PAX@std@@_N@std@@QAE@ABQAU?$_Tree_node@U?$pair@$$CBIPAVVIACapl@@@std@@PAX@1@$$QA_N@Z 10002080 f i capldll.obj
 0001:000010c0       ??$?0ABU?$less@I@std@@U_Zero_then_variadic_args_t@1@@?$_Compressed_pair@U?$less@I@std@@V?$_Compressed_pair@V?$allocator@U?$_Tree_node@U?$pair@$$CBIPAVCaplInstanceData@@@std@@PAX@std@@@std@@V?$_Tree_val@U?$_Tree_simple_types@U?$pair@$$CBIPAVCaplInstanceData@@@std@@@std@@@2@$00@2@$00@std@@QAE@U_One_then_variadic_args_t@1@ABU?$less@I@1@$$QAU_Zero_then_variadic_args_t@1@@Z 100020c0 f i capldll.obj
 0001:00001100       ??$?0ABU?$less@I@std@@U_Zero_then_variadic_args_t@1@@?$_Compressed_pair@U?$less@I@std@@V?$_Compressed_pair@V?$allocator@U?$_Tree_node@U?$pair@$$CBIPAVVIACapl@@@std@@PAX@std@@@std@@V?$_Tree_val@U?$_Tree_simple_types@U?$pair@$$CBIPAVVIACapl@@@std@@@std@@@2@$00@2@$00@std@@QAE@U_One_then_variadic_args_t@1@ABU?$less@I@1@$$QAU_Zero_then_variadic_args_t@1@@Z 10002100 f i capldll.obj
 0001:00001140       ??$?0ABUpiecewise_construct_t@std@@V?$tuple@ABI@1@V?$tuple@$$V@1@@?$_Tree_temp_node@V?$allocator@U?$_Tree_node@U?$pair@$$CBIPAVCaplInstanceData@@@std@@PAX@std@@@std@@@std@@QAE@AAV?$allocator@U?$_Tree_node@U?$pair@$$CBIPAVCaplInstanceData@@@std@@PAX@std@@@1@PAU?$_Tree_node@U?$pair@$$CBIPAVCaplInstanceData@@@std@@PAX@1@ABUpiecewise_construct_t@1@$$QAV?$tuple@ABI@1@$$QAV?$tuple@$$V@1@@Z 10002140 f i capldll.obj
 0001:00001230       ??$?0ABUpiecewise_construct_t@std@@V?$tuple@ABI@1@V?$tuple@$$V@1@@?$_Tree_temp_node@V?$allocator@U?$_Tree_node@U?$pair@$$CBIPAVVIACapl@@@std@@PAX@std@@@std@@@std@@QAE@AAV?$allocator@U?$_Tree_node@U?$pair@$$CBIPAVVIACapl@@@std@@PAX@std@@@1@PAU?$_Tree_node@U?$pair@$$CBIPAVVIACapl@@@std@@PAX@1@ABUpiecewise_construct_t@1@$$QAV?$tuple@ABI@1@$$QAV?$tuple@$$V@1@@Z 10002230 f i capldll.obj
 0001:00001320       ??$?0PAU?$_Tree_node@U?$pair@$$CBIPAVCaplInstanceData@@@std@@PAX@std@@_N$0A@@?$pair@PAU?$_Tree_node@U?$pair@$$CBIPAVCaplInstanceData@@@std@@PAX@std@@_N@std@@QAE@$$QAPAU?$_Tree_node@U?$pair@$$CBIPAVCaplInstanceData@@@std@@PAX@1@$$QA_N@Z 10002320 f i capldll.obj
 0001:00001360       ??$?0PAU?$_Tree_node@U?$pair@$$CBIPAVVIACapl@@@std@@PAX@std@@_N$0A@@?$pair@PAU?$_Tree_node@U?$pair@$$CBIPAVVIACapl@@@std@@PAX@std@@_N@std@@QAE@$$QAPAU?$_Tree_node@U?$pair@$$CBIPAVVIACapl@@@std@@PAX@1@$$QA_N@Z 10002360 f i capldll.obj
 0001:000013a0       ??$?0U?$_Tree_node@U?$pair@$$CBIPAVCaplInstanceData@@@std@@PAX@std@@@?$allocator@U_Container_proxy@std@@@std@@QAE@ABV?$allocator@U?$_Tree_node@U?$pair@$$CBIPAVCaplInstanceData@@@std@@PAX@std@@@1@@Z 100023a0 f i capldll.obj
 0001:000013b0       ??$?0U?$_Tree_node@U?$pair@$$CBIPAVVIACapl@@@std@@PAX@std@@@?$allocator@U_Container_proxy@std@@@std@@QAE@ABV?$allocator@U?$_Tree_node@U?$pair@$$CBIPAVVIACapl@@@std@@PAX@std@@@1@@Z 100023b0 f i capldll.obj
 0001:000013c0       ??$?0U_Exact_args_t@std@@$0A@@?$tuple@$$V@std@@QAE@U_Exact_args_t@1@@Z 100023c0 f i capldll.obj
 0001:000013d0       ??$?0U_Exact_args_t@std@@ABI$$V$0A@@?$tuple@ABI@std@@QAE@U_Exact_args_t@1@ABI@Z 100023d0 f i capldll.obj
 0001:00001410       ??$?0V?$tuple@ABI@std@@V?$tuple@$$V@1@$0A@$$Z$S@?$pair@$$CBIPAVCaplInstanceData@@@std@@QAE@AAV?$tuple@ABI@1@AAV?$tuple@$$V@1@U?$integer_sequence@I$0A@@1@U?$integer_sequence@I$S@1@@Z 10002410 f i capldll.obj
 0001:00001450       ??$?0V?$tuple@ABI@std@@V?$tuple@$$V@1@$0A@$$Z$S@?$pair@$$CBIPAVVIACapl@@@std@@QAE@AAV?$tuple@ABI@1@AAV?$tuple@$$V@1@U?$integer_sequence@I$0A@@1@U?$integer_sequence@I$S@1@@Z 10002450 f i capldll.obj
 0001:00001490       ??$_Adl_verify_range@V?$_Tree_unchecked_const_iterator@V?$_Tree_val@U?$_Tree_simple_types@U?$pair@$$CBIPAVCaplInstanceData@@@std@@@std@@@std@@U_Iterator_base0@2@@std@@V12@@std@@YAXABV?$_Tree_unchecked_const_iterator@V?$_Tree_val@U?$_Tree_simple_types@U?$pair@$$CBIPAVCaplInstanceData@@@std@@@std@@@std@@U_Iterator_base0@2@@0@0@Z 10002490 f i capldll.obj
 0001:000014a0       ??$_Allocate@$07U_Default_allocate_traits@std@@$0A@@std@@YAPAXI@Z 100024a0 f i capldll.obj
 0001:000014e0       ??$_Allocate_manually_vector_aligned@U_Default_allocate_traits@std@@@std@@YAPAXI@Z 100024e0 f i capldll.obj
 0001:000015a0       ??$_Buyheadnode@V?$allocator@U?$_Tree_node@U?$pair@$$CBIPAVCaplInstanceData@@@std@@PAX@std@@@std@@@?$_Tree_node@U?$pair@$$CBIPAVCaplInstanceData@@@std@@PAX@std@@SAPAU01@AAV?$allocator@U?$_Tree_node@U?$pair@$$CBIPAVCaplInstanceData@@@std@@PAX@std@@@1@@Z 100025a0 f i capldll.obj
 0001:00001600       ??$_Buyheadnode@V?$allocator@U?$_Tree_node@U?$pair@$$CBIPAVVIACapl@@@std@@PAX@std@@@std@@@?$_Tree_node@U?$pair@$$CBIPAVVIACapl@@@std@@PAX@std@@SAPAU01@AAV?$allocator@U?$_Tree_node@U?$pair@$$CBIPAVVIACapl@@@std@@PAX@std@@@1@@Z 10002600 f i capldll.obj
 0001:00001660       ??$_Construct_in_place@PAU?$_Tree_node@U?$pair@$$CBIPAVCaplInstanceData@@@std@@PAX@std@@AAPAU12@@std@@YAXAAPAU?$_Tree_node@U?$pair@$$CBIPAVCaplInstanceData@@@std@@PAX@0@0@Z 10002660 f i capldll.obj
 0001:000016a0       ??$_Construct_in_place@PAU?$_Tree_node@U?$pair@$$CBIPAVCaplInstanceData@@@std@@PAX@std@@ABQAU12@@std@@YAXAAPAU?$_Tree_node@U?$pair@$$CBIPAVCaplInstanceData@@@std@@PAX@0@ABQAU10@@Z 100026a0 f i capldll.obj
 0001:000016e0       ??$_Construct_in_place@PAU?$_Tree_node@U?$pair@$$CBIPAVVIACapl@@@std@@PAX@std@@AAPAU12@@std@@YAXAAPAU?$_Tree_node@U?$pair@$$CBIPAVVIACapl@@@std@@PAX@0@0@Z 100026e0 f i capldll.obj
 0001:00001720       ??$_Construct_in_place@PAU?$_Tree_node@U?$pair@$$CBIPAVVIACapl@@@std@@PAX@std@@ABQAU12@@std@@YAXAAPAU?$_Tree_node@U?$pair@$$CBIPAVVIACapl@@@std@@PAX@0@ABQAU10@@Z 10002720 f i capldll.obj
 0001:00001760       ??$_Construct_in_place@U_Container_proxy@std@@PAU_Container_base12@2@@std@@YAXAAU_Container_proxy@0@$$QAPAU_Container_base12@0@@Z 10002760 f i capldll.obj
 0001:000017b0       ??$_Deallocate@$07$0A@@std@@YAXPAXI@Z 100027b0 f i capldll.obj
 0001:00001810       ??$_Deallocate_plain@V?$allocator@U_Container_proxy@std@@@std@@@std@@YAXAAV?$allocator@U_Container_proxy@std@@@0@QAU_Container_proxy@0@@Z 10002810 f i capldll.obj
 0001:00001860       ??$_Debug_lt_pred@ABU?$less@I@std@@ABIABI$0A@@std@@YA_NABU?$less@I@0@ABI1@Z 10002860 f i capldll.obj
 0001:000018f0       ??$_Delete_plain_internal@V?$allocator@U_Container_proxy@std@@@std@@@std@@YAXAAV?$allocator@U_Container_proxy@std@@@0@QAU_Container_proxy@0@@Z 100028f0 f i capldll.obj
 0001:00001910       ??$_Destroy_in_place@PAU?$_Tree_node@U?$pair@$$CBIPAVCaplInstanceData@@@std@@PAX@std@@@std@@YAXAAPAU?$_Tree_node@U?$pair@$$CBIPAVCaplInstanceData@@@std@@PAX@0@@Z 10002910 f i capldll.obj
 0001:00001920       ??$_Destroy_in_place@PAU?$_Tree_node@U?$pair@$$CBIPAVVIACapl@@@std@@PAX@std@@@std@@YAXAAPAU?$_Tree_node@U?$pair@$$CBIPAVVIACapl@@@std@@PAX@0@@Z 10002920 f i capldll.obj
 0001:00001930       ??$_Eqrange@I@?$_Tree@V?$_Tmap_traits@IPAVCaplInstanceData@@U?$less@I@std@@V?$allocator@U?$pair@$$CBIPAVCaplInstanceData@@@std@@@3@$0A@@std@@@std@@IBE?AU?$pair@PAU?$_Tree_node@U?$pair@$$CBIPAVCaplInstanceData@@@std@@PAX@std@@PAU12@@1@ABI@Z 10002930 f i capldll.obj
 0001:00001a80       ??$_Erase_head@V?$allocator@U?$_Tree_node@U?$pair@$$CBIPAVCaplInstanceData@@@std@@PAX@std@@@std@@@?$_Tree_val@U?$_Tree_simple_types@U?$pair@$$CBIPAVCaplInstanceData@@@std@@@std@@@std@@QAEXAAV?$allocator@U?$_Tree_node@U?$pair@$$CBIPAVCaplInstanceData@@@std@@PAX@std@@@1@@Z 10002a80 f i capldll.obj
 0001:00001ac0       ??$_Erase_head@V?$allocator@U?$_Tree_node@U?$pair@$$CBIPAVVIACapl@@@std@@PAX@std@@@std@@@?$_Tree_val@U?$_Tree_simple_types@U?$pair@$$CBIPAVVIACapl@@@std@@@std@@@std@@QAEXAAV?$allocator@U?$_Tree_node@U?$pair@$$CBIPAVVIACapl@@@std@@PAX@std@@@1@@Z 10002ac0 f i capldll.obj
 0001:00001b00       ??$_Erase_tree@V?$allocator@U?$_Tree_node@U?$pair@$$CBIPAVCaplInstanceData@@@std@@PAX@std@@@std@@@?$_Tree_val@U?$_Tree_simple_types@U?$pair@$$CBIPAVCaplInstanceData@@@std@@@std@@@std@@QAEXAAV?$allocator@U?$_Tree_node@U?$pair@$$CBIPAVCaplInstanceData@@@std@@PAX@std@@@1@PAU?$_Tree_node@U?$pair@$$CBIPAVCaplInstanceData@@@std@@PAX@1@@Z 10002b00 f i capldll.obj
 0001:00001b50       ??$_Erase_tree@V?$allocator@U?$_Tree_node@U?$pair@$$CBIPAVVIACapl@@@std@@PAX@std@@@std@@@?$_Tree_val@U?$_Tree_simple_types@U?$pair@$$CBIPAVVIACapl@@@std@@@std@@@std@@QAEXAAV?$allocator@U?$_Tree_node@U?$pair@$$CBIPAVVIACapl@@@std@@PAX@std@@@1@PAU?$_Tree_node@U?$pair@$$CBIPAVVIACapl@@@std@@PAX@1@@Z 10002b50 f i capldll.obj
 0001:00001ba0       ??$_Find@I@?$_Tree@V?$_Tmap_traits@IPAVCaplInstanceData@@U?$less@I@std@@V?$allocator@U?$pair@$$CBIPAVCaplInstanceData@@@std@@@3@$0A@@std@@@std@@ABEPAU?$_Tree_node@U?$pair@$$CBIPAVCaplInstanceData@@@std@@PAX@1@ABI@Z 10002ba0 f i capldll.obj
 0001:00001bf0       ??$_Find@I@?$_Tree@V?$_Tmap_traits@IPAVVIACapl@@U?$less@I@std@@V?$allocator@U?$pair@$$CBIPAVVIACapl@@@std@@@3@$0A@@std@@@std@@ABEPAU?$_Tree_node@U?$pair@$$CBIPAVVIACapl@@@std@@PAX@1@ABI@Z 10002bf0 f i capldll.obj
 0001:00001c40       ??$_Find_lower_bound@I@?$_Tree@V?$_Tmap_traits@IPAVCaplInstanceData@@U?$less@I@std@@V?$allocator@U?$pair@$$CBIPAVCaplInstanceData@@@std@@@3@$0A@@std@@@std@@IBE?AU?$_Tree_find_result@PAU?$_Tree_node@U?$pair@$$CBIPAVCaplInstanceData@@@std@@PAX@std@@@1@ABI@Z 10002c40 f i capldll.obj
 0001:00001d00       ??$_Find_lower_bound@I@?$_Tree@V?$_Tmap_traits@IPAVVIACapl@@U?$less@I@std@@V?$allocator@U?$pair@$$CBIPAVVIACapl@@@std@@@3@$0A@@std@@@std@@IBE?AU?$_Tree_find_result@PAU?$_Tree_node@U?$pair@$$CBIPAVVIACapl@@@std@@PAX@std@@@1@ABI@Z 10002d00 f i capldll.obj
 0001:00001dc0       ??$_Freenode0@V?$allocator@U?$_Tree_node@U?$pair@$$CBIPAVCaplInstanceData@@@std@@PAX@std@@@std@@@?$_Tree_node@U?$pair@$$CBIPAVCaplInstanceData@@@std@@PAX@std@@SAXAAV?$allocator@U?$_Tree_node@U?$pair@$$CBIPAVCaplInstanceData@@@std@@PAX@std@@@1@PAU01@@Z 10002dc0 f i capldll.obj
 0001:00001e40       ??$_Freenode0@V?$allocator@U?$_Tree_node@U?$pair@$$CBIPAVVIACapl@@@std@@PAX@std@@@std@@@?$_Tree_node@U?$pair@$$CBIPAVVIACapl@@@std@@PAX@std@@SAXAAV?$allocator@U?$_Tree_node@U?$pair@$$CBIPAVVIACapl@@@std@@PAX@std@@@1@PAU01@@Z 10002e40 f i capldll.obj
 0001:00001ec0       ??$_Freenode@V?$allocator@U?$_Tree_node@U?$pair@$$CBIPAVCaplInstanceData@@@std@@PAX@std@@@std@@@?$_Tree_node@U?$pair@$$CBIPAVCaplInstanceData@@@std@@PAX@std@@SAXAAV?$allocator@U?$_Tree_node@U?$pair@$$CBIPAVCaplInstanceData@@@std@@PAX@std@@@1@PAU01@@Z 10002ec0 f i capldll.obj
 0001:00001f30       ??$_Freenode@V?$allocator@U?$_Tree_node@U?$pair@$$CBIPAVVIACapl@@@std@@PAX@std@@@std@@@?$_Tree_node@U?$pair@$$CBIPAVVIACapl@@@std@@PAX@std@@SAXAAV?$allocator@U?$_Tree_node@U?$pair@$$CBIPAVVIACapl@@@std@@PAX@std@@@1@PAU01@@Z 10002f30 f i capldll.obj
 0001:00001fa0       ??$_Get_size_of_n@$07@std@@YAII@Z 10002fa0 f i capldll.obj
 0001:00001fd0       ??$_Get_size_of_n@$0BI@@std@@YAII@Z 10002fd0 f i capldll.obj
 0001:00002000       ??$_Get_unwrapped@AAV?$_Tree_unchecked_const_iterator@V?$_Tree_val@U?$_Tree_simple_types@U?$pair@$$CBIPAVCaplInstanceData@@@std@@@std@@@std@@U_Iterator_base0@2@@std@@@std@@YA?A_TAAV?$_Tree_unchecked_const_iterator@V?$_Tree_val@U?$_Tree_simple_types@U?$pair@$$CBIPAVCaplInstanceData@@@std@@@std@@@std@@U_Iterator_base0@2@@0@@Z 10003000 f i capldll.obj
 0001:00002010       ??$_Kfn@$$CBIPAVCaplInstanceData@@@?$_Tmap_traits@IPAVCaplInstanceData@@U?$less@I@std@@V?$allocator@U?$pair@$$CBIPAVCaplInstanceData@@@std@@@3@$0A@@std@@SAABIABU?$pair@$$CBIPAVCaplInstanceData@@@1@@Z 10003010 f i capldll.obj
 0001:00002020       ??$_Kfn@$$CBIPAVVIACapl@@@?$_Tmap_traits@IPAVVIACapl@@U?$less@I@std@@V?$allocator@U?$pair@$$CBIPAVVIACapl@@@std@@@3@$0A@@std@@SAABIABU?$pair@$$CBIPAVVIACapl@@@1@@Z 10003020 f i capldll.obj
 0001:00002030       ??$_Lower_bound_duplicate@I@?$_Tree@V?$_Tmap_traits@IPAVCaplInstanceData@@U?$less@I@std@@V?$allocator@U?$pair@$$CBIPAVCaplInstanceData@@@std@@@3@$0A@@std@@@std@@IBE_NQAU?$_Tree_node@U?$pair@$$CBIPAVCaplInstanceData@@@std@@PAX@1@ABI@Z 10003030 f i capldll.obj
 0001:00002090       ??$_Lower_bound_duplicate@I@?$_Tree@V?$_Tmap_traits@IPAVVIACapl@@U?$less@I@std@@V?$allocator@U?$pair@$$CBIPAVVIACapl@@@std@@@3@$0A@@std@@@std@@IBE_NQAU?$_Tree_node@U?$pair@$$CBIPAVVIACapl@@@std@@PAX@1@ABI@Z 10003090 f i capldll.obj
 0001:000020f0       ??$_Try_emplace@ABI$$V@?$map@IPAVCaplInstanceData@@U?$less@I@std@@V?$allocator@U?$pair@$$CBIPAVCaplInstanceData@@@std@@@3@@std@@AAE?AU?$pair@PAU?$_Tree_node@U?$pair@$$CBIPAVCaplInstanceData@@@std@@PAX@std@@_N@1@ABI@Z 100030f0 f i capldll.obj
 0001:000021e0       ??$_Try_emplace@ABI$$V@?$map@IPAVVIACapl@@U?$less@I@std@@V?$allocator@U?$pair@$$CBIPAVVIACapl@@@std@@@3@@std@@AAE?AU?$pair@PAU?$_Tree_node@U?$pair@$$CBIPAVVIACapl@@@std@@PAX@std@@_N@1@ABI@Z 100031e0 f i capldll.obj
 0001:000022d0       ??$_Tuple_get@$0A@ABI@std@@YA$$QA_P$$QAV?$tuple@ABI@0@@Z 100032d0 f i capldll.obj
 0001:000022e0       ??$_Unfancy@U_Container_proxy@std@@@std@@YAPAU_Container_proxy@0@PAU10@@Z 100032e0 f i capldll.obj
 0001:000022f0       ??$_Voidify_iter@PAPAU?$_Tree_node@U?$pair@$$CBIPAVCaplInstanceData@@@std@@PAX@std@@@std@@YAPAXPAPAU?$_Tree_node@U?$pair@$$CBIPAVCaplInstanceData@@@std@@PAX@0@@Z 100032f0 f i capldll.obj
 0001:00002300       ??$_Voidify_iter@PAPAU?$_Tree_node@U?$pair@$$CBIPAVVIACapl@@@std@@PAX@std@@@std@@YAPAXPAPAU?$_Tree_node@U?$pair@$$CBIPAVVIACapl@@@std@@PAX@0@@Z 10003300 f i capldll.obj
 0001:00002310       ??$_Voidify_iter@PAU?$pair@$$CBIPAVCaplInstanceData@@@std@@@std@@YAPAXPAU?$pair@$$CBIPAVCaplInstanceData@@@0@@Z 10003310 f i capldll.obj
 0001:00002320       ??$_Voidify_iter@PAU?$pair@$$CBIPAVVIACapl@@@std@@@std@@YAPAXPAU?$pair@$$CBIPAVVIACapl@@@0@@Z 10003320 f i capldll.obj
 0001:00002330       ??$_Voidify_iter@PAU_Container_proxy@std@@@std@@YAPAXPAU_Container_proxy@0@@Z 10003330 f i capldll.obj
 0001:00002340       ??$addressof@$$CBV?$_Tree_val@U?$_Tree_simple_types@U?$pair@$$CBIPAVCaplInstanceData@@@std@@@std@@@std@@@std@@YAPBV?$_Tree_val@U?$_Tree_simple_types@U?$pair@$$CBIPAVCaplInstanceData@@@std@@@std@@@0@ABV10@@Z 10003340 f i capldll.obj
 0001:00002350       ??$addressof@$$CBV?$_Tree_val@U?$_Tree_simple_types@U?$pair@$$CBIPAVVIACapl@@@std@@@std@@@std@@@std@@YAPBV?$_Tree_val@U?$_Tree_simple_types@U?$pair@$$CBIPAVVIACapl@@@std@@@std@@@0@ABV10@@Z 10003350 f i capldll.obj
 0001:00002360       ??$addressof@PAU?$_Tree_node@U?$pair@$$CBIPAVCaplInstanceData@@@std@@PAX@std@@@std@@YAPAPAU?$_Tree_node@U?$pair@$$CBIPAVCaplInstanceData@@@std@@PAX@0@AAPAU10@@Z 10003360 f i capldll.obj
 0001:00002370       ??$addressof@PAU?$_Tree_node@U?$pair@$$CBIPAVVIACapl@@@std@@PAX@std@@@std@@YAPAPAU?$_Tree_node@U?$pair@$$CBIPAVVIACapl@@@std@@PAX@0@AAPAU10@@Z 10003370 f i capldll.obj
 0001:00002380       ??$addressof@U?$pair@$$CBIPAVCaplInstanceData@@@std@@@std@@YAPAU?$pair@$$CBIPAVCaplInstanceData@@@0@AAU10@@Z 10003380 f i capldll.obj
 0001:00002390       ??$addressof@U?$pair@$$CBIPAVVIACapl@@@std@@@std@@YAPAU?$pair@$$CBIPAVVIACapl@@@0@AAU10@@Z 10003390 f i capldll.obj
 0001:000023a0       ??$addressof@U_Container_base12@std@@@std@@YAPAU_Container_base12@0@AAU10@@Z 100033a0 f i capldll.obj
 0001:000023b0       ??$addressof@U_Container_proxy@std@@@std@@YAPAU_Container_proxy@0@AAU10@@Z 100033b0 f i capldll.obj
 0001:000023c0       ??$addressof@V?$_Tree_val@U?$_Tree_simple_types@U?$pair@$$CBIPAVCaplInstanceData@@@std@@@std@@@std@@@std@@YAPAV?$_Tree_val@U?$_Tree_simple_types@U?$pair@$$CBIPAVCaplInstanceData@@@std@@@std@@@0@AAV10@@Z 100033c0 f i capldll.obj
 0001:000023d0       ??$addressof@V?$_Tree_val@U?$_Tree_simple_types@U?$pair@$$CBIPAVVIACapl@@@std@@@std@@@std@@@std@@YAPAV?$_Tree_val@U?$_Tree_simple_types@U?$pair@$$CBIPAVVIACapl@@@std@@@std@@@0@AAV10@@Z 100033d0 f i capldll.obj
 0001:000023e0       ??$construct@U?$pair@$$CBIPAVCaplInstanceData@@@std@@ABUpiecewise_construct_t@2@V?$tuple@ABI@2@V?$tuple@$$V@2@@?$_Default_allocator_traits@V?$allocator@U?$_Tree_node@U?$pair@$$CBIPAVCaplInstanceData@@@std@@PAX@std@@@std@@@std@@SAXAAV?$allocator@U?$_Tree_node@U?$pair@$$CBIPAVCaplInstanceData@@@std@@PAX@std@@@1@QAU?$pair@$$CBIPAVCaplInstanceData@@@1@ABUpiecewise_construct_t@1@$$QAV?$tuple@ABI@1@$$QAV?$tuple@$$V@1@@Z 100033e0 f i capldll.obj
 0001:00002450       ??$construct@U?$pair@$$CBIPAVVIACapl@@@std@@ABUpiecewise_construct_t@2@V?$tuple@ABI@2@V?$tuple@$$V@2@@?$_Default_allocator_traits@V?$allocator@U?$_Tree_node@U?$pair@$$CBIPAVVIACapl@@@std@@PAX@std@@@std@@@std@@SAXAAV?$allocator@U?$_Tree_node@U?$pair@$$CBIPAVVIACapl@@@std@@PAX@std@@@1@QAU?$pair@$$CBIPAVVIACapl@@@1@ABUpiecewise_construct_t@1@$$QAV?$tuple@ABI@1@$$QAV?$tuple@$$V@1@@Z 10003450 f i capldll.obj
 0001:000024c0       ??$destroy@U?$pair@$$CBIPAVCaplInstanceData@@@std@@@?$_Default_allocator_traits@V?$allocator@U?$_Tree_node@U?$pair@$$CBIPAVCaplInstanceData@@@std@@PAX@std@@@std@@@std@@SAXAAV?$allocator@U?$_Tree_node@U?$pair@$$CBIPAVCaplInstanceData@@@std@@PAX@std@@@1@QAU?$pair@$$CBIPAVCaplInstanceData@@@1@@Z 100034c0 f i capldll.obj
 0001:000024d0       ??$destroy@U?$pair@$$CBIPAVVIACapl@@@std@@@?$_Default_allocator_traits@V?$allocator@U?$_Tree_node@U?$pair@$$CBIPAVVIACapl@@@std@@PAX@std@@@std@@@std@@SAXAAV?$allocator@U?$_Tree_node@U?$pair@$$CBIPAVVIACapl@@@std@@PAX@std@@@1@QAU?$pair@$$CBIPAVVIACapl@@@1@@Z 100034d0 f i capldll.obj
 0001:000024e0       ??$distance@V?$_Tree_unchecked_const_iterator@V?$_Tree_val@U?$_Tree_simple_types@U?$pair@$$CBIPAVCaplInstanceData@@@std@@@std@@@std@@U_Iterator_base0@2@@std@@@std@@YAHV?$_Tree_unchecked_const_iterator@V?$_Tree_val@U?$_Tree_simple_types@U?$pair@$$CBIPAVCaplInstanceData@@@std@@@std@@@std@@U_Iterator_base0@2@@0@0@Z 100034e0 f i capldll.obj
 0001:00002550       ??$exchange@PAU?$_Tree_node@U?$pair@$$CBIPAVCaplInstanceData@@@std@@PAX@std@@$$T@std@@YAPAU?$_Tree_node@U?$pair@$$CBIPAVCaplInstanceData@@@std@@PAX@0@AAPAU10@$$QA$$T@Z 10003550 f i capldll.obj
 0001:00002570       ??$exchange@PAU?$_Tree_node@U?$pair@$$CBIPAVCaplInstanceData@@@std@@PAX@std@@AAPAU12@@std@@YAPAU?$_Tree_node@U?$pair@$$CBIPAVCaplInstanceData@@@std@@PAX@0@AAPAU10@0@Z 10003570 f i capldll.obj
 0001:00002590       ??$exchange@PAU?$_Tree_node@U?$pair@$$CBIPAVVIACapl@@@std@@PAX@std@@$$T@std@@YAPAU?$_Tree_node@U?$pair@$$CBIPAVVIACapl@@@std@@PAX@0@AAPAU10@$$QA$$T@Z 10003590 f i capldll.obj
 0001:000025b0       ??$exchange@PAU?$_Tree_node@U?$pair@$$CBIPAVVIACapl@@@std@@PAX@std@@AAPAU12@@std@@YAPAU?$_Tree_node@U?$pair@$$CBIPAVVIACapl@@@std@@PAX@0@AAPAU10@0@Z 100035b0 f i capldll.obj
 0001:000025d0       ??$forward@AAPAU?$_Tree_node@U?$pair@$$CBIPAVCaplInstanceData@@@std@@PAX@std@@@std@@YAAAPAU?$_Tree_node@U?$pair@$$CBIPAVCaplInstanceData@@@std@@PAX@0@AAPAU10@@Z 100035d0 f i capldll.obj
 0001:000025e0       ??$forward@AAPAU?$_Tree_node@U?$pair@$$CBIPAVVIACapl@@@std@@PAX@std@@@std@@YAAAPAU?$_Tree_node@U?$pair@$$CBIPAVVIACapl@@@std@@PAX@0@AAPAU10@@Z 100035e0 f i capldll.obj
 0001:000025f0       ??$forward@ABI@std@@YAABIABI@Z 100035f0 f i capldll.obj
 0001:00002600       ??$forward@ABQAU?$_Tree_node@U?$pair@$$CBIPAVCaplInstanceData@@@std@@PAX@std@@@std@@YAABQAU?$_Tree_node@U?$pair@$$CBIPAVCaplInstanceData@@@std@@PAX@0@ABQAU10@@Z 10003600 f i capldll.obj
 0001:00002610       ??$forward@ABQAU?$_Tree_node@U?$pair@$$CBIPAVVIACapl@@@std@@PAX@std@@@std@@YAABQAU?$_Tree_node@U?$pair@$$CBIPAVVIACapl@@@std@@PAX@0@ABQAU10@@Z 10003610 f i capldll.obj
 0001:00002620       ??$forward@ABU?$less@I@std@@@std@@YAABU?$less@I@0@ABU10@@Z 10003620 f i capldll.obj
 0001:00002630       ??$forward@ABUpiecewise_construct_t@std@@@std@@YAABUpiecewise_construct_t@0@ABU10@@Z 10003630 f i capldll.obj
 0001:00002640       ??$forward@PAU?$_Tree_node@U?$pair@$$CBIPAVCaplInstanceData@@@std@@PAX@std@@@std@@YA$$QAPAU?$_Tree_node@U?$pair@$$CBIPAVCaplInstanceData@@@std@@PAX@0@AAPAU10@@Z 10003640 f i capldll.obj
 0001:00002650       ??$forward@PAU?$_Tree_node@U?$pair@$$CBIPAVVIACapl@@@std@@PAX@std@@@std@@YA$$QAPAU?$_Tree_node@U?$pair@$$CBIPAVVIACapl@@@std@@PAX@0@AAPAU10@@Z 10003650 f i capldll.obj
 0001:00002660       ??$forward@PAU_Container_base12@std@@@std@@YA$$QAPAU_Container_base12@0@AAPAU10@@Z 10003660 f i capldll.obj
 0001:00002670       ??$forward@U_Zero_then_variadic_args_t@std@@@std@@YA$$QAU_Zero_then_variadic_args_t@0@AAU10@@Z 10003670 f i capldll.obj
 0001:00002680       ??$forward@V?$tuple@$$V@std@@@std@@YA$$QAV?$tuple@$$V@0@AAV10@@Z 10003680 f i capldll.obj
 0001:00002690       ??$forward@V?$tuple@ABI@std@@@std@@YA$$QAV?$tuple@ABI@0@AAV10@@Z 10003690 f i capldll.obj
 0001:000026a0       ??$forward@_N@std@@YA$$QA_NAA_N@Z 100036a0 f i capldll.obj
 0001:000026b0       ??$forward_as_tuple@$$V@std@@YA?AV?$tuple@$$V@0@XZ 100036b0 f i capldll.obj
 0001:000026c0       ??$forward_as_tuple@ABI@std@@YA?AV?$tuple@ABI@0@ABI@Z 100036c0 f i capldll.obj
 0001:000026e0       ??$min@I@std@@YAABIABI0@Z  100036e0 f i capldll.obj
 0001:00002710       ??$move@AAD@std@@YA$$QADAAD@Z 10003710 f i capldll.obj
 0001:00002720       ??$move@AAV?$tuple@ABI@std@@@std@@YA$$QAV?$tuple@ABI@0@AAV10@@Z 10003720 f i capldll.obj
 0001:00002730       ??$swap@D$0A@@std@@YAXAAD0@Z 10003730 f i capldll.obj
 0001:00002770       ??0?$_Alloc_construct_ptr@V?$allocator@U?$_Tree_node@U?$pair@$$CBIPAVCaplInstanceData@@@std@@PAX@std@@@std@@@std@@QAE@AAV?$allocator@U?$_Tree_node@U?$pair@$$CBIPAVCaplInstanceData@@@std@@PAX@std@@@1@@Z 10003770 f i capldll.obj
 0001:000027a0       ??0?$_Alloc_construct_ptr@V?$allocator@U?$_Tree_node@U?$pair@$$CBIPAVVIACapl@@@std@@PAX@std@@@std@@@std@@QAE@AAV?$allocator@U?$_Tree_node@U?$pair@$$CBIPAVVIACapl@@@std@@PAX@std@@@1@@Z 100037a0 f i capldll.obj
 0001:000027d0       ??0?$_Container_proxy_ptr12@V?$allocator@U_Container_proxy@std@@@std@@@std@@QAE@AAV?$allocator@U_Container_proxy@std@@@1@AAU_Container_base12@1@@Z 100037d0 f i capldll.obj
 0001:00002840       ??0?$_Tree@V?$_Tmap_traits@IPAVCaplInstanceData@@U?$less@I@std@@V?$allocator@U?$pair@$$CBIPAVCaplInstanceData@@@std@@@3@$0A@@std@@@std@@QAE@ABU?$less@I@1@@Z 10003840 f i capldll.obj
 0001:00002870       ??0?$_Tree@V?$_Tmap_traits@IPAVVIACapl@@U?$less@I@std@@V?$allocator@U?$pair@$$CBIPAVVIACapl@@@std@@@3@$0A@@std@@@std@@QAE@ABU?$less@I@1@@Z 10003870 f i capldll.obj
 0001:000028a0       ??0?$_Tree_const_iterator@V?$_Tree_val@U?$_Tree_simple_types@U?$pair@$$CBIPAVCaplInstanceData@@@std@@@std@@@std@@@std@@QAE@PAU?$_Tree_node@U?$pair@$$CBIPAVCaplInstanceData@@@std@@PAX@1@PBV?$_Tree_val@U?$_Tree_simple_types@U?$pair@$$CBIPAVCaplInstanceData@@@std@@@std@@@1@@Z 100038a0 f i capldll.obj
 0001:000028c0       ??0?$_Tree_const_iterator@V?$_Tree_val@U?$_Tree_simple_types@U?$pair@$$CBIPAVVIACapl@@@std@@@std@@@std@@@std@@QAE@PAU?$_Tree_node@U?$pair@$$CBIPAVVIACapl@@@std@@PAX@1@PBV?$_Tree_val@U?$_Tree_simple_types@U?$pair@$$CBIPAVVIACapl@@@std@@@std@@@1@@Z 100038c0 f i capldll.obj
 0001:000028e0       ??0?$_Tree_iterator@V?$_Tree_val@U?$_Tree_simple_types@U?$pair@$$CBIPAVCaplInstanceData@@@std@@@std@@@std@@@std@@QAE@PAU?$_Tree_node@U?$pair@$$CBIPAVCaplInstanceData@@@std@@PAX@1@PBV?$_Tree_val@U?$_Tree_simple_types@U?$pair@$$CBIPAVCaplInstanceData@@@std@@@std@@@1@@Z 100038e0 f i capldll.obj
 0001:00002900       ??0?$_Tree_iterator@V?$_Tree_val@U?$_Tree_simple_types@U?$pair@$$CBIPAVVIACapl@@@std@@@std@@@std@@@std@@QAE@PAU?$_Tree_node@U?$pair@$$CBIPAVVIACapl@@@std@@PAX@1@PBV?$_Tree_val@U?$_Tree_simple_types@U?$pair@$$CBIPAVVIACapl@@@std@@@std@@@1@@Z 10003900 f i capldll.obj
 0001:00002920       ??0?$_Tree_temp_node_alloc@V?$allocator@U?$_Tree_node@U?$pair@$$CBIPAVCaplInstanceData@@@std@@PAX@std@@@std@@@std@@QAE@AAV?$allocator@U?$_Tree_node@U?$pair@$$CBIPAVCaplInstanceData@@@std@@PAX@std@@@1@@Z 10003920 f i capldll.obj
 0001:00002980       ??0?$_Tree_temp_node_alloc@V?$allocator@U?$_Tree_node@U?$pair@$$CBIPAVVIACapl@@@std@@PAX@std@@@std@@@std@@QAE@AAV?$allocator@U?$_Tree_node@U?$pair@$$CBIPAVVIACapl@@@std@@PAX@std@@@1@@Z 10003980 f i capldll.obj
 0001:000029e0       ??0?$_Tree_unchecked_const_iterator@V?$_Tree_val@U?$_Tree_simple_types@U?$pair@$$CBIPAVCaplInstanceData@@@std@@@std@@@std@@U_Iterator_base0@2@@std@@QAE@PAU?$_Tree_node@U?$pair@$$CBIPAVCaplInstanceData@@@std@@PAX@1@PBV?$_Tree_val@U?$_Tree_simple_types@U?$pair@$$CBIPAVCaplInstanceData@@@std@@@std@@@1@@Z 100039e0 f i capldll.obj
 0001:00002a10       ??0?$_Tree_unchecked_const_iterator@V?$_Tree_val@U?$_Tree_simple_types@U?$pair@$$CBIPAVCaplInstanceData@@@std@@@std@@@std@@U_Iterator_base12@2@@std@@QAE@PAU?$_Tree_node@U?$pair@$$CBIPAVCaplInstanceData@@@std@@PAX@1@PBV?$_Tree_val@U?$_Tree_simple_types@U?$pair@$$CBIPAVCaplInstanceData@@@std@@@std@@@1@@Z 10003a10 f i capldll.obj
 0001:00002a40       ??0?$_Tree_unchecked_const_iterator@V?$_Tree_val@U?$_Tree_simple_types@U?$pair@$$CBIPAVVIACapl@@@std@@@std@@@std@@U_Iterator_base12@2@@std@@QAE@PAU?$_Tree_node@U?$pair@$$CBIPAVVIACapl@@@std@@PAX@1@PBV?$_Tree_val@U?$_Tree_simple_types@U?$pair@$$CBIPAVVIACapl@@@std@@@std@@@1@@Z 10003a40 f i capldll.obj
 0001:00002a70       ??0?$_Tree_unchecked_iterator@V?$_Tree_val@U?$_Tree_simple_types@U?$pair@$$CBIPAVCaplInstanceData@@@std@@@std@@@std@@@std@@QAE@PAU?$_Tree_node@U?$pair@$$CBIPAVCaplInstanceData@@@std@@PAX@1@PBV?$_Tree_val@U?$_Tree_simple_types@U?$pair@$$CBIPAVCaplInstanceData@@@std@@@std@@@1@@Z 10003a70 f i capldll.obj
 0001:00002a90       ??0?$_Tree_val@U?$_Tree_simple_types@U?$pair@$$CBIPAVCaplInstanceData@@@std@@@std@@@std@@QAE@XZ 10003a90 f i capldll.obj
 0001:00002ac0       ??0?$_Tree_val@U?$_Tree_simple_types@U?$pair@$$CBIPAVVIACapl@@@std@@@std@@@std@@QAE@XZ 10003ac0 f i capldll.obj
 0001:00002af0       ??0?$allocator@U?$_Tree_node@U?$pair@$$CBIPAVCaplInstanceData@@@std@@PAX@std@@@std@@QAE@XZ 10003af0 f i capldll.obj
 0001:00002b00       ??0?$allocator@U?$_Tree_node@U?$pair@$$CBIPAVVIACapl@@@std@@PAX@std@@@std@@QAE@XZ 10003b00 f i capldll.obj
 0001:00002b10       ??0?$map@IPAVCaplInstanceData@@U?$less@I@std@@V?$allocator@U?$pair@$$CBIPAVCaplInstanceData@@@std@@@3@@std@@QAE@XZ 10003b10 f i capldll.obj
 0001:00002b30       ??0?$map@IPAVVIACapl@@U?$less@I@std@@V?$allocator@U?$pair@$$CBIPAVVIACapl@@@std@@@3@@std@@QAE@XZ 10003b30 f i capldll.obj
 0001:00002b50       ??0?$tuple@$$V@std@@QAE@ABV01@@Z 10003b50 f i capldll.obj
 0001:00002b60       ??0?$tuple@ABI@std@@QAE@$$QAV01@@Z 10003b60 f i capldll.obj
 0001:00002b90       ??0_Basic_container_proxy_ptr12@std@@IAE@XZ 10003b90 f i capldll.obj
 0001:00002bb0       ??0_Container_base12@std@@QAE@XZ 10003bb0 f i capldll.obj
 0001:00002bd0       ??0_Container_proxy@std@@QAE@PAU_Container_base12@1@@Z 10003bd0 f i capldll.obj
 0001:00002c00       ??0_Iterator_base12@std@@QAE@XZ 10003c00 f i capldll.obj
 0001:00002c30       ??0bad_alloc@std@@AAE@QBD@Z 10003c30 f i capldll.obj
 0001:00002c60       ??0bad_alloc@std@@QAE@ABV01@@Z 10003c60 f i capldll.obj
 0001:00002c90       ??0bad_array_new_length@std@@QAE@ABV01@@Z 10003c90 f i capldll.obj
 0001:00002cc0       ??0bad_array_new_length@std@@QAE@XZ 10003cc0 f i capldll.obj
 0001:00002cf0       ??0exception@std@@QAE@ABV01@@Z 10003cf0 f i capldll.obj
 0001:00002d30       ??0exception@std@@QAE@QBDH@Z 10003d30 f i capldll.obj
 0001:00002d60       ??1?$_Alloc_construct_ptr@V?$allocator@U?$_Tree_node@U?$pair@$$CBIPAVCaplInstanceData@@@std@@PAX@std@@@std@@@std@@QAE@XZ 10003d60 f i capldll.obj
 0001:00002dc0       ??1?$_Alloc_construct_ptr@V?$allocator@U?$_Tree_node@U?$pair@$$CBIPAVVIACapl@@@std@@PAX@std@@@std@@@std@@QAE@XZ 10003dc0 f i capldll.obj
 0001:00002e20       ??1?$_Container_proxy_ptr12@V?$allocator@U_Container_proxy@std@@@std@@@std@@QAE@XZ 10003e20 f i capldll.obj
 0001:00002e50       ??1?$_Tree@V?$_Tmap_traits@IPAVCaplInstanceData@@U?$less@I@std@@V?$allocator@U?$pair@$$CBIPAVCaplInstanceData@@@std@@@3@$0A@@std@@@std@@QAE@XZ 10003e50 f i capldll.obj
 0001:00002eb0       ??1?$_Tree@V?$_Tmap_traits@IPAVVIACapl@@U?$less@I@std@@V?$allocator@U?$pair@$$CBIPAVVIACapl@@@std@@@3@$0A@@std@@@std@@QAE@XZ 10003eb0 f i capldll.obj
 0001:00002f10       ??1?$_Tree_const_iterator@V?$_Tree_val@U?$_Tree_simple_types@U?$pair@$$CBIPAVCaplInstanceData@@@std@@@std@@@std@@@std@@QAE@XZ 10003f10 f i capldll.obj
 0001:00002f30       ??1?$_Tree_const_iterator@V?$_Tree_val@U?$_Tree_simple_types@U?$pair@$$CBIPAVVIACapl@@@std@@@std@@@std@@@std@@QAE@XZ 10003f30 f i capldll.obj
 0001:00002f50       ??1?$_Tree_iterator@V?$_Tree_val@U?$_Tree_simple_types@U?$pair@$$CBIPAVCaplInstanceData@@@std@@@std@@@std@@@std@@QAE@XZ 10003f50 f i capldll.obj
 0001:00002f70       ??1?$_Tree_iterator@V?$_Tree_val@U?$_Tree_simple_types@U?$pair@$$CBIPAVVIACapl@@@std@@@std@@@std@@@std@@QAE@XZ 10003f70 f i capldll.obj
 0001:00002f90       ??1?$_Tree_temp_node@V?$allocator@U?$_Tree_node@U?$pair@$$CBIPAVCaplInstanceData@@@std@@PAX@std@@@std@@@std@@QAE@XZ 10003f90 f i capldll.obj
 0001:00003030       ??1?$_Tree_temp_node@V?$allocator@U?$_Tree_node@U?$pair@$$CBIPAVVIACapl@@@std@@PAX@std@@@std@@@std@@QAE@XZ 10004030 f i capldll.obj
 0001:000030d0       ??1?$_Tree_temp_node_alloc@V?$allocator@U?$_Tree_node@U?$pair@$$CBIPAVCaplInstanceData@@@std@@PAX@std@@@std@@@std@@QAE@XZ 100040d0 f i capldll.obj
 0001:000030f0       ??1?$_Tree_temp_node_alloc@V?$allocator@U?$_Tree_node@U?$pair@$$CBIPAVVIACapl@@@std@@PAX@std@@@std@@@std@@QAE@XZ 100040f0 f i capldll.obj
 0001:00003110       ??1?$_Tree_unchecked_const_iterator@V?$_Tree_val@U?$_Tree_simple_types@U?$pair@$$CBIPAVCaplInstanceData@@@std@@@std@@@std@@U_Iterator_base12@2@@std@@QAE@XZ 10004110 f i capldll.obj
 0001:00003130       ??1?$_Tree_unchecked_const_iterator@V?$_Tree_val@U?$_Tree_simple_types@U?$pair@$$CBIPAVVIACapl@@@std@@@std@@@std@@U_Iterator_base12@2@@std@@QAE@XZ 10004130 f i capldll.obj
 0001:00003150       ??1?$map@IPAVCaplInstanceData@@U?$less@I@std@@V?$allocator@U?$pair@$$CBIPAVCaplInstanceData@@@std@@@3@@std@@QAE@XZ 10004150 f i capldll.obj
 0001:00003170       ??1?$map@IPAVVIACapl@@U?$less@I@std@@V?$allocator@U?$pair@$$CBIPAVVIACapl@@@std@@@3@@std@@QAE@XZ 10004170 f i capldll.obj
 0001:00003190       ??1_Iterator_base12@std@@QAE@XZ 10004190 f i capldll.obj
 0001:000031b0       ??1bad_alloc@std@@UAE@XZ   100041b0 f i capldll.obj
 0001:000031d0       ??1bad_array_new_length@std@@UAE@XZ 100041d0 f i capldll.obj
 0001:000031f0       ??1exception@std@@UAE@XZ   100041f0 f i capldll.obj
 0001:00003220       ??2@YAPAXIPAX@Z            10004220 f i capldll.obj
 0001:00003230       ??4?$_Tree_const_iterator@V?$_Tree_val@U?$_Tree_simple_types@U?$pair@$$CBIPAVCaplInstanceData@@@std@@@std@@@std@@@std@@QAEAAV01@$$QAV01@@Z 10004230 f i capldll.obj
 0001:00003250       ??4?$_Tree_iterator@V?$_Tree_val@U?$_Tree_simple_types@U?$pair@$$CBIPAVCaplInstanceData@@@std@@@std@@@std@@@std@@QAEAAV01@$$QAV01@@Z 10004250 f i capldll.obj
 0001:00003270       ??4?$_Tree_unchecked_const_iterator@V?$_Tree_val@U?$_Tree_simple_types@U?$pair@$$CBIPAVCaplInstanceData@@@std@@@std@@@std@@U_Iterator_base12@2@@std@@QAEAAV01@$$QAV01@@Z 10004270 f i capldll.obj
 0001:000032a0       ??4_Iterator_base12@std@@QAEAAU01@ABU01@@Z 100042a0 f i capldll.obj
 0001:000032c0       ??8?$_Tree_const_iterator@V?$_Tree_val@U?$_Tree_simple_types@U?$pair@$$CBIPAVCaplInstanceData@@@std@@@std@@@std@@@std@@QBE_NABV01@@Z 100042c0 f i capldll.obj
 0001:00003360       ??8?$_Tree_const_iterator@V?$_Tree_val@U?$_Tree_simple_types@U?$pair@$$CBIPAVVIACapl@@@std@@@std@@@std@@@std@@QBE_NABV01@@Z 10004360 f i capldll.obj
 0001:00003400       ??8?$_Tree_unchecked_const_iterator@V?$_Tree_val@U?$_Tree_simple_types@U?$pair@$$CBIPAVCaplInstanceData@@@std@@@std@@@std@@U_Iterator_base0@2@@std@@QBE_NABV01@@Z 10004400 f i capldll.obj
 0001:00003430       ??9?$_Tree_const_iterator@V?$_Tree_val@U?$_Tree_simple_types@U?$pair@$$CBIPAVCaplInstanceData@@@std@@@std@@@std@@@std@@QBE_NABV01@@Z 10004430 f i capldll.obj
 0001:00003470       ??9?$_Tree_const_iterator@V?$_Tree_val@U?$_Tree_simple_types@U?$pair@$$CBIPAVVIACapl@@@std@@@std@@@std@@@std@@QBE_NABV01@@Z 10004470 f i capldll.obj
 0001:000034b0       ??9?$_Tree_unchecked_const_iterator@V?$_Tree_val@U?$_Tree_simple_types@U?$pair@$$CBIPAVCaplInstanceData@@@std@@@std@@@std@@U_Iterator_base0@2@@std@@QBE_NABV01@@Z 100044b0 f i capldll.obj
 0001:000034f0       ??A?$map@IPAVCaplInstanceData@@U?$less@I@std@@V?$allocator@U?$pair@$$CBIPAVCaplInstanceData@@@std@@@3@@std@@QAEAAPAVCaplInstanceData@@ABI@Z 100044f0 f i capldll.obj
 0001:00003520       ??A?$map@IPAVVIACapl@@U?$less@I@std@@V?$allocator@U?$pair@$$CBIPAVVIACapl@@@std@@@3@@std@@QAEAAPAVVIACapl@@ABI@Z 10004520 f i capldll.obj
 0001:00003550       ??C?$_Tree_iterator@V?$_Tree_val@U?$_Tree_simple_types@U?$pair@$$CBIPAVCaplInstanceData@@@std@@@std@@@std@@@std@@QBEPAU?$pair@$$CBIPAVCaplInstanceData@@@1@XZ 10004550 f i capldll.obj
 0001:00003570       ??C?$_Tree_iterator@V?$_Tree_val@U?$_Tree_simple_types@U?$pair@$$CBIPAVVIACapl@@@std@@@std@@@std@@@std@@QBEPAU?$pair@$$CBIPAVVIACapl@@@1@XZ 10004570 f i capldll.obj
 0001:00003590       ??D?$_Tree_const_iterator@V?$_Tree_val@U?$_Tree_simple_types@U?$pair@$$CBIPAVCaplInstanceData@@@std@@@std@@@std@@@std@@QBEABU?$pair@$$CBIPAVCaplInstanceData@@@1@XZ 10004590 f i capldll.obj
 0001:00003670       ??D?$_Tree_const_iterator@V?$_Tree_val@U?$_Tree_simple_types@U?$pair@$$CBIPAVVIACapl@@@std@@@std@@@std@@@std@@QBEABU?$pair@$$CBIPAVVIACapl@@@1@XZ 10004670 f i capldll.obj
 0001:00003750       ??D?$_Tree_iterator@V?$_Tree_val@U?$_Tree_simple_types@U?$pair@$$CBIPAVCaplInstanceData@@@std@@@std@@@std@@@std@@QBEAAU?$pair@$$CBIPAVCaplInstanceData@@@1@XZ 10004750 f i capldll.obj
 0001:00003770       ??D?$_Tree_iterator@V?$_Tree_val@U?$_Tree_simple_types@U?$pair@$$CBIPAVVIACapl@@@std@@@std@@@std@@@std@@QBEAAU?$pair@$$CBIPAVVIACapl@@@1@XZ 10004770 f i capldll.obj
 0001:00003790       ??E?$_Tree_unchecked_const_iterator@V?$_Tree_val@U?$_Tree_simple_types@U?$pair@$$CBIPAVCaplInstanceData@@@std@@@std@@@std@@U_Iterator_base0@2@@std@@QAE?AV01@H@Z 10004790 f i capldll.obj
 0001:000037c0       ??E?$_Tree_unchecked_const_iterator@V?$_Tree_val@U?$_Tree_simple_types@U?$pair@$$CBIPAVCaplInstanceData@@@std@@@std@@@std@@U_Iterator_base0@2@@std@@QAEAAV01@XZ 100047c0 f i capldll.obj
 0001:00003830       ??R?$less@I@std@@QBE_NABI0@Z 10004830 f i capldll.obj
 0001:00003860       ??_Gbad_alloc@std@@UAEPAXI@Z 10004860 f i capldll.obj
 0001:00003860       ??_Ebad_alloc@std@@UAEPAXI@Z 10004860 f i capldll.obj
 0001:00003890       ??_Ebad_array_new_length@std@@UAEPAXI@Z 10004890 f i capldll.obj
 0001:00003890       ??_Gbad_array_new_length@std@@UAEPAXI@Z 10004890 f i capldll.obj
 0001:000038c0       ??_Gexception@std@@UAEPAXI@Z 100048c0 f i capldll.obj
 0001:000038c0       ??_Eexception@std@@UAEPAXI@Z 100048c0 f i capldll.obj
 0001:000038f0       ?_Adjust_manually_vector_aligned@std@@YAXAAPAXAAI@Z 100048f0 f i capldll.obj
 0001:00003a00       ?_Adopt@_Iterator_base0@std@@QAEXPBX@Z 10004a00 f i capldll.obj
 0001:00003a10       ?_Adopt@_Iterator_base12@std@@QAEXPBU_Container_base12@2@@Z 10004a10 f i capldll.obj
 0001:00003a30       ?_Adopt_locked@_Iterator_base12@std@@AAEXPBU_Container_base12@2@@Z 10004a30 f i capldll.obj
 0001:00003a60       ?_Adopt_unlocked@_Iterator_base12@std@@AAEXPBU_Container_base12@2@@Z 10004a60 f i capldll.obj
 0001:00003ac0       ?_Alloc_sentinel_and_proxy@?$_Tree@V?$_Tmap_traits@IPAVCaplInstanceData@@U?$less@I@std@@V?$allocator@U?$pair@$$CBIPAVCaplInstanceData@@@std@@@3@$0A@@std@@@std@@IAEXXZ 10004ac0 f i capldll.obj
 0001:00003b60       ?_Alloc_sentinel_and_proxy@?$_Tree@V?$_Tmap_traits@IPAVVIACapl@@U?$less@I@std@@V?$allocator@U?$pair@$$CBIPAVVIACapl@@@std@@@3@$0A@@std@@@std@@IAEXXZ 10004b60 f i capldll.obj
 0001:00003c00       ?_Allocate@?$_Alloc_construct_ptr@V?$allocator@U?$_Tree_node@U?$pair@$$CBIPAVCaplInstanceData@@@std@@PAX@std@@@std@@@std@@QAEXXZ 10004c00 f i capldll.obj
 0001:00003c30       ?_Allocate@?$_Alloc_construct_ptr@V?$allocator@U?$_Tree_node@U?$pair@$$CBIPAVVIACapl@@@std@@PAX@std@@@std@@@std@@QAEXXZ 10004c30 f i capldll.obj
 0001:00003c60       ?_Allocate@_Default_allocate_traits@std@@SAPAXI@Z 10004c60 f i capldll.obj
 0001:00003c80       ?_Assign_locked@_Iterator_base12@std@@AAEXABU12@@Z 10004c80 f i capldll.obj
 0001:00003cb0       ?_Assign_unlocked@_Iterator_base12@std@@AAEXABU12@@Z 10004cb0 f i capldll.obj
 0001:00003cf0       ?_Check_grow_by_1@?$_Tree@V?$_Tmap_traits@IPAVCaplInstanceData@@U?$less@I@std@@V?$allocator@U?$pair@$$CBIPAVCaplInstanceData@@@std@@@3@$0A@@std@@@std@@IAEXXZ 10004cf0 f i capldll.obj
 0001:00003d20       ?_Check_grow_by_1@?$_Tree@V?$_Tmap_traits@IPAVVIACapl@@U?$less@I@std@@V?$allocator@U?$pair@$$CBIPAVVIACapl@@@std@@@3@$0A@@std@@@std@@IAEXXZ 10004d20 f i capldll.obj
 0001:00003d50       ?_Erase_unchecked@?$_Tree@V?$_Tmap_traits@IPAVCaplInstanceData@@U?$less@I@std@@V?$allocator@U?$pair@$$CBIPAVCaplInstanceData@@@std@@@3@$0A@@std@@@std@@AAEPAU?$_Tree_node@U?$pair@$$CBIPAVCaplInstanceData@@@std@@PAX@2@V?$_Tree_unchecked_const_iterator@V?$_Tree_val@U?$_Tree_simple_types@U?$pair@$$CBIPAVCaplInstanceData@@@std@@@std@@@std@@U_Iterator_base0@2@@2@0@Z 10004d50 f i capldll.obj
 0001:00003dd0       ?_Erase_unchecked@?$_Tree@V?$_Tmap_traits@IPAVCaplInstanceData@@U?$less@I@std@@V?$allocator@U?$pair@$$CBIPAVCaplInstanceData@@@std@@@3@$0A@@std@@@std@@AAEPAU?$_Tree_node@U?$pair@$$CBIPAVCaplInstanceData@@@std@@PAX@2@V?$_Tree_unchecked_const_iterator@V?$_Tree_val@U?$_Tree_simple_types@U?$pair@$$CBIPAVCaplInstanceData@@@std@@@std@@@std@@U_Iterator_base0@2@@2@@Z 10004dd0 f i capldll.obj
 0001:00003e30       ?_Extract@?$_Tree_val@U?$_Tree_simple_types@U?$pair@$$CBIPAVCaplInstanceData@@@std@@@std@@@std@@QAEPAU?$_Tree_node@U?$pair@$$CBIPAVCaplInstanceData@@@std@@PAX@2@V?$_Tree_unchecked_const_iterator@V?$_Tree_val@U?$_Tree_simple_types@U?$pair@$$CBIPAVCaplInstanceData@@@std@@@std@@@std@@U_Iterator_base0@2@@2@@Z 10004e30 f i capldll.obj
 0001:00004260       ?_Get_first@?$_Compressed_pair@U?$less@I@std@@V?$_Compressed_pair@V?$allocator@U?$_Tree_node@U?$pair@$$CBIPAVCaplInstanceData@@@std@@PAX@std@@@std@@V?$_Tree_val@U?$_Tree_simple_types@U?$pair@$$CBIPAVCaplInstanceData@@@std@@@std@@@2@$00@2@$00@std@@QBEABU?$less@I@2@XZ 10005260 f i capldll.obj
 0001:00004270       ?_Get_first@?$_Compressed_pair@U?$less@I@std@@V?$_Compressed_pair@V?$allocator@U?$_Tree_node@U?$pair@$$CBIPAVVIACapl@@@std@@PAX@std@@@std@@V?$_Tree_val@U?$_Tree_simple_types@U?$pair@$$CBIPAVVIACapl@@@std@@@std@@@2@$00@2@$00@std@@QBEABU?$less@I@2@XZ 10005270 f i capldll.obj
 0001:00004280       ?_Get_first@?$_Compressed_pair@V?$allocator@U?$_Tree_node@U?$pair@$$CBIPAVCaplInstanceData@@@std@@PAX@std@@@std@@V?$_Tree_val@U?$_Tree_simple_types@U?$pair@$$CBIPAVCaplInstanceData@@@std@@@std@@@2@$00@std@@QAEAAV?$allocator@U?$_Tree_node@U?$pair@$$CBIPAVCaplInstanceData@@@std@@PAX@std@@@2@XZ 10005280 f i capldll.obj
 0001:00004290       ?_Get_first@?$_Compressed_pair@V?$allocator@U?$_Tree_node@U?$pair@$$CBIPAVCaplInstanceData@@@std@@PAX@std@@@std@@V?$_Tree_val@U?$_Tree_simple_types@U?$pair@$$CBIPAVCaplInstanceData@@@std@@@std@@@2@$00@std@@QBEABV?$allocator@U?$_Tree_node@U?$pair@$$CBIPAVCaplInstanceData@@@std@@PAX@std@@@2@XZ 10005290 f i capldll.obj
 0001:000042a0       ?_Get_first@?$_Compressed_pair@V?$allocator@U?$_Tree_node@U?$pair@$$CBIPAVVIACapl@@@std@@PAX@std@@@std@@V?$_Tree_val@U?$_Tree_simple_types@U?$pair@$$CBIPAVVIACapl@@@std@@@std@@@2@$00@std@@QAEAAV?$allocator@U?$_Tree_node@U?$pair@$$CBIPAVVIACapl@@@std@@PAX@std@@@2@XZ 100052a0 f i capldll.obj
 0001:000042b0       ?_Get_first@?$_Compressed_pair@V?$allocator@U?$_Tree_node@U?$pair@$$CBIPAVVIACapl@@@std@@PAX@std@@@std@@V?$_Tree_val@U?$_Tree_simple_types@U?$pair@$$CBIPAVVIACapl@@@std@@@std@@@2@$00@std@@QBEABV?$allocator@U?$_Tree_node@U?$pair@$$CBIPAVVIACapl@@@std@@PAX@std@@@2@XZ 100052b0 f i capldll.obj
 0001:000042c0       ?_Get_scary@?$_Tree@V?$_Tmap_traits@IPAVCaplInstanceData@@U?$less@I@std@@V?$allocator@U?$pair@$$CBIPAVCaplInstanceData@@@std@@@3@$0A@@std@@@std@@IAEPAV?$_Tree_val@U?$_Tree_simple_types@U?$pair@$$CBIPAVCaplInstanceData@@@std@@@std@@@2@XZ 100052c0 f i capldll.obj
 0001:000042e0       ?_Get_scary@?$_Tree@V?$_Tmap_traits@IPAVCaplInstanceData@@U?$less@I@std@@V?$allocator@U?$pair@$$CBIPAVCaplInstanceData@@@std@@@3@$0A@@std@@@std@@IBEPBV?$_Tree_val@U?$_Tree_simple_types@U?$pair@$$CBIPAVCaplInstanceData@@@std@@@std@@@2@XZ 100052e0 f i capldll.obj
 0001:00004300       ?_Get_scary@?$_Tree@V?$_Tmap_traits@IPAVVIACapl@@U?$less@I@std@@V?$allocator@U?$pair@$$CBIPAVVIACapl@@@std@@@3@$0A@@std@@@std@@IAEPAV?$_Tree_val@U?$_Tree_simple_types@U?$pair@$$CBIPAVVIACapl@@@std@@@std@@@2@XZ 10005300 f i capldll.obj
 0001:00004320       ?_Get_scary@?$_Tree@V?$_Tmap_traits@IPAVVIACapl@@U?$less@I@std@@V?$allocator@U?$pair@$$CBIPAVVIACapl@@@std@@@3@$0A@@std@@@std@@IBEPBV?$_Tree_val@U?$_Tree_simple_types@U?$pair@$$CBIPAVVIACapl@@@std@@@std@@@2@XZ 10005320 f i capldll.obj
 0001:00004340       ?_Getal@?$_Tree@V?$_Tmap_traits@IPAVCaplInstanceData@@U?$less@I@std@@V?$allocator@U?$pair@$$CBIPAVCaplInstanceData@@@std@@@3@$0A@@std@@@std@@IAEAAV?$allocator@U?$_Tree_node@U?$pair@$$CBIPAVCaplInstanceData@@@std@@PAX@std@@@2@XZ 10005340 f i capldll.obj
 0001:00004360       ?_Getal@?$_Tree@V?$_Tmap_traits@IPAVCaplInstanceData@@U?$less@I@std@@V?$allocator@U?$pair@$$CBIPAVCaplInstanceData@@@std@@@3@$0A@@std@@@std@@IBEABV?$allocator@U?$_Tree_node@U?$pair@$$CBIPAVCaplInstanceData@@@std@@PAX@std@@@2@XZ 10005360 f i capldll.obj
 0001:00004380       ?_Getal@?$_Tree@V?$_Tmap_traits@IPAVVIACapl@@U?$less@I@std@@V?$allocator@U?$pair@$$CBIPAVVIACapl@@@std@@@3@$0A@@std@@@std@@IAEAAV?$allocator@U?$_Tree_node@U?$pair@$$CBIPAVVIACapl@@@std@@PAX@std@@@2@XZ 10005380 f i capldll.obj
 0001:000043a0       ?_Getal@?$_Tree@V?$_Tmap_traits@IPAVVIACapl@@U?$less@I@std@@V?$allocator@U?$pair@$$CBIPAVVIACapl@@@std@@@3@$0A@@std@@@std@@IBEABV?$allocator@U?$_Tree_node@U?$pair@$$CBIPAVVIACapl@@@std@@PAX@std@@@2@XZ 100053a0 f i capldll.obj
 0001:000043c0       ?_Getcomp@?$_Tree@V?$_Tmap_traits@IPAVCaplInstanceData@@U?$less@I@std@@V?$allocator@U?$pair@$$CBIPAVCaplInstanceData@@@std@@@3@$0A@@std@@@std@@IBEABU?$less@I@2@XZ 100053c0 f i capldll.obj
 0001:000043e0       ?_Getcomp@?$_Tree@V?$_Tmap_traits@IPAVVIACapl@@U?$less@I@std@@V?$allocator@U?$pair@$$CBIPAVVIACapl@@@std@@@3@$0A@@std@@@std@@IBEABU?$less@I@2@XZ 100053e0 f i capldll.obj
 0001:00004400       ?_Getcont@_Iterator_base12@std@@QBEPBU_Container_base12@2@XZ 10005400 f i capldll.obj
 0001:00004430       ?_Insert_node@?$_Tree_val@U?$_Tree_simple_types@U?$pair@$$CBIPAVCaplInstanceData@@@std@@@std@@@std@@QAEPAU?$_Tree_node@U?$pair@$$CBIPAVCaplInstanceData@@@std@@PAX@2@U?$_Tree_id@PAU?$_Tree_node@U?$pair@$$CBIPAVCaplInstanceData@@@std@@PAX@std@@@2@QAU32@@Z 10005430 f i capldll.obj
 0001:00004640       ?_Insert_node@?$_Tree_val@U?$_Tree_simple_types@U?$pair@$$CBIPAVVIACapl@@@std@@@std@@@std@@QAEPAU?$_Tree_node@U?$pair@$$CBIPAVVIACapl@@@std@@PAX@2@U?$_Tree_id@PAU?$_Tree_node@U?$pair@$$CBIPAVVIACapl@@@std@@PAX@std@@@2@QAU32@@Z 10005640 f i capldll.obj
 0001:00004850       ?_Lrotate@?$_Tree_val@U?$_Tree_simple_types@U?$pair@$$CBIPAVCaplInstanceData@@@std@@@std@@@std@@QAEXPAU?$_Tree_node@U?$pair@$$CBIPAVCaplInstanceData@@@std@@PAX@2@@Z 10005850 f i capldll.obj
 0001:000048f0       ?_Lrotate@?$_Tree_val@U?$_Tree_simple_types@U?$pair@$$CBIPAVVIACapl@@@std@@@std@@@std@@QAEXPAU?$_Tree_node@U?$pair@$$CBIPAVVIACapl@@@std@@PAX@2@@Z 100058f0 f i capldll.obj
 0001:00004990       ?_Max@?$_Tree_val@U?$_Tree_simple_types@U?$pair@$$CBIPAVCaplInstanceData@@@std@@@std@@@std@@SAPAU?$_Tree_node@U?$pair@$$CBIPAVCaplInstanceData@@@std@@PAX@2@PAU32@@Z 10005990 f i capldll.obj
 0001:000049c0       ?_Min@?$_Tree_val@U?$_Tree_simple_types@U?$pair@$$CBIPAVCaplInstanceData@@@std@@@std@@@std@@SAPAU?$_Tree_node@U?$pair@$$CBIPAVCaplInstanceData@@@std@@PAX@2@PAU32@@Z 100059c0 f i capldll.obj
 0001:000049e0       ?_Orphan_all@_Container_base12@std@@QAEXXZ 100059e0 f i capldll.obj
 0001:00004a00       ?_Orphan_all_locked_v3@_Container_base12@std@@AAEXXZ 10005a00 f i capldll.obj
 0001:00004a30       ?_Orphan_all_unlocked_v3@_Container_base12@std@@AAEXXZ 10005a30 f i capldll.obj
 0001:00004a90       ?_Orphan_me_locked_v3@_Iterator_base12@std@@AAEXXZ 10005a90 f i capldll.obj
 0001:00004ac0       ?_Orphan_me_unlocked_v3@_Iterator_base12@std@@AAEXXZ 10005ac0 f i capldll.obj
 0001:00004b80       ?_Orphan_ptr@?$_Tree_val@U?$_Tree_simple_types@U?$pair@$$CBIPAVCaplInstanceData@@@std@@@std@@@std@@QAEXQAU?$_Tree_node@U?$pair@$$CBIPAVCaplInstanceData@@@std@@PAX@2@@Z 10005b80 f i capldll.obj
 0001:00004c00       ?_Orphan_ptr@?$_Tree_val@U?$_Tree_simple_types@U?$pair@$$CBIPAVVIACapl@@@std@@@std@@@std@@QAEXQAU?$_Tree_node@U?$pair@$$CBIPAVVIACapl@@@std@@PAX@2@@Z 10005c00 f i capldll.obj
 0001:00004c80       ?_Release@?$_Alloc_construct_ptr@V?$allocator@U?$_Tree_node@U?$pair@$$CBIPAVCaplInstanceData@@@std@@PAX@std@@@std@@@std@@QAEPAU?$_Tree_node@U?$pair@$$CBIPAVCaplInstanceData@@@std@@PAX@2@XZ 10005c80 f i capldll.obj
 0001:00004cb0       ?_Release@?$_Alloc_construct_ptr@V?$allocator@U?$_Tree_node@U?$pair@$$CBIPAVVIACapl@@@std@@PAX@std@@@std@@@std@@QAEPAU?$_Tree_node@U?$pair@$$CBIPAVVIACapl@@@std@@PAX@2@XZ 10005cb0 f i capldll.obj
 0001:00004ce0       ?_Release@_Basic_container_proxy_ptr12@std@@QAEXXZ 10005ce0 f i capldll.obj
 0001:00004d00       ?_Rrotate@?$_Tree_val@U?$_Tree_simple_types@U?$pair@$$CBIPAVCaplInstanceData@@@std@@@std@@@std@@QAEXPAU?$_Tree_node@U?$pair@$$CBIPAVCaplInstanceData@@@std@@PAX@2@@Z 10005d00 f i capldll.obj
 0001:00004da0       ?_Rrotate@?$_Tree_val@U?$_Tree_simple_types@U?$pair@$$CBIPAVVIACapl@@@std@@@std@@@std@@QAEXPAU?$_Tree_node@U?$pair@$$CBIPAVVIACapl@@@std@@PAX@2@@Z 10005da0 f i capldll.obj
 0001:00004e40       ?_Throw_bad_array_new_length@std@@YAXXZ 10005e40 f i capldll.obj
 0001:00004e60       ?_Throw_tree_length_error@std@@YAXXZ 10005e60 f i capldll.obj
 0001:00004e70       ?_Unchecked_begin@?$_Tree@V?$_Tmap_traits@IPAVCaplInstanceData@@U?$less@I@std@@V?$allocator@U?$pair@$$CBIPAVCaplInstanceData@@@std@@@3@$0A@@std@@@std@@QAE?AV?$_Tree_unchecked_iterator@V?$_Tree_val@U?$_Tree_simple_types@U?$pair@$$CBIPAVCaplInstanceData@@@std@@@std@@@std@@@2@XZ 10005e70 f i capldll.obj
 0001:00004ea0       ?allocate@?$allocator@U?$_Tree_node@U?$pair@$$CBIPAVCaplInstanceData@@@std@@PAX@std@@@std@@QAEPAU?$_Tree_node@U?$pair@$$CBIPAVCaplInstanceData@@@std@@PAX@2@I@Z 10005ea0 f i capldll.obj
 0001:00004ed0       ?allocate@?$allocator@U?$_Tree_node@U?$pair@$$CBIPAVVIACapl@@@std@@PAX@std@@@std@@QAEPAU?$_Tree_node@U?$pair@$$CBIPAVVIACapl@@@std@@PAX@2@I@Z 10005ed0 f i capldll.obj
 0001:00004f00       ?allocate@?$allocator@U_Container_proxy@std@@@std@@QAEPAU_Container_proxy@2@I@Z 10005f00 f i capldll.obj
 0001:00004f30       ?begin@?$_Tree@V?$_Tmap_traits@IPAVCaplInstanceData@@U?$less@I@std@@V?$allocator@U?$pair@$$CBIPAVCaplInstanceData@@@std@@@3@$0A@@std@@@std@@QAE?AV?$_Tree_iterator@V?$_Tree_val@U?$_Tree_simple_types@U?$pair@$$CBIPAVCaplInstanceData@@@std@@@std@@@std@@@2@XZ 10005f30 f i capldll.obj
 0001:00004f70       ?clear@?$_Tree@V?$_Tmap_traits@IPAVCaplInstanceData@@U?$less@I@std@@V?$allocator@U?$pair@$$CBIPAVCaplInstanceData@@@std@@@3@$0A@@std@@@std@@QAEXXZ 10005f70 f i capldll.obj
 0001:00004fe0       ?clear@?$_Tree@V?$_Tmap_traits@IPAVVIACapl@@U?$less@I@std@@V?$allocator@U?$pair@$$CBIPAVVIACapl@@@std@@@3@$0A@@std@@@std@@QAEXXZ 10005fe0 f i capldll.obj
 0001:00005050       ?deallocate@?$_Default_allocator_traits@V?$allocator@U?$_Tree_node@U?$pair@$$CBIPAVCaplInstanceData@@@std@@PAX@std@@@std@@@std@@SAXAAV?$allocator@U?$_Tree_node@U?$pair@$$CBIPAVCaplInstanceData@@@std@@PAX@std@@@2@QAU?$_Tree_node@U?$pair@$$CBIPAVCaplInstanceData@@@std@@PAX@2@I@Z 10006050 f i capldll.obj
 0001:00005070       ?deallocate@?$_Default_allocator_traits@V?$allocator@U?$_Tree_node@U?$pair@$$CBIPAVVIACapl@@@std@@PAX@std@@@std@@@std@@SAXAAV?$allocator@U?$_Tree_node@U?$pair@$$CBIPAVVIACapl@@@std@@PAX@std@@@2@QAU?$_Tree_node@U?$pair@$$CBIPAVVIACapl@@@std@@PAX@2@I@Z 10006070 f i capldll.obj
 0001:00005090       ?deallocate@?$_Default_allocator_traits@V?$allocator@U_Container_proxy@std@@@std@@@std@@SAXAAV?$allocator@U_Container_proxy@std@@@2@QAU_Container_proxy@2@I@Z 10006090 f i capldll.obj
 0001:000050b0       ?deallocate@?$allocator@U?$_Tree_node@U?$pair@$$CBIPAVCaplInstanceData@@@std@@PAX@std@@@std@@QAEXQAU?$_Tree_node@U?$pair@$$CBIPAVCaplInstanceData@@@std@@PAX@2@I@Z 100060b0 f i capldll.obj
 0001:000050d0       ?deallocate@?$allocator@U?$_Tree_node@U?$pair@$$CBIPAVVIACapl@@@std@@PAX@std@@@std@@QAEXQAU?$_Tree_node@U?$pair@$$CBIPAVVIACapl@@@std@@PAX@2@I@Z 100060d0 f i capldll.obj
 0001:000050f0       ?end@?$_Tree@V?$_Tmap_traits@IPAVCaplInstanceData@@U?$less@I@std@@V?$allocator@U?$pair@$$CBIPAVCaplInstanceData@@@std@@@3@$0A@@std@@@std@@QAE?AV?$_Tree_iterator@V?$_Tree_val@U?$_Tree_simple_types@U?$pair@$$CBIPAVCaplInstanceData@@@std@@@std@@@std@@@2@XZ 100060f0 f i capldll.obj
 0001:00005120       ?end@?$_Tree@V?$_Tmap_traits@IPAVVIACapl@@U?$less@I@std@@V?$allocator@U?$pair@$$CBIPAVVIACapl@@@std@@@3@$0A@@std@@@std@@QAE?AV?$_Tree_iterator@V?$_Tree_val@U?$_Tree_simple_types@U?$pair@$$CBIPAVVIACapl@@@std@@@std@@@std@@@2@XZ 10006120 f i capldll.obj
 0001:00005150       ?erase@?$_Tree@V?$_Tmap_traits@IPAVCaplInstanceData@@U?$less@I@std@@V?$allocator@U?$pair@$$CBIPAVCaplInstanceData@@@std@@@3@$0A@@std@@@std@@QAEIABI@Z 10006150 f i capldll.obj
 0001:000051c0       ?find@?$_Tree@V?$_Tmap_traits@IPAVCaplInstanceData@@U?$less@I@std@@V?$allocator@U?$pair@$$CBIPAVCaplInstanceData@@@std@@@3@$0A@@std@@@std@@QAE?AV?$_Tree_iterator@V?$_Tree_val@U?$_Tree_simple_types@U?$pair@$$CBIPAVCaplInstanceData@@@std@@@std@@@std@@@2@ABI@Z 100061c0 f i capldll.obj
 0001:00005200       ?find@?$_Tree@V?$_Tmap_traits@IPAVVIACapl@@U?$less@I@std@@V?$allocator@U?$pair@$$CBIPAVVIACapl@@@std@@@3@$0A@@std@@@std@@QAE?AV?$_Tree_iterator@V?$_Tree_val@U?$_Tree_simple_types@U?$pair@$$CBIPAVVIACapl@@@std@@@std@@@std@@@2@ABI@Z 10006200 f i capldll.obj
 0001:00005240       ?max@?$numeric_limits@H@std@@SAHXZ 10006240 f i capldll.obj
 0001:00005250       ?max_size@?$_Default_allocator_traits@V?$allocator@U?$_Tree_node@U?$pair@$$CBIPAVCaplInstanceData@@@std@@PAX@std@@@std@@@std@@SAIABV?$allocator@U?$_Tree_node@U?$pair@$$CBIPAVCaplInstanceData@@@std@@PAX@std@@@2@@Z 10006250 f i capldll.obj
 0001:00005260       ?max_size@?$_Default_allocator_traits@V?$allocator@U?$_Tree_node@U?$pair@$$CBIPAVVIACapl@@@std@@PAX@std@@@std@@@std@@SAIABV?$allocator@U?$_Tree_node@U?$pair@$$CBIPAVVIACapl@@@std@@PAX@std@@@2@@Z 10006260 f i capldll.obj
 0001:00005270       ?max_size@?$_Tree@V?$_Tmap_traits@IPAVCaplInstanceData@@U?$less@I@std@@V?$allocator@U?$pair@$$CBIPAVCaplInstanceData@@@std@@@3@$0A@@std@@@std@@QBEIXZ 10006270 f i capldll.obj
 0001:000052b0       ?max_size@?$_Tree@V?$_Tmap_traits@IPAVVIACapl@@U?$less@I@std@@V?$allocator@U?$pair@$$CBIPAVVIACapl@@@std@@@3@$0A@@std@@@std@@QBEIXZ 100062b0 f i capldll.obj
 0001:000052f0       ?pointer_to@?$pointer_traits@PAU?$pair@$$CBIPAVCaplInstanceData@@@std@@@std@@SAPAU?$pair@$$CBIPAVCaplInstanceData@@@2@AAU32@@Z 100062f0 f i capldll.obj
 0001:00005310       ?pointer_to@?$pointer_traits@PAU?$pair@$$CBIPAVVIACapl@@@std@@@std@@SAPAU?$pair@$$CBIPAVVIACapl@@@2@AAU32@@Z 10006310 f i capldll.obj
 0001:00005330       ?size@?$_Tree@V?$_Tmap_traits@IPAVCaplInstanceData@@U?$less@I@std@@V?$allocator@U?$pair@$$CBIPAVCaplInstanceData@@@std@@@3@$0A@@std@@@std@@QBEIXZ 10006330 f i capldll.obj
 0001:00005350       ?what@exception@std@@UBEPBDXZ 10006350 f i capldll.obj
 0001:00005380       _pochisq                   10006380 f   chisq.obj
 0001:00005910       _ENT                       10006910 f   ent.obj
 0001:00005bc0       _rt_init                   10006bc0 f   randtest.obj
 0001:00005cf0       _rt_add                    10006cf0 f   randtest.obj
 0001:00005fa0       _rt_end                    10006fa0 f   randtest.obj
 0001:000062a0       ??0_Init_locks@std@@QAE@XZ 100072a0 f   libcpmtd:xlock.obj
 0001:00006300       ??0_Lockit@std@@QAE@H@Z    10007300 f   libcpmtd:xlock.obj
 0001:00006350       ??0_Lockit@std@@QAE@XZ     10007350 f   libcpmtd:xlock.obj
 0001:00006390       ??1_Init_locks@std@@QAE@XZ 10007390 f   libcpmtd:xlock.obj
 0001:000063f0       ??1_Lockit@std@@QAE@XZ     100073f0 f   libcpmtd:xlock.obj
 0001:00006430       ?_Init_locks_ctor@_Init_locks@std@@CAXPAV12@@Z 10007430 f   libcpmtd:xlock.obj
 0001:00006490       ?_Init_locks_dtor@_Init_locks@std@@CAXPAV12@@Z 10007490 f   libcpmtd:xlock.obj
 0001:000064f0       ?_Lockit_ctor@_Lockit@std@@CAXPAV12@@Z 100074f0 f   libcpmtd:xlock.obj
 0001:00006510       ?_Lockit_ctor@_Lockit@std@@CAXPAV12@H@Z 10007510 f   libcpmtd:xlock.obj
 0001:00006550       ?_Lockit_ctor@_Lockit@std@@SAXH@Z 10007550 f   libcpmtd:xlock.obj
 0001:00006580       ?_Lockit_dtor@_Lockit@std@@CAXPAV12@@Z 10007580 f   libcpmtd:xlock.obj
 0001:000065a0       ?_Lockit_dtor@_Lockit@std@@SAXH@Z 100075a0 f   libcpmtd:xlock.obj
 0001:000065d0       __Lock_at_thread_exit_mutex 100075d0 f   libcpmtd:xlock.obj
 0001:000065f0       __Unlock_at_thread_exit_mutex 100075f0 f   libcpmtd:xlock.obj
 0001:00006610       ??0bad_alloc@std@@QAE@XZ   10007610 f i libcpmtd:xthrow.obj
 0001:00006640       ??0bad_function_call@std@@QAE@ABV01@@Z 10007640 f i libcpmtd:xthrow.obj
 0001:00006670       ??0bad_function_call@std@@QAE@XZ 10007670 f i libcpmtd:xthrow.obj
 0001:00006690       ??0exception@std@@QAE@QBD@Z 10007690 f i libcpmtd:xthrow.obj
 0001:000066e0       ??0exception@std@@QAE@XZ   100076e0 f i libcpmtd:xthrow.obj
 0001:00006710       ??0invalid_argument@std@@QAE@ABV01@@Z 10007710 f i libcpmtd:xthrow.obj
 0001:00006740       ??0invalid_argument@std@@QAE@PBD@Z 10007740 f i libcpmtd:xthrow.obj
 0001:00006770       ??0length_error@std@@QAE@ABV01@@Z 10007770 f i libcpmtd:xthrow.obj
 0001:000067a0       ??0length_error@std@@QAE@PBD@Z 100077a0 f i libcpmtd:xthrow.obj
 0001:000067d0       ??0logic_error@std@@QAE@ABV01@@Z 100077d0 f i libcpmtd:xthrow.obj
 0001:00006800       ??0logic_error@std@@QAE@PBD@Z 10007800 f i libcpmtd:xthrow.obj
 0001:00006830       ??0out_of_range@std@@QAE@ABV01@@Z 10007830 f i libcpmtd:xthrow.obj
 0001:00006860       ??0out_of_range@std@@QAE@PBD@Z 10007860 f i libcpmtd:xthrow.obj
 0001:00006890       ??0overflow_error@std@@QAE@ABV01@@Z 10007890 f i libcpmtd:xthrow.obj
 0001:000068c0       ??0overflow_error@std@@QAE@PBD@Z 100078c0 f i libcpmtd:xthrow.obj
 0001:000068f0       ??0regex_error@std@@QAE@ABV01@@Z 100078f0 f i libcpmtd:xthrow.obj
 0001:00006930       ??0regex_error@std@@QAE@W4error_type@regex_constants@1@@Z 10007930 f i libcpmtd:xthrow.obj
 0001:00006970       ??0runtime_error@std@@QAE@ABV01@@Z 10007970 f i libcpmtd:xthrow.obj
 0001:000069a0       ??0runtime_error@std@@QAE@PBD@Z 100079a0 f i libcpmtd:xthrow.obj
 0001:000069d0       ??1bad_function_call@std@@UAE@XZ 100079d0 f i libcpmtd:xthrow.obj
 0001:000069f0       ??1invalid_argument@std@@UAE@XZ 100079f0 f i libcpmtd:xthrow.obj
 0001:00006a10       ??1length_error@std@@UAE@XZ 10007a10 f i libcpmtd:xthrow.obj
 0001:00006a30       ??1logic_error@std@@UAE@XZ 10007a30 f i libcpmtd:xthrow.obj
 0001:00006a50       ??1out_of_range@std@@UAE@XZ 10007a50 f i libcpmtd:xthrow.obj
 0001:00006a70       ??1overflow_error@std@@UAE@XZ 10007a70 f i libcpmtd:xthrow.obj
 0001:00006a90       ??1regex_error@std@@UAE@XZ 10007a90 f i libcpmtd:xthrow.obj
 0001:00006ab0       ??1runtime_error@std@@UAE@XZ 10007ab0 f i libcpmtd:xthrow.obj
 0001:00006ad0       ??_Ebad_function_call@std@@UAEPAXI@Z 10007ad0 f i libcpmtd:xthrow.obj
 0001:00006ad0       ??_Gbad_function_call@std@@UAEPAXI@Z 10007ad0 f i libcpmtd:xthrow.obj
 0001:00006b00       ??_Einvalid_argument@std@@UAEPAXI@Z 10007b00 f i libcpmtd:xthrow.obj
 0001:00006b00       ??_Ginvalid_argument@std@@UAEPAXI@Z 10007b00 f i libcpmtd:xthrow.obj
 0001:00006b30       ??_Glength_error@std@@UAEPAXI@Z 10007b30 f i libcpmtd:xthrow.obj
 0001:00006b30       ??_Elength_error@std@@UAEPAXI@Z 10007b30 f i libcpmtd:xthrow.obj
 0001:00006b60       ??_Elogic_error@std@@UAEPAXI@Z 10007b60 f i libcpmtd:xthrow.obj
 0001:00006b60       ??_Glogic_error@std@@UAEPAXI@Z 10007b60 f i libcpmtd:xthrow.obj
 0001:00006b90       ??_Eout_of_range@std@@UAEPAXI@Z 10007b90 f i libcpmtd:xthrow.obj
 0001:00006b90       ??_Gout_of_range@std@@UAEPAXI@Z 10007b90 f i libcpmtd:xthrow.obj
 0001:00006bc0       ??_Goverflow_error@std@@UAEPAXI@Z 10007bc0 f i libcpmtd:xthrow.obj
 0001:00006bc0       ??_Eoverflow_error@std@@UAEPAXI@Z 10007bc0 f i libcpmtd:xthrow.obj
 0001:00006bf0       ??_Eregex_error@std@@UAEPAXI@Z 10007bf0 f i libcpmtd:xthrow.obj
 0001:00006bf0       ??_Gregex_error@std@@UAEPAXI@Z 10007bf0 f i libcpmtd:xthrow.obj
 0001:00006c20       ??_Eruntime_error@std@@UAEPAXI@Z 10007c20 f i libcpmtd:xthrow.obj
 0001:00006c20       ??_Gruntime_error@std@@UAEPAXI@Z 10007c20 f i libcpmtd:xthrow.obj
 0001:00006c50       ?_Stringify@regex_error@std@@CAPBDW4error_type@regex_constants@2@@Z 10007c50 f i libcpmtd:xthrow.obj
 0001:00006d20       ?_Xbad_alloc@std@@YAXXZ    10007d20 f   libcpmtd:xthrow.obj
 0001:00006d40       ?_Xbad_function_call@std@@YAXXZ 10007d40 f   libcpmtd:xthrow.obj
 0001:00006d60       ?_Xinvalid_argument@std@@YAXPBD@Z 10007d60 f   libcpmtd:xthrow.obj
 0001:00006d90       ?_Xlength_error@std@@YAXPBD@Z 10007d90 f   libcpmtd:xthrow.obj
 0001:00006dc0       ?_Xout_of_range@std@@YAXPBD@Z 10007dc0 f   libcpmtd:xthrow.obj
 0001:00006df0       ?_Xoverflow_error@std@@YAXPBD@Z 10007df0 f   libcpmtd:xthrow.obj
 0001:00006e20       ?_Xregex_error@std@@YAXW4error_type@regex_constants@1@@Z 10007e20 f   libcpmtd:xthrow.obj
 0001:00006e50       ?_Xruntime_error@std@@YAXPBD@Z 10007e50 f   libcpmtd:xthrow.obj
 0001:00006e80       ?__empty_global_delete@@YAXPAX@Z 10007e80 f i libcpmtd:xthrow.obj
 0001:00006e90       ?__empty_global_delete@@YAXPAXI@Z 10007e90 f i libcpmtd:xthrow.obj
 0001:00006ea0       ?__empty_global_delete@@YAXPAXIW4align_val_t@std@@@Z 10007ea0 f i libcpmtd:xthrow.obj
 0001:00006eb0       ?__empty_global_delete@@YAXPAXW4align_val_t@std@@@Z 10007eb0 f i libcpmtd:xthrow.obj
 0001:00006ec0       ?what@bad_function_call@std@@UBEPBDXZ 10007ec0 f i libcpmtd:xthrow.obj
 0001:00006ed0       __Mtxdst                   10007ed0 f   libcpmtd:xmtx.obj
 0001:00006ee0       __Mtxinit                  10007ee0 f   libcpmtd:xmtx.obj
 0001:00006f00       __Mtxlock                  10007f00 f   libcpmtd:xmtx.obj
 0001:00006f10       __Mtxunlock                10007f10 f   libcpmtd:xmtx.obj
 0001:00006f20       ??2@YAPAXI@Z               10007f20 f   LIBCMTD:new_scalar.obj
 0001:00006f70       ??3@YAXPAXI@Z              10007f70 f   LIBCMTD:delete_scalar_size.obj
 0001:00006f90       ?configure_argv@__scrt_narrow_argv_policy@@SAHXZ 10007f90 f i LIBCMTD:utility.obj
 0001:00007040       ?initialize_environment@__scrt_narrow_environment_policy@@SAHXZ 10008040 f i LIBCMTD:utility.obj
 0001:000070c0       _NtCurrentTeb              100080c0 f i LIBCMTD:utility.obj
 0001:000070d0       ___scrt_acquire_startup_lock 100080d0 f   LIBCMTD:utility.obj
 0001:00007120       ___scrt_dllmain_after_initialize_c 10008120 f   LIBCMTD:utility.obj
 0001:00007150       ___scrt_dllmain_before_initialize_c 10008150 f   LIBCMTD:utility.obj
 0001:00007170       ___scrt_dllmain_crt_thread_attach 10008170 f   LIBCMTD:utility.obj
 0001:000071a0       ___scrt_dllmain_crt_thread_detach 100081a0 f   LIBCMTD:utility.obj
 0001:000071c0       ___scrt_dllmain_exception_filter 100081c0 f   LIBCMTD:utility.obj
 0001:00007210       ___scrt_dllmain_uninitialize_c 10008210 f   LIBCMTD:utility.obj
 0001:00007240       ___scrt_dllmain_uninitialize_critical 10008240 f   LIBCMTD:utility.obj
 0001:00007260       ___scrt_initialize_crt     10008260 f   LIBCMTD:utility.obj
 0001:000072b0       ___scrt_initialize_onexit_tables 100082b0 f   LIBCMTD:utility.obj
 0001:00007390       ___scrt_is_nonwritable_in_current_image 10008390 f   LIBCMTD:utility.obj
 0001:000074c0       ___scrt_release_startup_lock 100084c0 f   LIBCMTD:utility.obj
 0001:000074f0       ___scrt_uninitialize_crt   100084f0 f   LIBCMTD:utility.obj
 0001:00007530       __onexit                   10008530 f   LIBCMTD:utility.obj
 0001:000075a0       _at_quick_exit             100085a0 f   LIBCMTD:utility.obj
 0001:000075e0       _atexit                    100085e0 f   LIBCMTD:utility.obj
 0001:00007610       @__security_check_cookie@4 10008610 f   LIBCMTD:secchk.obj
 0001:00007620       ??1type_info@@UAE@XZ       10008620 f   LIBCMTD:std_type_info_static.obj
 0001:00007640       ??_Gtype_info@@UAEPAXI@Z   10008640 f i LIBCMTD:std_type_info_static.obj
 0001:00007640       ??_Etype_info@@UAEPAXI@Z   10008640 f i LIBCMTD:std_type_info_static.obj
 0001:00007b40       __CRT_INIT@12              10008b40 f   LIBCMTD:dll_dllmain.obj
 0001:00007b60       __DllMainCRTStartup@12     10008b60 f   LIBCMTD:dll_dllmain.obj
 0001:00007b90       ?__scrt_throw_std_bad_alloc@@YAXXZ 10008b90 f   LIBCMTD:throw_bad_alloc.obj
 0001:00007bb0       ?__scrt_throw_std_bad_array_new_length@@YAXXZ 10008bb0 f   LIBCMTD:throw_bad_alloc.obj
 0001:00007bd0       ??3@YAXPAX@Z               10008bd0 f   LIBCMTD:delete_scalar.obj
 0001:00007bf0       ___isa_available_init      10008bf0 f   LIBCMTD:cpu_disp.obj
 0001:00007f30       __get_startup_argv_mode    10008f30 f   LIBCMTD:argv_mode.obj
 0001:00007f40       ___scrt_is_ucrt_dll_in_use 10008f40 f   LIBCMTD:ucrt_detection.obj
 0001:00007f70       ___scrt_fastfail           10008f70 f   LIBCMTD:utility_desktop.obj
 0001:000080b0       ___scrt_get_show_window_mode 100090b0 f   LIBCMTD:utility_desktop.obj
 0001:000080f0       ___scrt_initialize_mta     100090f0 f   LIBCMTD:utility_desktop.obj
 0001:00008100       ___scrt_initialize_winrt   10009100 f   LIBCMTD:utility_desktop.obj
 0001:00008110       ___scrt_is_managed_app     10009110 f   LIBCMTD:utility_desktop.obj
 0001:000081a0       ___scrt_set_unhandled_exception_filter 100091a0 f   LIBCMTD:utility_desktop.obj
 0001:000081b0       ___scrt_stub_for_initialize_mta 100091b0 f   LIBCMTD:utility_desktop.obj
 0001:000081b0       ___scrt_exe_initialize_mta 100091b0 f   LIBCMTD:utility_desktop.obj
 0001:000081c0       ___scrt_unhandled_exception_filter@4 100091c0 f   LIBCMTD:utility_desktop.obj
 0001:00008240       __crt_debugger_hook        10009240 f   LIBCMTD:utility_desktop.obj
 0001:00008250       @_guard_check_icall_nop@4  10009250 f i LIBCMTD:guard_support.obj
 0001:00008260       _ReadNoFence               10009260 f i LIBCMTD:guard_support.obj
 0001:00008280       _ReadPointerNoFence        10009280 f i LIBCMTD:guard_support.obj
 0001:000082a0       ___castguard_check_failure_debugbreak 100092a0 f i LIBCMTD:guard_support.obj
 0001:000082c0       ___castguard_check_failure_fastfail 100092c0 f i LIBCMTD:guard_support.obj
 0001:000082e0       ___castguard_check_failure_nop 100092e0 f i LIBCMTD:guard_support.obj
 0001:000082f0       ___castguard_check_failure_os_handled 100092f0 f i LIBCMTD:guard_support.obj
 0001:00008370       ___castguard_slow_path_check_debugbreak 10009370 f i LIBCMTD:guard_support.obj
 0001:000083a0       ___castguard_slow_path_check_fastfail 100093a0 f i LIBCMTD:guard_support.obj
 0001:000083e0       ___castguard_slow_path_check_nop 100093e0 f i LIBCMTD:guard_support.obj
 0001:000083f0       ___castguard_slow_path_check_os_handled 100093f0 f i LIBCMTD:guard_support.obj
 0001:00008490       __guard_icall_checks_enforced 10009490 f i LIBCMTD:guard_support.obj
 0001:000084c0       ___raise_securityfailure   100094c0 f   LIBCMTD:gs_report.obj
 0001:000084f0       ___report_gsfailure        100094f0 f   LIBCMTD:gs_report.obj
 0001:00008600       ___report_rangecheckfailure 10009600 f   LIBCMTD:gs_report.obj
 0001:00008610       ___report_securityfailure  10009610 f   LIBCMTD:gs_report.obj
 0001:000086f0       ___report_securityfailureEx 100096f0 f   LIBCMTD:gs_report.obj
 0001:00008890       ___security_init_cookie    10009890 f   LIBCMTD:gs_support.obj
 0001:00008910       _DllMain@12                10009910 f   LIBCMTD:dll_dllmain_stub.obj
 0001:00008920       ?__scrt_initialize_type_info@@YAXXZ 10009920 f   LIBCMTD:tncleanup.obj
 0001:00008930       ?__scrt_uninitialize_type_info@@YAXXZ 10009930 f   LIBCMTD:tncleanup.obj
 0001:00008950       ___local_stdio_printf_options 10009950 f i LIBCMTD:default_local_stdio_options.obj
 0001:00008960       ___local_stdio_scanf_options 10009960 f i LIBCMTD:default_local_stdio_options.obj
 0001:00008970       ___scrt_initialize_default_local_stdio_options 10009970 f   LIBCMTD:default_local_stdio_options.obj
 0001:000089b0       ___scrt_get_dyn_tls_init_callback 100099b0 f   LIBCMTD:dyn_tls_init.obj
 0001:000089c0       __RTC_Initialize           100099c0 f   LIBCMTD:initsect.obj
 0001:000089f0       __RTC_Terminate            100099f0 f   LIBCMTD:initsect.obj
 0001:00008a20       _memcpy                    10009a20 f   libvcruntimed:memcpy.obj
 0001:00008fa0       ??$?RD@__crt_public_free_policy@@QBEXQBD@Z 10009fa0 f i libvcruntimed:std_exception.obj
 0001:00008fc0       ??0?$__crt_unique_heap_ptr@DU__crt_public_free_policy@@@@QAE@QAD@Z 10009fc0 f i libvcruntimed:std_exception.obj
 0001:00008fe0       ??1?$__crt_unique_heap_ptr@DU__crt_public_free_policy@@@@QAE@XZ 10009fe0 f i libvcruntimed:std_exception.obj
 0001:00009000       ??B?$__crt_unique_heap_ptr@DU__crt_public_free_policy@@@@QBE_NXZ 1000a000 f i libvcruntimed:std_exception.obj
 0001:00009020       ?detach@?$__crt_unique_heap_ptr@DU__crt_public_free_policy@@@@QAEPADXZ 1000a020 f i libvcruntimed:std_exception.obj
 0001:00009050       ?get@?$__crt_unique_heap_ptr@DU__crt_public_free_policy@@@@QBEPADXZ 1000a050 f i libvcruntimed:std_exception.obj
 0001:00009060       ?is_valid@?$__crt_unique_heap_ptr@DU__crt_public_free_policy@@@@QBE_NXZ 1000a060 f i libvcruntimed:std_exception.obj
 0001:00009090       ?release@?$__crt_unique_heap_ptr@DU__crt_public_free_policy@@@@QAEXXZ 1000a090 f i libvcruntimed:std_exception.obj
 0001:000090c0       ___std_exception_copy      1000a0c0 f   libvcruntimed:std_exception.obj
 0001:000091b0       ___std_exception_destroy   1000a1b0 f   libvcruntimed:std_exception.obj
 0001:000091e0       __CxxThrowException@8      1000a1e0 f   libvcruntimed:throw.obj
 0001:00009290       ??$?0AAViterator@TryBlockMap@__FrameHandler3@@AAV012@$0A@@?$pair@Viterator@TryBlockMap@__FrameHandler3@@V123@@std@@QAE@AAViterator@TryBlockMap@__FrameHandler3@@0@Z 1000a290 f i libvcruntimed:trnsctrl.obj
 0001:000092e0       ??$forward@AAViterator@TryBlockMap@__FrameHandler3@@@std@@YAAAViterator@TryBlockMap@__FrameHandler3@@AAV123@@Z 1000a2e0 f i libvcruntimed:trnsctrl.obj
 0001:000092f0       ??0iterator@TryBlockMap@__FrameHandler3@@QAE@AAV12@I@Z 1000a2f0 f i libvcruntimed:trnsctrl.obj
 0001:00009320       ?GetRangeOfTrysToCheck@__FrameHandler3@@SA?AU?$pair@Viterator@TryBlockMap@__FrameHandler3@@V123@@std@@AAVTryBlockMap@1@HPAXPBU_s_FuncInfo@@H@Z 1000a320 f   libvcruntimed:trnsctrl.obj
 0001:00009400       ?_CallCatchBlock2@@YAPAXPAUEHRegistrationNode@@PBU_s_FuncInfo@@PAXHK@Z 1000a400 f   libvcruntimed:trnsctrl.obj
 0001:00009470       ?_CallSETranslator@@YAHPAUEHExceptionRecord@@PAUEHRegistrationNode@@PAX2PBU_s_FuncInfo@@H1@Z 1000a470 f   libvcruntimed:trnsctrl.obj
 0001:00009580       ?_JumpToContinuation@@YGXPAXPAUEHRegistrationNode@@@Z 1000a580 f   libvcruntimed:trnsctrl.obj
 0001:000095c0       ?_UnwindNestedFrames@@YGXPAUEHRegistrationNode@@PAUEHExceptionRecord@@@Z 1000a5c0 f   libvcruntimed:trnsctrl.obj
 0001:00009620       __CatchGuardHandler        1000a620 f   libvcruntimed:trnsctrl.obj
 0001:00009670       __CreateFrameInfo          1000a670 f   libvcruntimed:trnsctrl.obj
 0001:000096a0       __FindAndUnlinkFrame       1000a6a0 f   libvcruntimed:trnsctrl.obj
 0001:00009710       __TranslatorGuardHandler   1000a710 f   libvcruntimed:trnsctrl.obj
 0001:000097c0       ___CxxFrameHandler         1000a7c0 f   libvcruntimed:trnsctrl.obj
 0001:00009800       ___CxxFrameHandler2        1000a800 f   libvcruntimed:trnsctrl.obj
 0001:00009840       ___CxxFrameHandler3        1000a840 f   libvcruntimed:trnsctrl.obj
 0001:00009880       ___CxxLongjmpUnwind@4      1000a880 f   libvcruntimed:trnsctrl.obj
 0001:000098c0       _memset                    1000a8c0 f   libvcruntimed:memset.obj
 0001:00009a20       ___vcrt_initialize         1000aa20 f   libvcruntimed:initialization.obj
 0001:00009a60       ___vcrt_thread_attach      1000aa60 f   libvcruntimed:initialization.obj
 0001:00009a80       ___vcrt_thread_detach      1000aa80 f   libvcruntimed:initialization.obj
 0001:00009aa0       ___vcrt_uninitialize       1000aaa0 f   libvcruntimed:initialization.obj
 0001:00009ac0       ___vcrt_uninitialize_critical 1000aac0 f   libvcruntimed:initialization.obj
 0001:00009b40       __except_handler4          1000ab40 f   libvcruntimed:chandler4.obj
 0001:00009d30       ___DestructExceptionObject 1000ad30 f   libvcruntimed:ehhelpers.obj
 0001:00009e50       ?_CallMemberFunction0@@YGXQAX0@Z 1000ae50 f i libvcruntimed:ehhelpers.obj
 0001:00009ef0       ?raw_name@type_info@@QBEPBDXZ 1000aef0 f i libvcruntimed:ehhelpers.obj
 0001:00009f10       __IsExceptionObjectToBeDestroyed 1000af10 f   libvcruntimed:ehhelpers.obj
 0001:00009f50       __SetWinRTOutOfMemoryExceptionCallback 1000af50 f   libvcruntimed:ehhelpers.obj
 0001:00009f60       ___AdjustPointer           1000af60 f   libvcruntimed:ehhelpers.obj
 0001:00009fb0       ___FrameUnwindFilter       1000afb0 f   libvcruntimed:ehhelpers.obj
 0001:0000a040       ___GetPlatformExceptionInfo 1000b040 f   libvcruntimed:ehhelpers.obj
 0001:0000a0c0       ___current_exception       1000b0c0 f   libvcruntimed:ehhelpers.obj
 0001:0000a0d0       ___current_exception_context 1000b0d0 f   libvcruntimed:ehhelpers.obj
 0001:0000a0e0       ___processing_throw        1000b0e0 f   libvcruntimed:ehhelpers.obj
 0001:0000a0f0       ___std_terminate           1000b0f0 f   libvcruntimed:ehhelpers.obj
 0001:0000a100       __is_exception_typeof      1000b100 f   libvcruntimed:ehhelpers.obj
 0001:0000a200       ??$?RD@__crt_internal_free_policy@@QBEXQBD@Z 1000b200 f i libvcruntimed:std_type_info.obj
 0001:0000a220       ??$?RX@__crt_internal_free_policy@@QBEXQBX@Z 1000b220 f i libvcruntimed:std_type_info.obj
 0001:0000a240       ??$__crt_interlocked_compare_exchange_pointer@$$CBDPAD$$T@@YAPBDPDSBDQAD$$T@Z 1000b240 f i libvcruntimed:std_type_info.obj
 0001:0000a260       ??$__crt_interlocked_read_pointer@$$CBD@@YAPBDPDSBD@Z 1000b260 f i libvcruntimed:std_type_info.obj
 0001:0000a280       ??0?$__crt_unique_heap_ptr@DU__crt_internal_free_policy@@@@QAE@QAD@Z 1000b280 f i libvcruntimed:std_type_info.obj
 0001:0000a2a0       ??0?$__crt_unique_heap_ptr@XU__crt_internal_free_policy@@@@QAE@QAX@Z 1000b2a0 f i libvcruntimed:std_type_info.obj
 0001:0000a2c0       ??1?$__crt_unique_heap_ptr@DU__crt_internal_free_policy@@@@QAE@XZ 1000b2c0 f i libvcruntimed:std_type_info.obj
 0001:0000a2e0       ??1?$__crt_unique_heap_ptr@XU__crt_internal_free_policy@@@@QAE@XZ 1000b2e0 f i libvcruntimed:std_type_info.obj
 0001:0000a300       ??B?$__crt_unique_heap_ptr@DU__crt_internal_free_policy@@@@QBE_NXZ 1000b300 f i libvcruntimed:std_type_info.obj
 0001:0000a320       ??B?$__crt_unique_heap_ptr@XU__crt_internal_free_policy@@@@QBE_NXZ 1000b320 f i libvcruntimed:std_type_info.obj
 0001:0000a3b0       ?__crt_interlocked_read_32@@YAHPDH@Z 1000b3b0 f i libvcruntimed:std_type_info.obj
 0001:0000a3d0       ?detach@?$__crt_unique_heap_ptr@XU__crt_internal_free_policy@@@@QAEPAXXZ 1000b3d0 f i libvcruntimed:std_type_info.obj
[...]
 0002:00023324       __ehfuncinfo$??1?$__crt_win32_buffer@_WU__crt_win32_buffer_internal_dynamic_resizing@@@@QAE@XZ 100a4324     libucrtd:argv_wildcards.obj
 0002:00023348       __ehfuncinfo$??1?$__crt_win32_buffer@DU__crt_win32_buffer_internal_dynamic_resizing@@@@QAE@XZ 100a4348     libucrtd:argv_wildcards.obj
 0002:00023370       __sehtable$?update_thread_multibyte_data_internal@@YAPAU__crt_multibyte_data@@QAU__acrt_ptd@@QAPAU1@@Z 100a4370     libucrtd:mbctype.obj
 0002:00023390       __sehtable$??$?RV<lambda_b5fb591949065c3fa449bad279e8c939>@@AAV<lambda_6c10a39a819b864ce80acc26b314dcd3>@@V<lambda_e567670a9eae49807d365f3e9c117712>@@@?$__crt_seh_guarded_call@X@@QAEX$$QAV<lambda_b5fb591949065c3fa449bad279e8c939>@@AAV<lambda_6c10a39a819b864ce80acc26b314dcd3>@@$$QAV<lambda_e567670a9eae49807d365f3e9c117712>@@@Z 100a4390     libucrtd:mbctype.obj
 0002:000233b0       __sehtable$___acrt_initialize_lowio 100a43b0     libucrtd:ioinit.obj
 0002:000233d0       __sehtable$__free_locale   100a43d0     libucrtd:wsetlocale.obj
 0002:000233f8       __sehtable$??$?RV<lambda_e5124f882df8998aaf41531e079ba474>@@AAV<lambda_3e16ef9562a7dcce91392c22ab16ea36>@@V<lambda_e25ca0880e6ef98be67edffd8c599615>@@@?$__crt_seh_guarded_call@X@@QAEX$$QAV<lambda_e5124f882df8998aaf41531e079ba474>@@AAV<lambda_3e16ef9562a7dcce91392c22ab16ea36>@@$$QAV<lambda_e25ca0880e6ef98be67edffd8c599615>@@@Z 100a43f8     libucrtd:wsetlocale.obj
 0002:00023418       __sehtable$??$?RV<lambda_82aef432098b982f9ede325b418aa67a>@@AAV<lambda_862e9a3f04921db6ca1ce3faa2bf3edf>@@V<lambda_ffabc152e504b53d7492b9889b10c020>@@@?$__crt_seh_guarded_call@X@@QAEX$$QAV<lambda_82aef432098b982f9ede325b418aa67a>@@AAV<lambda_862e9a3f04921db6ca1ce3faa2bf3edf>@@$$QAV<lambda_ffabc152e504b53d7492b9889b10c020>@@@Z 100a4418     libucrtd:wsetlocale.obj
 0002:00023438       __sehtable$??$?RV<lambda_6673f7c4c09a5d469d0c27ae364621ce>@@AAV<lambda_ebab98244f73a74f49db879bf13fa982>@@V<lambda_be20789b7a146653eab82509ec35b419>@@@?$__crt_seh_guarded_call@X@@QAEX$$QAV<lambda_6673f7c4c09a5d469d0c27ae364621ce>@@AAV<lambda_ebab98244f73a74f49db879bf13fa982>@@$$QAV<lambda_be20789b7a146653eab82509ec35b419>@@@Z 100a4438     libucrtd:wsetlocale.obj
 0002:00023458       __sehtable$??$?RV<lambda_0ff85b93027346d7432bb3023aec6ca2>@@AAV<lambda_68d7bddd96f25fcce1ffdf2015caa5ef>@@V<lambda_76dfb5fad0972d29fc31689647b14724>@@@?$__crt_seh_guarded_call@X@@QAEX$$QAV<lambda_0ff85b93027346d7432bb3023aec6ca2>@@AAV<lambda_68d7bddd96f25fcce1ffdf2015caa5ef>@@$$QAV<lambda_76dfb5fad0972d29fc31689647b14724>@@@Z 100a4458     libucrtd:wsetlocale.obj
 0002:00023478       __sehtable$??$?RV<lambda_e3d3a36ab7e68c499af6ccbe85f8d9f4>@@AAV<lambda_c71b65d7ce90e870fe94dc13983de2af>@@AAV<lambda_02db5278e8aef8b5e4976579d73f5304>@@@?$__crt_seh_guarded_call@X@@QAEX$$QAV<lambda_e3d3a36ab7e68c499af6ccbe85f8d9f4>@@AAV<lambda_c71b65d7ce90e870fe94dc13983de2af>@@AAV<lambda_02db5278e8aef8b5e4976579d73f5304>@@@Z 100a4478     libucrtd:wsetlocale.obj
 0002:00023494       __unwindtable$?fp_format_a@@YAHQBNPADIQADIH_NIQAU__crt_locale_pointers@@W4__acrt_rounding_mode@@@Z 100a4494     libucrtd:cvt.obj
 0002:0002349c       __ehfuncinfo$?fp_format_a@@YAHQBNPADIQADIH_NIQAU__crt_locale_pointers@@W4__acrt_rounding_mode@@@Z 100a449c     libucrtd:cvt.obj
 0002:000234c0       __sehtable$_fputwc         100a44c0     libucrtd:fputwc.obj
 0002:000234e0       __sehtable$_fputc          100a44e0     libucrtd:fputc.obj
 0002:00023500       __sehtable$___acrt_update_thread_locale_data 100a4500     libucrtd:locale_refcounting.obj
 0002:0002351c       __unwindtable$?_wcstombs_l_helper@@YAIPADPB_WIPAU__crt_locale_pointers@@@Z 100a451c     libucrtd:wcstombs.obj
 0002:00023524       __ehfuncinfo$?_wcstombs_l_helper@@YAIPADPB_WIPAU__crt_locale_pointers@@@Z 100a4524     libucrtd:wcstombs.obj
 0002:00023548       __unwindtable$?shortsort@@YAXPAD0IP6AHPBX1@Z@Z 100a4548     libucrtd:qsort.obj
 0002:00023550       __ehfuncinfo$?shortsort@@YAXPAD0IP6AHPBX1@Z@Z 100a4550     libucrtd:qsort.obj
 0002:00023578       __sehtable$__open_osfhandle 100a4578     libucrtd:osfinfo.obj
 0002:00023598       __sehtable$__alloc_osfhnd  100a4598     libucrtd:osfinfo.obj
 0002:000235b8       __sehtable$___acrt_lowio_ensure_fh_exists 100a45b8     libucrtd:osfinfo.obj
 0002:000235d8       __sehtable$??$?RV<lambda_2866be3712abc81a800a822484c830d8>@@AAV<lambda_39ca0ed439415581b5b15c265174cece>@@V<lambda_2b24c74d71094a6cd0cb82e44167d71b>@@@?$__crt_seh_guarded_call@X@@QAEX$$QAV<lambda_2866be3712abc81a800a822484c830d8>@@AAV<lambda_39ca0ed439415581b5b15c265174cece>@@$$QAV<lambda_2b24c74d71094a6cd0cb82e44167d71b>@@@Z 100a45d8     libucrtd:fflush.obj
 0002:000235f8       __sehtable$??$?RV<lambda_2cc53f568c5a2bb6f192f930a45d44ea>@@AAV<lambda_ab61a845afdef5b7c387490eaf3616ee>@@V<lambda_c2ffc0b7726aa6be21d5f0026187e748>@@@?$__crt_seh_guarded_call@X@@QAEX$$QAV<lambda_2cc53f568c5a2bb6f192f930a45d44ea>@@AAV<lambda_ab61a845afdef5b7c387490eaf3616ee>@@$$QAV<lambda_c2ffc0b7726aa6be21d5f0026187e748>@@@Z 100a45f8     libucrtd:fflush.obj
 0002:00023618       __sehtable$??$?RV<lambda_6d20deecaf4856105ebacbad442d1079>@@AAV<lambda_9a32fed5bf61b6b509b2d3f6003082a1>@@V<lambda_63ea2239ed67c638ddbae41947fdf875>@@@?$__crt_seh_guarded_call@H@@QAEH$$QAV<lambda_6d20deecaf4856105ebacbad442d1079>@@AAV<lambda_9a32fed5bf61b6b509b2d3f6003082a1>@@$$QAV<lambda_63ea2239ed67c638ddbae41947fdf875>@@@Z 100a4618     libucrtd:fflush.obj
 0002:00023638       __sehtable$__fcloseall     100a4638     libucrtd:closeall.obj
 0002:00023654       __unwindtable$?_wcrtomb_s_l@@YAHQAHQADI_WQAU_Mbstatet@@QAU__crt_locale_pointers@@@Z 100a4654     libucrtd:wcrtomb.obj
 0002:0002365c       __ehfuncinfo$?_wcrtomb_s_l@@YAHQAHQADI_WQAU_Mbstatet@@QAU__crt_locale_pointers@@@Z 100a465c     libucrtd:wcrtomb.obj
 0002:00023680       __sehtable$??$?RV<lambda_73934b50d04267ee15484ada9e51f93a>@@AAV<lambda_5533cddd4bda0037814beee657757329>@@V<lambda_505f522a38cc75b1e009910344c75d09>@@@?$__crt_seh_guarded_call@H@@QAEH$$QAV<lambda_73934b50d04267ee15484ada9e51f93a>@@AAV<lambda_5533cddd4bda0037814beee657757329>@@$$QAV<lambda_505f522a38cc75b1e009910344c75d09>@@@Z 100a4680     libucrtd:commit.obj
 0002:000236a0       __sehtable$__write         100a46a0     libucrtd:write.obj
 0002:000236c0       __sehtable$??$common_lseek@J@@YAJHJH@Z 100a46c0     libucrtd:lseek.obj
 0002:000236e0       __sehtable$??$common_lseek@_J@@YA_JH_JH@Z 100a46e0     libucrtd:lseek.obj
 0002:00023700       __sehtable$_fclose         100a4700     libucrtd:fclose.obj
 0002:00023720       __sehtable$___set_fpsr_sse2 100a4720     libucrtd:fpctrl.obj
 0002:00023740       __sehtable$??$?RV<lambda_f828341fbe69b7c0d4c527b01f22877f>@@AAV<lambda_9e0b6ab72a5b3ae37ad997d08b519f50>@@V<lambda_f01deac0a8d65d6e0411edf7e0af5775>@@@?$__crt_seh_guarded_call@G@@QAEG$$QAV<lambda_f828341fbe69b7c0d4c527b01f22877f>@@AAV<lambda_9e0b6ab72a5b3ae37ad997d08b519f50>@@$$QAV<lambda_f01deac0a8d65d6e0411edf7e0af5775>@@@Z 100a4740     libucrtd:putwch.obj
 0002:00023760       __sehtable$__read          100a4760     libucrtd:read.obj
 0002:00023780       __sehtable$??$?RV<lambda_e683defbe2e5a27c42b5544acbb13393>@@AAV<lambda_4e7105787b7b0e0227fbf2b2d883fa65>@@V<lambda_80a887151cae997482d53eaa74bb832b>@@@?$__crt_seh_guarded_call@H@@QAEH$$QAV<lambda_e683defbe2e5a27c42b5544acbb13393>@@AAV<lambda_4e7105787b7b0e0227fbf2b2d883fa65>@@$$QAV<lambda_80a887151cae997482d53eaa74bb832b>@@@Z 100a4780     libucrtd:close.obj
 0002:000237a0       __sehtable$?__acrt_stdio_allocate_stream@@YA?AV__crt_stdio_stream@@XZ 100a47a0     libucrtd:stream.obj
 0002:000237c0       __sehtable$__IsNonwritableInCurrentImage 100a47c0     LIBCMTD:pesect.obj
 0002:000237e0       .edata                     100a47e0     capldll.exp
 0002:00023808       rgpv                       100a4808     capldll.exp
 0002:00023854       rgszName                   100a4854     capldll.exp
 0002:000238a0       rgwOrd                     100a48a0     capldll.exp
 0002:000238c6       szName                     100a48c6     capldll.exp
 0002:000238d2       $N00001                    100a48d2     capldll.exp
 0002:000238e3       $N00002                    100a48e3     capldll.exp
 0002:00023939       $N00003                    100a4939     capldll.exp
 0002:00023990       $N00004                    100a4990     capldll.exp
 0002:000239a0       $N00005                    100a49a0     capldll.exp
 0002:000239af       $N00006                    100a49af     capldll.exp
 0002:000239cb       $N00007                    100a49cb     capldll.exp
 0002:000239e9       $N00008                    100a49e9     capldll.exp
 0002:000239fa       $N00009                    100a49fa     capldll.exp
 0002:00023a12       $N00010                    100a4a12     capldll.exp
 0002:00023a22       $N00011                    100a4a22     capldll.exp
 0002:00023a3e       $N00012                    100a4a3e     capldll.exp
 0002:00023a5c       $N00013                    100a4a5c     capldll.exp
 0002:00023a72       $N00014                    100a4a72     capldll.exp
 0002:00023a88       $N00015                    100a4a88     capldll.exp
 0002:00023a9e       $N00016                    100a4a9e     capldll.exp
 0002:00023aae       $N00017                    100a4aae     capldll.exp
 0002:00023abe       $N00018                    100a4abe     capldll.exp
 0002:00023ad1       $N00019                    100a4ad1     capldll.exp
 0002:00024290       .idata$6                   100a5290     kernel32:KERNEL32.dll
 0003:00000550       $SG13895                   100a6550     ent.obj
 0003:00000554       $SG13896                   100a6554     ent.obj
 0003:000005bc       ?init@std@@3JA             100a65bc     libcpmtd:xlock.obj
 0003:000005e0       ?__vcrt_flsindex@@3KA      100a65e0     libvcruntimed:per_thread_data.obj
 0003:000005f0       ?prefix@?1??getDimension@UnDecorator@@CA?AVDName@@_N@Z@4UStringLiteral@@A 100a65f0     libvcruntimed:undname.obj
 0003:00000610       ?__acrt_current_request_number@@3JA 100a6610     libucrtd:debug_heap.obj
 0003:00000620       ?__acrt_flsindex@@3KA      100a6620     libucrtd:per_thread_data.obj
 0003:00000640       ?errno_no_memory@@3HA      100a6640     libucrtd:errno.obj
 0003:00000644       ?doserrno_no_memory@@3KA   100a6644     libucrtd:errno.obj
 0003:00000870       __mbctypes                 100a6870     libucrtd:mbctype.obj
 0003:00000978       __mbcasemaps               100a6978     libucrtd:mbctype.obj
 0003:00000a78       ?__rgctypeflag@@3PADA      100a6a78     libucrtd:mbctype.obj
 0003:00000a80       ?__rgcode_page_info@@3PAUcode_page_info@@A 100a6a80     libucrtd:mbctype.obj
 0003:00000c74       __ctype_loc_style          100a6c74     libucrtd:wsetlocale.obj
 0003:00000c78       ?__acrt_debug_fill_threshold@@3IA 100a6c78     libucrtd:debug_fill_threshold.obj
 0003:00000da0       ?__DAZ_ENABLED@?1??__set_fpsr_sse2@@9@9 100a6da0     libucrtd:fpctrl.obj
 0003:00000eb0       ?__dcrt_lowio_console_output_handle@@3PAXA 100a6eb0     libucrtd:initcon.obj
 0003:00001118       ?data@@3IA                 100a7118     capldll.obj
 0003:00001120       ?dlldata@@3PADA            100a7120     capldll.obj
 0003:00001188       _binary                    100a7188     randtest.obj
 0003:0000118c       _totalc                    100a718c     randtest.obj
 0003:00001190       _ccount                    100a7190     randtest.obj
 0003:00001590       _prob                      100a7590     randtest.obj
 0003:00001d90       _mp                        100a7d90     randtest.obj
 0003:00001d94       _sccfirst                  100a7d94     randtest.obj
 0003:00001d98       _monte                     100a7d98     randtest.obj
 0003:00001db0       _inmont                    100a7db0     randtest.obj
 0003:00001db4       _mcount                    100a7db4     randtest.obj
 0003:00001db8       _cexp                      100a7db8     randtest.obj
 0003:00001dc0       _incirc                    100a7dc0     randtest.obj
 0003:00001dc8       _montex                    100a7dc8     randtest.obj
 0003:00001dd0       _montey                    100a7dd0     randtest.obj
 0003:00001dd8       _montepi                   100a7dd8     randtest.obj
 0003:00001de0       _scc                       100a7de0     randtest.obj
 0003:00001de8       _sccun                     100a7de8     randtest.obj
 0003:00001df0       _sccu0                     100a7df0     randtest.obj
 0003:00001df8       _scclast                   100a7df8     randtest.obj
 0003:00001e00       _scct1                     100a7e00     randtest.obj
 0003:00001e08       _scct2                     100a7e08     randtest.obj
 0003:00001e10       _scct3                     100a7e10     randtest.obj
 0003:00001e18       _ent                       100a7e18     randtest.obj
 0003:00001e20       _chisq                     100a7e20     randtest.obj
 0003:00001e28       _datasum                   100a7e28     randtest.obj
 0003:00001e30       ?initlocks@std@@3V_Init_locks@1@A 100a7e30     libcpmtd:xlock.obj
 0003:00001e38       ?mtx@std@@3PAU_RTL_CRITICAL_SECTION@@A 100a7e38     libcpmtd:xlock.obj
 0003:00001f00       ?is_initialized_as_dll@@3_NA 100a7f00     LIBCMTD:utility.obj
 0003:00001f01       ?module_local_atexit_table_initialized@@3_NA 100a7f01     LIBCMTD:utility.obj
 0003:00001f04       ?module_local_atexit_table@@3U_onexit_table_t@@A 100a7f04     LIBCMTD:utility.obj
 0003:00001f10       ?module_local_at_quick_exit_table@@3U_onexit_table_t@@A 100a7f10     LIBCMTD:utility.obj
 0003:00001f1c       ?__proc_attached@@3HA      100a7f1c     LIBCMTD:dll_dllmain.obj
 0003:00001f30       _GS_ExceptionRecord        100a7f30     LIBCMTD:gs_report.obj
 0003:00001f80       _GS_ContextRecord          100a7f80     LIBCMTD:gs_report.obj
 0003:0000226c       ?__vcrt_startup_thread_ptd@@3U__vcrt_ptd@@A 100a826c     libvcruntimed:per_thread_data.obj
 0003:00002294       ___vcrt_lock_table         100a8294     libvcruntimed:locks.obj
 0003:000022ac       ___vcrt_locks_initialized  100a82ac     libvcruntimed:locks.obj
 0003:000022d8       ?heap@@3V_HeapManager@@A   100a82d8     libvcruntimed:undname.obj
 0003:000022f0       ?buf@?1??dbGetString@DName@@QBEPADXZ@4PADA 100a82f0     libvcruntimed:undname.obj
 0003:00002340       ?module_handles@@3PAPAUHINSTANCE__@@A 100a8340     libvcruntimed:winapi_downlevel.obj
 0003:0000234c       ?function_pointers@@3PAPAXA 100a834c     libvcruntimed:winapi_downlevel.obj
 0003:00002364       ?__acrt_invalid_parameter_handler@@3V?$dual_state_global@P6AXPB_W00II@Z@__crt_state_management@@A 100a8364     libucrtd:invalid_parameter.obj
 0003:00002368       ?__acrt_lock_table@@3PAU_RTL_CRITICAL_SECTION@@A 100a8368     libucrtd:locks.obj
 0003:000024b8       ?__acrt_locks_initialized@@3IA 100a84b8     libucrtd:locks.obj
 0003:000024bc       ?__acrt_new_handler@@3V?$dual_state_global@P6AHI@Z@__crt_state_management@@A 100a84bc     libucrtd:new_handler.obj
 0003:000024c0       ?c_termination_complete@@3JA 100a84c0     libucrtd:exit.obj
 0003:000024c4       ?thread_local_exit_callback_func@@3P6GXPAXK0@ZA 100a84c4     libucrtd:exit.obj
 0003:000024d0       ?program_name@?1???$common_configure_argv@D@@YAHW4_crt_argv_mode@@@Z@4PADA 100a84d0     libucrtd:argv_parsing.obj
 0003:000025d8       ?program_name@?1???$common_configure_argv@_W@@YAHW4_crt_argv_mode@@@Z@4PA_WA 100a85d8     libucrtd:argv_parsing.obj
 0003:0000280c       ?__acrt_first_block@@3PAU_CrtMemBlockHeader@@A 100a880c     libucrtd:debug_heap.obj
 0003:00002810       ?__acrt_last_block@@3PAU_CrtMemBlockHeader@@A 100a8810     libucrtd:debug_heap.obj
 0003:00002814       ?__acrt_total_allocations@@3IA 100a8814     libucrtd:debug_heap.obj
 0003:00002818       ?__acrt_current_allocations@@3IA 100a8818     libucrtd:debug_heap.obj
 0003:0000281c       ?__acrt_max_allocations@@3IA 100a881c     libucrtd:debug_heap.obj
 0003:00002820       ?__acrt_check_frequency@@3IA 100a8820     libucrtd:debug_heap.obj
 0003:00002824       ?__acrt_check_counter@@3IA 100a8824     libucrtd:debug_heap.obj
 0003:0000282c       ?heap_validation_pending@@3_NA 100a882c     libucrtd:debug_heap.obj
 0003:0000283c       ?console_ctrl_handler_installed@@3_NA 100a883c     libucrtd:signal.obj
 0003:00002840       ?ctrlc_action@@3V?$dual_state_global@P6AXH@Z@__crt_state_management@@A 100a8840     libucrtd:signal.obj
 0003:00002844       ?ctrlbreak_action@@3V?$dual_state_global@P6AXH@Z@__crt_state_management@@A 100a8844     libucrtd:signal.obj
 0003:00002848       ?abort_action@@3V?$dual_state_global@P6AXH@Z@__crt_state_management@@A 100a8848     libucrtd:signal.obj
 0003:0000284c       ?term_action@@3V?$dual_state_global@P6AXH@Z@__crt_state_management@@A 100a884c     libucrtd:signal.obj
 0003:00002850       ?module_handles@@3PAPAUHINSTANCE__@@A 100a8850     libucrtd:winapi_thunks.obj
 0003:000028a0       ?encoded_function_pointers@@3PAPAXA 100a88a0     libucrtd:winapi_thunks.obj
 0003:00002928       ?static_enum_proc@?1??enum_system_locales_ex_nolock@@YAHQ6GHPA_WKJ@Z@Z@4P6GH0KJ@ZA 100a8928     libucrtd:winapi_thunks.obj
 0003:0000292c       ?state_cache@?1???$get_cached_win_policy@Ubegin_thread_init_policy_properties@?1??__acrt_get_begin_thread_init_policy@@YA?AW4begin_thread_init_policy@@XZ@@@YA?AW4begin_thread_init_policy@@W4AppPolicyThreadInitializationType@@@Z@4JA 100a892c     libucrtd:win_policies.obj
 0003:00002930       ?state_cache@?1???$get_cached_win_policy@Udeveloper_information_policy_properties@?1??__acrt_get_developer_information_policy@@YA?AW4developer_information_policy@@XZ@@@YA?AW4developer_information_policy@@W4AppPolicyShowDeveloperDiagnostic@@@Z@4JA 100a8930     libucrtd:win_policies.obj
 0003:00002934       ?state_cache@?1???$get_cached_win_policy@Uwindowing_model_policy_properties@?1??__acrt_get_windowing_model_policy@@YA?AW4windowing_model_policy@@XZ@@@YA?AW4windowing_model_policy@@W4AppPolicyWindowingModel@@@Z@4JA 100a8934     libucrtd:win_policies.obj
 0003:00002944       ?fSystemSet@@3HA           100a8944     libucrtd:mbctype.obj
 0003:00002948       ?initialized@?1??__acrt_initialize_multibyte@@9@4_NA 100a8948     libucrtd:mbctype.obj
 0003:00002b74       ?user_matherr@@3V?$dual_state_global@P6AHPAU_exception@@@Z@__crt_state_management@@A 100a8b74     libucrtd:matherr.obj
 0003:00002b84       ?__acrt_global_new_mode@@3V?$dual_state_global@J@__crt_state_management@@A 100a8b84     libucrtd:new_mode.obj
 0003:00002b8c       ?__acrt_app_type@@3W4_crt_app_type@@A 100a8b8c     libucrtd:report_runtime_error.obj
 0003:00002b90       ?outmsg@?9??__acrt_report_runtime_error@@9@4PA_WA 100a8b90     libucrtd:report_runtime_error.obj
 0003:000031b8       ?internal_state@?1??_mbtowc_l@@9@4U_Mbstatet@@A 100a91b8     libucrtd:mbtowc.obj
 0003:000031cc       ?enable_percent_n@@3IA     100a91cc     libucrtd:printf_count_output.obj
 0003:000031d0       __pmatherr_set             100a91d0     libucrtd:libm_error.obj
 0003:000031e0       ___acrt_error_mode         100a91e0     libucrtd:set_error_mode.obj
 0003:000031e4       ?mbst@?1??mbrlen@@9@4U_Mbstatet@@A 100a91e4     libucrtd:mbrtowc.obj
 0003:000031ec       ?mbst@?1??mbrtowc@@9@4U_Mbstatet@@A 100a91ec     libucrtd:mbrtowc.obj
 0003:000031f4       ?mbst@?1??_mbsrtowcs_helper@@YAIPA_WPAPBDIPAU_Mbstatet@@@Z@4U2@A 100a91f4     libucrtd:mbrtowc.obj
 0003:000031fc       ?local_state@?6??_wcrtomb_s_l@@YAHQAHQADI_WQAU_Mbstatet@@QAU__crt_locale_pointers@@@Z@4U2@A 100a91fc     libucrtd:wcrtomb.obj
 0003:00003204       ?internal_pst@?1??__mbrtoc32_utf8@__crt_mbstring@@YAIPA_UPBDIPAU_Mbstatet@@@Z@4U3@A 100a9204     libucrtd:mbrtoc32.obj
 0003:0000320c       ?internal_pst@?1??__c16rtomb_utf8@__crt_mbstring@@YAIPAD_SPAU_Mbstatet@@@Z@4U3@A 100a920c     libucrtd:c16rtomb.obj
 0004:00000060       $R000000                   100aa060     * linker generated manifest res *
